0 verbose cli C:\nvm4w\nodejs\node.exe C:\nvm4w\nodejs\node_modules\npm\bin\npm-cli.js
1 info using npm@11.6.2
2 info using node@v24.13.0
3 silly config load:file:C:\Users\Administrator\AppData\Local\nvm\v24.13.0\node_modules\npm\npmrc
4 silly config load:file:C:\Users\Administrator\OneDrive - Innlandet fylkeskommune\Skrivebord\Case Battle\Case-Battle\.npmrc
5 silly config load:file:C:\Users\Administrator\.npmrc
6 silly config load:file:C:\nvm4w\nodejs\etc\npmrc
7 verbose title npm install
8 verbose argv "install"
9 verbose logfile logs-max:10 dir:C:\Users\Administrator\OneDrive - Innlandet fylkeskommune\Skrivebord\Case Battle\Case-Battle\.npm-cache\_logs\2026-05-04T12_51_38_289Z-
10 verbose logfile C:\Users\Administrator\OneDrive - Innlandet fylkeskommune\Skrivebord\Case Battle\Case-Battle\.npm-cache\_logs\2026-05-04T12_51_38_289Z-debug-0.log
11 silly logfile done cleaning log files
12 silly packumentCache heap:4496293888 maxSize:1124073472 maxEntrySize:562036736
13 verbose shrinkwrap failed to load node_modules/.package-lock.json out of date, updated: node_modules
14 silly idealTree buildDeps
15 silly fetch manifest @prisma/client@^6.0.0
16 silly packumentCache full:https://registry.npmjs.org/@prisma%2fclient cache-miss
17 http cache https://registry.npmjs.org/@prisma%2fclient 1897ms (cache hit)
18 silly packumentCache full:https://registry.npmjs.org/@prisma%2fclient set size:67782950 disposed:false
19 silly fetch manifest prisma@^6.0.0
20 silly packumentCache full:https://registry.npmjs.org/prisma cache-miss
21 http cache https://registry.npmjs.org/prisma 496ms (cache hit)
22 silly packumentCache full:https://registry.npmjs.org/prisma set size:43213814 disposed:false
23 silly fetch manifest typescript@^5
24 silly packumentCache full:https://registry.npmjs.org/typescript cache-miss
25 http fetch GET 200 https://registry.npmjs.org/typescript 293ms (cache revalidated)
26 silly packumentCache full:https://registry.npmjs.org/typescript set size:15409943 disposed:false
27 silly placeDep ROOT @prisma/client@6.19.3 REPLACE for: skinforge@0.1.0 want: ^6.0.0
28 silly placeDep ROOT prisma@6.19.3 REPLACE for: skinforge@0.1.0 want: ^6.0.0
29 silly fetch manifest @prisma/config@6.19.3
30 silly packumentCache full:https://registry.npmjs.org/@prisma%2fconfig cache-miss
31 silly fetch manifest @prisma/engines@6.19.3
32 silly packumentCache full:https://registry.npmjs.org/@prisma%2fengines cache-miss
33 http cache https://registry.npmjs.org/@prisma%2fconfig 62ms (cache hit)
34 silly packumentCache full:https://registry.npmjs.org/@prisma%2fconfig set size:3769368 disposed:false
35 http cache https://registry.npmjs.org/@prisma%2fengines 123ms (cache hit)
36 silly packumentCache full:https://registry.npmjs.org/@prisma%2fengines set size:21750827 disposed:false
37 silly placeDep ROOT @prisma/config@6.19.3 OK for: prisma@6.19.3 want: 6.19.3
38 silly placeDep ROOT @prisma/engines@6.19.3 OK for: prisma@6.19.3 want: 6.19.3
39 silly fetch manifest c12@3.1.0
40 silly packumentCache full:https://registry.npmjs.org/c12 cache-miss
41 silly fetch manifest effect@3.21.0
42 silly packumentCache full:https://registry.npmjs.org/effect cache-miss
43 silly fetch manifest empathic@2.0.0
44 silly packumentCache full:https://registry.npmjs.org/empathic cache-miss
45 silly fetch manifest deepmerge-ts@7.1.5
46 silly packumentCache full:https://registry.npmjs.org/deepmerge-ts cache-miss
47 silly fetch manifest @prisma/debug@6.19.3
48 silly packumentCache full:https://registry.npmjs.org/@prisma%2fdebug cache-miss
49 silly fetch manifest @prisma/fetch-engine@6.19.3
50 silly packumentCache full:https://registry.npmjs.org/@prisma%2ffetch-engine cache-miss
51 silly fetch manifest @prisma/get-platform@6.19.3
52 silly packumentCache full:https://registry.npmjs.org/@prisma%2fget-platform cache-miss
53 silly fetch manifest @prisma/engines-version@7.1.1-3.c2990dca591cba766e3b7ef5d9e8a84796e47ab7
54 silly packumentCache full:https://registry.npmjs.org/@prisma%2fengines-version cache-miss
55 http cache https://registry.npmjs.org/deepmerge-ts 31ms (cache hit)
56 silly packumentCache full:https://registry.npmjs.org/deepmerge-ts set size:334522 disposed:false
57 http cache https://registry.npmjs.org/c12 55ms (cache hit)
58 silly packumentCache full:https://registry.npmjs.org/c12 set size:169885 disposed:false
59 http cache https://registry.npmjs.org/effect 87ms (cache hit)
60 silly packumentCache full:https://registry.npmjs.org/effect set size:9969818 disposed:false
61 http cache https://registry.npmjs.org/empathic 146ms (cache hit)
62 silly packumentCache full:https://registry.npmjs.org/empathic set size:18290 disposed:false
63 http cache https://registry.npmjs.org/@prisma%2ffetch-engine 217ms (cache hit)
64 silly packumentCache full:https://registry.npmjs.org/@prisma%2ffetch-engine set size:32276532 disposed:false
65 http cache https://registry.npmjs.org/@prisma%2fengines-version 461ms (cache hit)
66 silly packumentCache full:https://registry.npmjs.org/@prisma%2fengines-version set size:9921445 disposed:false
67 http cache https://registry.npmjs.org/@prisma%2fget-platform 611ms (cache hit)
68 silly packumentCache full:https://registry.npmjs.org/@prisma%2fget-platform set size:28384349 disposed:false
69 http cache https://registry.npmjs.org/@prisma%2fdebug 811ms (cache hit)
70 silly packumentCache full:https://registry.npmjs.org/@prisma%2fdebug set size:28700336 disposed:false
71 silly fetch manifest magicast@^0.3.5
72 silly packumentCache full:https://registry.npmjs.org/magicast cache-miss
73 http cache https://registry.npmjs.org/magicast 24ms (cache hit)
74 silly packumentCache full:https://registry.npmjs.org/magicast set size:81021 disposed:false
75 silly placeDep ROOT c12@3.1.0 OK for: @prisma/config@6.19.3 want: 3.1.0
76 silly placeDep ROOT deepmerge-ts@7.1.5 OK for: @prisma/config@6.19.3 want: 7.1.5
77 silly placeDep ROOT effect@3.21.0 OK for: @prisma/config@6.19.3 want: 3.21.0
78 silly placeDep ROOT empathic@2.0.0 OK for: @prisma/config@6.19.3 want: 2.0.0
79 silly fetch manifest rc9@^2.1.2
80 silly packumentCache full:https://registry.npmjs.org/rc9 cache-miss
81 silly fetch manifest defu@^6.1.4
82 silly packumentCache full:https://registry.npmjs.org/defu cache-miss
83 silly fetch manifest jiti@^2.4.2
84 silly packumentCache full:https://registry.npmjs.org/jiti cache-miss
85 silly fetch manifest giget@^2.0.0
86 silly packumentCache full:https://registry.npmjs.org/giget cache-miss
87 silly fetch manifest ohash@^2.0.11
88 silly packumentCache full:https://registry.npmjs.org/ohash cache-miss
89 silly fetch manifest pathe@^2.0.3
90 silly packumentCache full:https://registry.npmjs.org/pathe cache-miss
91 silly fetch manifest dotenv@^16.6.1
92 silly packumentCache full:https://registry.npmjs.org/dotenv cache-miss
93 silly fetch manifest confbox@^0.2.2
94 silly packumentCache full:https://registry.npmjs.org/confbox cache-miss
95 silly fetch manifest exsolve@^1.0.7
96 silly packumentCache full:https://registry.npmjs.org/exsolve cache-miss
97 silly fetch manifest chokidar@^4.0.3
98 silly packumentCache full:https://registry.npmjs.org/chokidar cache-miss
99 silly fetch manifest pkg-types@^2.2.0
100 silly packumentCache full:https://registry.npmjs.org/pkg-types cache-miss
101 silly fetch manifest perfect-debounce@^1.0.0
102 silly packumentCache full:https://registry.npmjs.org/perfect-debounce cache-miss
103 silly fetch manifest fast-check@^3.23.1
104 silly packumentCache full:https://registry.npmjs.org/fast-check cache-miss
105 silly fetch manifest @standard-schema/spec@^1.0.0
106 silly packumentCache full:https://registry.npmjs.org/@standard-schema%2fspec cache-miss
107 http cache https://registry.npmjs.org/rc9 59ms (cache hit)
108 silly packumentCache full:https://registry.npmjs.org/rc9 set size:62610 disposed:false
109 http cache https://registry.npmjs.org/ohash 60ms (cache hit)
110 silly packumentCache full:https://registry.npmjs.org/ohash set size:69122 disposed:false
111 http cache https://registry.npmjs.org/exsolve 60ms (cache hit)
112 silly packumentCache full:https://registry.npmjs.org/exsolve set size:56620 disposed:false
113 http cache https://registry.npmjs.org/confbox 61ms (cache hit)
114 silly packumentCache full:https://registry.npmjs.org/confbox set size:44789 disposed:false
115 http cache https://registry.npmjs.org/defu 64ms (cache hit)
116 silly packumentCache full:https://registry.npmjs.org/defu set size:87806 disposed:false
117 http cache https://registry.npmjs.org/perfect-debounce 63ms (cache hit)
118 silly packumentCache full:https://registry.npmjs.org/perfect-debounce set size:28201 disposed:false
119 http cache https://registry.npmjs.org/dotenv 65ms (cache hit)
120 silly packumentCache full:https://registry.npmjs.org/dotenv set size:277832 disposed:false
121 http cache https://registry.npmjs.org/giget 70ms (cache hit)
122 silly packumentCache full:https://registry.npmjs.org/giget set size:97515 disposed:false
123 http cache https://registry.npmjs.org/fast-check 72ms (cache hit)
124 silly packumentCache full:https://registry.npmjs.org/fast-check set size:938047 disposed:false
125 http cache https://registry.npmjs.org/pathe 81ms (cache hit)
126 silly packumentCache full:https://registry.npmjs.org/pathe set size:68788 disposed:false
127 http cache https://registry.npmjs.org/pkg-types 81ms (cache hit)
128 silly packumentCache full:https://registry.npmjs.org/pkg-types set size:90685 disposed:false
129 http cache https://registry.npmjs.org/@standard-schema%2fspec 82ms (cache hit)
130 silly packumentCache full:https://registry.npmjs.org/@standard-schema%2fspec set size:27284 disposed:false
131 http fetch GET 200 https://registry.npmjs.org/jiti 245ms (cache revalidated)
132 silly packumentCache full:https://registry.npmjs.org/jiti set size:382310 disposed:false
133 http fetch GET 200 https://registry.npmjs.org/chokidar 410ms (cache revalidated)
134 silly packumentCache full:https://registry.npmjs.org/chokidar set size:255902 disposed:false
135 silly placeDep ROOT @prisma/debug@6.19.3 OK for: @prisma/engines@6.19.3 want: 6.19.3
136 silly placeDep ROOT @prisma/engines-version@7.1.1-3.c2990dca591cba766e3b7ef5d9e8a84796e47ab7 OK for: @prisma/engines@6.19.3 want: 7.1.1-3.c2990dca591cba766e3b7ef5d9e8a84796e47ab7
137 silly placeDep ROOT @prisma/fetch-engine@6.19.3 OK for: @prisma/engines@6.19.3 want: 6.19.3
138 silly placeDep ROOT @prisma/get-platform@6.19.3 OK for: @prisma/engines@6.19.3 want: 6.19.3
139 silly placeDep node_modules/c12 chokidar@4.0.3 OK for: c12@3.1.0 want: ^4.0.3
140 silly placeDep ROOT confbox@0.2.4 OK for: c12@3.1.0 want: ^0.2.2
141 silly placeDep ROOT defu@6.1.7 OK for: c12@3.1.0 want: ^6.1.4
142 silly placeDep ROOT dotenv@16.6.1 OK for: c12@3.1.0 want: ^16.6.1
143 silly placeDep ROOT exsolve@1.0.8 OK for: c12@3.1.0 want: ^1.0.7
144 silly placeDep ROOT giget@2.0.0 OK for: c12@3.1.0 want: ^2.0.0
145 silly placeDep node_modules/c12 jiti@2.6.1 OK for: c12@3.1.0 want: ^2.4.2
146 silly placeDep ROOT ohash@2.0.11 OK for: c12@3.1.0 want: ^2.0.11
147 silly placeDep ROOT pathe@2.0.3 OK for: c12@3.1.0 want: ^2.0.3
148 silly placeDep ROOT perfect-debounce@1.0.0 OK for: c12@3.1.0 want: ^1.0.0
149 silly placeDep ROOT pkg-types@2.3.1 OK for: c12@3.1.0 want: ^2.2.0
150 silly placeDep ROOT rc9@2.1.2 OK for: c12@3.1.0 want: ^2.1.2
151 silly fetch manifest readdirp@^4.0.1
152 silly packumentCache full:https://registry.npmjs.org/readdirp cache-miss
153 silly fetch manifest nypm@^0.6.0
154 silly packumentCache full:https://registry.npmjs.org/nypm cache-miss
155 silly fetch manifest citty@^0.1.6
156 silly packumentCache full:https://registry.npmjs.org/citty cache-miss
157 silly fetch manifest consola@^3.4.0
158 silly packumentCache full:https://registry.npmjs.org/consola cache-miss
159 silly fetch manifest node-fetch-native@^1.6.6
160 silly packumentCache full:https://registry.npmjs.org/node-fetch-native cache-miss
161 silly fetch manifest destr@^2.0.3
162 silly packumentCache full:https://registry.npmjs.org/destr cache-miss
163 http cache https://registry.npmjs.org/destr 28ms (cache hit)
164 silly packumentCache full:https://registry.npmjs.org/destr set size:65344 disposed:false
165 http fetch GET 200 https://registry.npmjs.org/citty 98ms (cache miss)
166 silly packumentCache full:https://registry.npmjs.org/citty set size:undefined disposed:false
167 http fetch GET 200 https://registry.npmjs.org/nypm 100ms (cache miss)
168 silly packumentCache full:https://registry.npmjs.org/nypm set size:undefined disposed:false
169 http fetch GET 200 https://registry.npmjs.org/readdirp 330ms (cache revalidated)
170 silly packumentCache full:https://registry.npmjs.org/readdirp set size:107589 disposed:false
171 http fetch GET 200 https://registry.npmjs.org/node-fetch-native 355ms (cache miss)
172 silly packumentCache full:https://registry.npmjs.org/node-fetch-native set size:undefined disposed:false
173 http fetch GET 200 https://registry.npmjs.org/consola 394ms (cache miss)
174 silly packumentCache full:https://registry.npmjs.org/consola set size:undefined disposed:false
175 silly placeDep ROOT @standard-schema/spec@1.1.0 OK for: effect@3.21.0 want: ^1.0.0
176 silly placeDep ROOT fast-check@3.23.2 OK for: effect@3.21.0 want: ^3.23.1
177 silly fetch manifest pure-rand@^6.1.0
178 silly packumentCache full:https://registry.npmjs.org/pure-rand cache-miss
179 http cache https://registry.npmjs.org/pure-rand 6ms (cache hit)
180 silly packumentCache full:https://registry.npmjs.org/pure-rand set size:185950 disposed:false
181 silly placeDep ROOT pure-rand@6.1.0 OK for: fast-check@3.23.2 want: ^6.1.0
182 silly placeDep ROOT citty@0.1.6 OK for: giget@2.0.0 want: ^0.1.6
183 silly placeDep ROOT consola@3.4.2 OK for: giget@2.0.0 want: ^3.4.0
184 silly placeDep ROOT node-fetch-native@1.6.7 OK for: giget@2.0.0 want: ^1.6.6
185 silly placeDep ROOT nypm@0.6.6 OK for: giget@2.0.0 want: ^0.6.0
186 silly fetch manifest consola@^3.2.3
187 silly packumentCache full:https://registry.npmjs.org/consola cache-miss
188 silly fetch manifest citty@^0.2.2
189 silly packumentCache full:https://registry.npmjs.org/citty cache-miss
190 silly fetch manifest tinyexec@^1.1.1
191 silly packumentCache full:https://registry.npmjs.org/tinyexec cache-miss
192 http cache https://registry.npmjs.org/citty 11ms (cache hit)
193 silly packumentCache full:https://registry.npmjs.org/citty set size:38582 disposed:false
194 http cache https://registry.npmjs.org/consola 15ms (cache hit)
195 silly packumentCache full:https://registry.npmjs.org/consola set size:324648 disposed:false
196 http fetch GET 200 https://registry.npmjs.org/tinyexec 79ms (cache miss)
197 silly packumentCache full:https://registry.npmjs.org/tinyexec set size:undefined disposed:false
198 silly placeDep node_modules/nypm citty@0.2.2 OK for: nypm@0.6.6 want: ^0.2.2
199 silly placeDep ROOT tinyexec@1.1.2 OK for: nypm@0.6.6 want: ^1.1.1
200 silly placeDep ROOT destr@2.0.5 OK for: rc9@2.1.2 want: ^2.0.3
201 silly placeDep node_modules/c12 readdirp@4.1.2 OK for: chokidar@4.0.3 want: ^4.0.1
202 silly reify mark retired [
202 silly reify   'C:\\Users\\Administrator\\OneDrive - Innlandet fylkeskommune\\Skrivebord\\Case Battle\\Case-Battle\\node_modules\\aws-ssl-profiles'
202 silly reify ]
203 silly reify mark retired [
203 silly reify   'C:\\Users\\Administrator\\OneDrive - Innlandet fylkeskommune\\Skrivebord\\Case Battle\\Case-Battle\\node_modules\\better-result'
203 silly reify ]
204 silly reify mark retired [
204 silly reify   'C:\\Users\\Administrator\\OneDrive - Innlandet fylkeskommune\\Skrivebord\\Case Battle\\Case-Battle\\node_modules\\c12'
204 silly reify ]
205 silly reify mark retired [
205 silly reify   'C:\\Users\\Administrator\\OneDrive - Innlandet fylkeskommune\\Skrivebord\\Case Battle\\Case-Battle\\node_modules\\chart.js'
205 silly reify ]
206 silly reify mark retired [
206 silly reify   'C:\\Users\\Administrator\\OneDrive - Innlandet fylkeskommune\\Skrivebord\\Case Battle\\Case-Battle\\node_modules\\denque'
206 silly reify ]
207 silly reify mark retired [
207 silly reify   'C:\\Users\\Administrator\\OneDrive - Innlandet fylkeskommune\\Skrivebord\\Case Battle\\Case-Battle\\node_modules\\dotenv'
207 silly reify ]
208 silly reify mark retired [
208 silly reify   'C:\\Users\\Administrator\\OneDrive - Innlandet fylkeskommune\\Skrivebord\\Case Battle\\Case-Battle\\node_modules\\effect'
208 silly reify ]
209 silly reify mark retired [
209 silly reify   'C:\\Users\\Administrator\\OneDrive - Innlandet fylkeskommune\\Skrivebord\\Case Battle\\Case-Battle\\node_modules\\env-paths'
209 silly reify ]
210 silly reify mark retired [
210 silly reify   'C:\\Users\\Administrator\\OneDrive - Innlandet fylkeskommune\\Skrivebord\\Case Battle\\Case-Battle\\node_modules\\fast-uri'
210 silly reify ]
211 silly reify mark retired [
211 silly reify   'C:\\Users\\Administrator\\OneDrive - Innlandet fylkeskommune\\Skrivebord\\Case Battle\\Case-Battle\\node_modules\\generate-function'
211 silly reify ]
212 silly reify mark retired [
212 silly reify   'C:\\Users\\Administrator\\OneDrive - Innlandet fylkeskommune\\Skrivebord\\Case Battle\\Case-Battle\\node_modules\\get-port-please'
212 silly reify ]
213 silly reify mark retired [
213 silly reify   'C:\\Users\\Administrator\\OneDrive - Innlandet fylkeskommune\\Skrivebord\\Case Battle\\Case-Battle\\node_modules\\giget',
213 silly reify   'C:\\Users\\Administrator\\OneDrive - Innlandet fylkeskommune\\Skrivebord\\Case Battle\\Case-Battle\\node_modules\\.bin\\giget',
213 silly reify   'C:\\Users\\Administrator\\OneDrive - Innlandet fylkeskommune\\Skrivebord\\Case Battle\\Case-Battle\\node_modules\\.bin\\giget.cmd',
213 silly reify   'C:\\Users\\Administrator\\OneDrive - Innlandet fylkeskommune\\Skrivebord\\Case Battle\\Case-Battle\\node_modules\\.bin\\giget.ps1'
213 silly reify ]
214 silly reify mark retired [
214 silly reify   'C:\\Users\\Administrator\\OneDrive - Innlandet fylkeskommune\\Skrivebord\\Case Battle\\Case-Battle\\node_modules\\grammex'
214 silly reify ]
215 silly reify mark retired [
215 silly reify   'C:\\Users\\Administrator\\OneDrive - Innlandet fylkeskommune\\Skrivebord\\Case Battle\\Case-Battle\\node_modules\\graphmatch'
215 silly reify ]
216 silly reify mark retired [
216 silly reify   'C:\\Users\\Administrator\\OneDrive - Innlandet fylkeskommune\\Skrivebord\\Case Battle\\Case-Battle\\node_modules\\hono'
216 silly reify ]
217 silly reify mark retired [
217 silly reify   'C:\\Users\\Administrator\\OneDrive - Innlandet fylkeskommune\\Skrivebord\\Case Battle\\Case-Battle\\node_modules\\http-status-codes'
217 silly reify ]
218 silly reify mark retired [
218 silly reify   'C:\\Users\\Administrator\\OneDrive - Innlandet fylkeskommune\\Skrivebord\\Case Battle\\Case-Battle\\node_modules\\iconv-lite'
218 silly reify ]
219 silly reify mark retired [
219 silly reify   'C:\\Users\\Administrator\\OneDrive - Innlandet fylkeskommune\\Skrivebord\\Case Battle\\Case-Battle\\node_modules\\is-property'
219 silly reify ]
220 silly reify mark retired [
220 silly reify   'C:\\Users\\Administrator\\OneDrive - Innlandet fylkeskommune\\Skrivebord\\Case Battle\\Case-Battle\\node_modules\\lru.min'
220 silly reify ]
221 silly reify mark retired [
221 silly reify   'C:\\Users\\Administrator\\OneDrive - Innlandet fylkeskommune\\Skrivebord\\Case Battle\\Case-Battle\\node_modules\\long'
221 silly reify ]
222 silly reify mark retired [
222 silly reify   'C:\\Users\\Administrator\\OneDrive - Innlandet fylkeskommune\\Skrivebord\\Case Battle\\Case-Battle\\node_modules\\named-placeholders'
222 silly reify ]
223 silly reify mark retired [
223 silly reify   'C:\\Users\\Administrator\\OneDrive - Innlandet fylkeskommune\\Skrivebord\\Case Battle\\Case-Battle\\node_modules\\mysql2'
223 silly reify ]
224 silly reify mark retired [
224 silly reify   'C:\\Users\\Administrator\\OneDrive - Innlandet fylkeskommune\\Skrivebord\\Case Battle\\Case-Battle\\node_modules\\perfect-debounce'
224 silly reify ]
225 silly reify mark retired [
225 silly reify   'C:\\Users\\Administrator\\OneDrive - Innlandet fylkeskommune\\Skrivebord\\Case Battle\\Case-Battle\\node_modules\\prisma',
225 silly reify   'C:\\Users\\Administrator\\OneDrive - Innlandet fylkeskommune\\Skrivebord\\Case Battle\\Case-Battle\\node_modules\\.bin\\prisma',
225 silly reify   'C:\\Users\\Administrator\\OneDrive - Innlandet fylkeskommune\\Skrivebord\\Case Battle\\Case-Battle\\node_modules\\.bin\\prisma.cmd',
225 silly reify   'C:\\Users\\Administrator\\OneDrive - Innlandet fylkeskommune\\Skrivebord\\Case Battle\\Case-Battle\\node_modules\\.bin\\prisma.ps1'
225 silly reify ]
226 silly reify mark retired [
226 silly reify   'C:\\Users\\Administrator\\OneDrive - Innlandet fylkeskommune\\Skrivebord\\Case Battle\\Case-Battle\\node_modules\\proper-lockfile'
226 silly reify ]
227 silly reify mark retired [
227 silly reify   'C:\\Users\\Administrator\\OneDrive - Innlandet fylkeskommune\\Skrivebord\\Case Battle\\Case-Battle\\node_modules\\postgres'
227 silly reify ]
228 silly reify mark retired [
228 silly reify   'C:\\Users\\Administrator\\OneDrive - Innlandet fylkeskommune\\Skrivebord\\Case Battle\\Case-Battle\\node_modules\\rc9'
228 silly reify ]
229 silly reify mark retired [
229 silly reify   'C:\\Users\\Administrator\\OneDrive - Innlandet fylkeskommune\\Skrivebord\\Case Battle\\Case-Battle\\node_modules\\remeda'
229 silly reify ]
230 silly reify mark retired [
230 silly reify   'C:\\Users\\Administrator\\OneDrive - Innlandet fylkeskommune\\Skrivebord\\Case Battle\\Case-Battle\\node_modules\\require-from-string'
230 silly reify ]
231 silly reify mark retired [
231 silly reify   'C:\\Users\\Administrator\\OneDrive - Innlandet fylkeskommune\\Skrivebord\\Case Battle\\Case-Battle\\node_modules\\retry'
231 silly reify ]
232 silly reify mark retired [
232 silly reify   'C:\\Users\\Administrator\\OneDrive - Innlandet fylkeskommune\\Skrivebord\\Case Battle\\Case-Battle\\node_modules\\safer-buffer'
232 silly reify ]
233 silly reify mark retired [
233 silly reify   'C:\\Users\\Administrator\\OneDrive - Innlandet fylkeskommune\\Skrivebord\\Case Battle\\Case-Battle\\node_modules\\seq-queue'
233 silly reify ]
234 silly reify mark retired [
234 silly reify   'C:\\Users\\Administrator\\OneDrive - Innlandet fylkeskommune\\Skrivebord\\Case Battle\\Case-Battle\\node_modules\\std-env'
234 silly reify ]
235 silly reify mark retired [
235 silly reify   'C:\\Users\\Administrator\\OneDrive - Innlandet fylkeskommune\\Skrivebord\\Case Battle\\Case-Battle\\node_modules\\sqlstring'
235 silly reify ]
236 silly reify mark retired [
236 silly reify   'C:\\Users\\Administrator\\OneDrive - Innlandet fylkeskommune\\Skrivebord\\Case Battle\\Case-Battle\\node_modules\\valibot'
236 silly reify ]
237 silly reify mark retired [
237 silly reify   'C:\\Users\\Administrator\\OneDrive - Innlandet fylkeskommune\\Skrivebord\\Case Battle\\Case-Battle\\node_modules\\zeptomatch'
237 silly reify ]
238 silly reify mark retired [
238 silly reify   'C:\\Users\\Administrator\\OneDrive - Innlandet fylkeskommune\\Skrivebord\\Case Battle\\Case-Battle\\node_modules\\@electric-sql\\pglite'
238 silly reify ]
239 silly reify mark retired [
239 silly reify   'C:\\Users\\Administrator\\OneDrive - Innlandet fylkeskommune\\Skrivebord\\Case Battle\\Case-Battle\\node_modules\\@electric-sql\\pglite-socket',
239 silly reify   'C:\\Users\\Administrator\\OneDrive - Innlandet fylkeskommune\\Skrivebord\\Case Battle\\Case-Battle\\node_modules\\.bin\\pglite-server',
239 silly reify   'C:\\Users\\Administrator\\OneDrive - Innlandet fylkeskommune\\Skrivebord\\Case Battle\\Case-Battle\\node_modules\\.bin\\pglite-server.cmd',
239 silly reify   'C:\\Users\\Administrator\\OneDrive - Innlandet fylkeskommune\\Skrivebord\\Case Battle\\Case-Battle\\node_modules\\.bin\\pglite-server.ps1'
239 silly reify ]
240 silly reify mark retired [
240 silly reify   'C:\\Users\\Administrator\\OneDrive - Innlandet fylkeskommune\\Skrivebord\\Case Battle\\Case-Battle\\node_modules\\@electric-sql\\pglite-tools'
240 silly reify ]
241 silly reify mark retired [
241 silly reify   'C:\\Users\\Administrator\\OneDrive - Innlandet fylkeskommune\\Skrivebord\\Case Battle\\Case-Battle\\node_modules\\@hono\\node-server'
241 silly reify ]
242 silly reify mark retired [
242 silly reify   'C:\\Users\\Administrator\\OneDrive - Innlandet fylkeskommune\\Skrivebord\\Case Battle\\Case-Battle\\node_modules\\@kurkle\\color'
242 silly reify ]
243 silly reify mark retired [
243 silly reify   'C:\\Users\\Administrator\\OneDrive - Innlandet fylkeskommune\\Skrivebord\\Case Battle\\Case-Battle\\node_modules\\@prisma\\config'
243 silly reify ]
244 silly reify mark retired [
244 silly reify   'C:\\Users\\Administrator\\OneDrive - Innlandet fylkeskommune\\Skrivebord\\Case Battle\\Case-Battle\\node_modules\\@prisma\\dev'
244 silly reify ]
245 silly reify mark retired [
245 silly reify   'C:\\Users\\Administrator\\OneDrive - Innlandet fylkeskommune\\Skrivebord\\Case Battle\\Case-Battle\\node_modules\\@prisma\\debug'
245 silly reify ]
246 silly reify mark retired [
246 silly reify   'C:\\Users\\Administrator\\OneDrive - Innlandet fylkeskommune\\Skrivebord\\Case Battle\\Case-Battle\\node_modules\\@prisma\\engines'
246 silly reify ]
247 silly reify mark retired [
247 silly reify   'C:\\Users\\Administrator\\OneDrive - Innlandet fylkeskommune\\Skrivebord\\Case Battle\\Case-Battle\\node_modules\\@prisma\\fetch-engine'
247 silly reify ]
248 silly reify mark retired [
248 silly reify   'C:\\Users\\Administrator\\OneDrive - Innlandet fylkeskommune\\Skrivebord\\Case Battle\\Case-Battle\\node_modules\\@prisma\\engines-version'
248 silly reify ]
249 silly reify mark retired [
249 silly reify   'C:\\Users\\Administrator\\OneDrive - Innlandet fylkeskommune\\Skrivebord\\Case Battle\\Case-Battle\\node_modules\\@prisma\\client-runtime-utils'
249 silly reify ]
250 silly reify mark retired [
250 silly reify   'C:\\Users\\Administrator\\OneDrive - Innlandet fylkeskommune\\Skrivebord\\Case Battle\\Case-Battle\\node_modules\\@prisma\\studio-core'
250 silly reify ]
251 silly reify mark retired [
251 silly reify   'C:\\Users\\Administrator\\OneDrive - Innlandet fylkeskommune\\Skrivebord\\Case Battle\\Case-Battle\\node_modules\\@prisma\\get-platform'
251 silly reify ]
252 silly reify mark retired [
252 silly reify   'C:\\Users\\Administrator\\OneDrive - Innlandet fylkeskommune\\Skrivebord\\Case Battle\\Case-Battle\\node_modules\\@prisma\\streams-local'
252 silly reify ]
253 silly reify mark retired [
253 silly reify   'C:\\Users\\Administrator\\OneDrive - Innlandet fylkeskommune\\Skrivebord\\Case Battle\\Case-Battle\\node_modules\\@prisma\\client'
253 silly reify ]
254 silly reify mark retired [
254 silly reify   'C:\\Users\\Administrator\\OneDrive - Innlandet fylkeskommune\\Skrivebord\\Case Battle\\Case-Battle\\node_modules\\@prisma\\query-plan-executor'
254 silly reify ]
255 silly reify mark retired [
255 silly reify   'C:\\Users\\Administrator\\OneDrive - Innlandet fylkeskommune\\Skrivebord\\Case Battle\\Case-Battle\\node_modules\\@radix-ui\\primitive'
255 silly reify ]
256 silly reify mark retired [
256 silly reify   'C:\\Users\\Administrator\\OneDrive - Innlandet fylkeskommune\\Skrivebord\\Case Battle\\Case-Battle\\node_modules\\@radix-ui\\react-slot'
256 silly reify ]
257 silly reify mark retired [
257 silly reify   'C:\\Users\\Administrator\\OneDrive - Innlandet fylkeskommune\\Skrivebord\\Case Battle\\Case-Battle\\node_modules\\@radix-ui\\react-compose-refs'
257 silly reify ]
258 silly reify mark retired [
258 silly reify   'C:\\Users\\Administrator\\OneDrive - Innlandet fylkeskommune\\Skrivebord\\Case Battle\\Case-Battle\\node_modules\\@radix-ui\\react-use-controllable-state'
258 silly reify ]
259 silly reify mark retired [
259 silly reify   'C:\\Users\\Administrator\\OneDrive - Innlandet fylkeskommune\\Skrivebord\\Case Battle\\Case-Battle\\node_modules\\@radix-ui\\react-use-layout-effect'
259 silly reify ]
260 silly reify mark retired [
260 silly reify   'C:\\Users\\Administrator\\OneDrive - Innlandet fylkeskommune\\Skrivebord\\Case Battle\\Case-Battle\\node_modules\\@radix-ui\\react-use-effect-event'
260 silly reify ]
261 silly reify moves {
261 silly reify   'C:\\Users\\Administrator\\OneDrive - Innlandet fylkeskommune\\Skrivebord\\Case Battle\\Case-Battle\\node_modules\\aws-ssl-profiles': 'C:\\Users\\Administrator\\OneDrive - Innlandet fylkeskommune\\Skrivebord\\Case Battle\\Case-Battle\\node_modules\\.aws-ssl-profiles-uUWcGP72',
261 silly reify   'C:\\Users\\Administrator\\OneDrive - Innlandet fylkeskommune\\Skrivebord\\Case Battle\\Case-Battle\\node_modules\\better-result': 'C:\\Users\\Administrator\\OneDrive - Innlandet fylkeskommune\\Skrivebord\\Case Battle\\Case-Battle\\node_modules\\.better-result-Iy2Jkj4w',
261 silly reify   'C:\\Users\\Administrator\\OneDrive - Innlandet fylkeskommune\\Skrivebord\\Case Battle\\Case-Battle\\node_modules\\c12': 'C:\\Users\\Administrator\\OneDrive - Innlandet fylkeskommune\\Skrivebord\\Case Battle\\Case-Battle\\node_modules\\.c12-TLaQFrDo',
261 silly reify   'C:\\Users\\Administrator\\OneDrive - Innlandet fylkeskommune\\Skrivebord\\Case Battle\\Case-Battle\\node_modules\\chart.js': 'C:\\Users\\Administrator\\OneDrive - Innlandet fylkeskommune\\Skrivebord\\Case Battle\\Case-Battle\\node_modules\\.chart.js-hJT7YSzE',
261 silly reify   'C:\\Users\\Administrator\\OneDrive - Innlandet fylkeskommune\\Skrivebord\\Case Battle\\Case-Battle\\node_modules\\denque': 'C:\\Users\\Administrator\\OneDrive - Innlandet fylkeskommune\\Skrivebord\\Case Battle\\Case-Battle\\node_modules\\.denque-WNTsMsbD',
261 silly reify   'C:\\Users\\Administrator\\OneDrive - Innlandet fylkeskommune\\Skrivebord\\Case Battle\\Case-Battle\\node_modules\\dotenv': 'C:\\Users\\Administrator\\OneDrive - Innlandet fylkeskommune\\Skrivebord\\Case Battle\\Case-Battle\\node_modules\\.dotenv-FxvLSe8C',
261 silly reify   'C:\\Users\\Administrator\\OneDrive - Innlandet fylkeskommune\\Skrivebord\\Case Battle\\Case-Battle\\node_modules\\effect': 'C:\\Users\\Administrator\\OneDrive - Innlandet fylkeskommune\\Skrivebord\\Case Battle\\Case-Battle\\node_modules\\.effect-4b6ICS7z',
261 silly reify   'C:\\Users\\Administrator\\OneDrive - Innlandet fylkeskommune\\Skrivebord\\Case Battle\\Case-Battle\\node_modules\\env-paths': 'C:\\Users\\Administrator\\OneDrive - Innlandet fylkeskommune\\Skrivebord\\Case Battle\\Case-Battle\\node_modules\\.env-paths-LVB2cVj9',
261 silly reify   'C:\\Users\\Administrator\\OneDrive - Innlandet fylkeskommune\\Skrivebord\\Case Battle\\Case-Battle\\node_modules\\fast-uri': 'C:\\Users\\Administrator\\OneDrive - Innlandet fylkeskommune\\Skrivebord\\Case Battle\\Case-Battle\\node_modules\\.fast-uri-v0fZktcS',
261 silly reify   'C:\\Users\\Administrator\\OneDrive - Innlandet fylkeskommune\\Skrivebord\\Case Battle\\Case-Battle\\node_modules\\generate-function': 'C:\\Users\\Administrator\\OneDrive - Innlandet fylkeskommune\\Skrivebord\\Case Battle\\Case-Battle\\node_modules\\.generate-function-FUxNkorV',
261 silly reify   'C:\\Users\\Administrator\\OneDrive - Innlandet fylkeskommune\\Skrivebord\\Case Battle\\Case-Battle\\node_modules\\get-port-please': 'C:\\Users\\Administrator\\OneDrive - Innlandet fylkeskommune\\Skrivebord\\Case Battle\\Case-Battle\\node_modules\\.get-port-please-eXjnfEdK',
261 silly reify   'C:\\Users\\Administrator\\OneDrive - Innlandet fylkeskommune\\Skrivebord\\Case Battle\\Case-Battle\\node_modules\\giget': 'C:\\Users\\Administrator\\OneDrive - Innlandet fylkeskommune\\Skrivebord\\Case Battle\\Case-Battle\\node_modules\\.giget-Ywov2g6D',
261 silly reify   'C:\\Users\\Administrator\\OneDrive - Innlandet fylkeskommune\\Skrivebord\\Case Battle\\Case-Battle\\node_modules\\.bin\\giget': 'C:\\Users\\Administrator\\OneDrive - Innlandet fylkeskommune\\Skrivebord\\Case Battle\\Case-Battle\\node_modules\\.bin\\.giget-ENyV6z52',
261 silly reify   'C:\\Users\\Administrator\\OneDrive - Innlandet fylkeskommune\\Skrivebord\\Case Battle\\Case-Battle\\node_modules\\.bin\\giget.cmd': 'C:\\Users\\Administrator\\OneDrive - Innlandet fylkeskommune\\Skrivebord\\Case Battle\\Case-Battle\\node_modules\\.bin\\.giget.cmd-DglDeniI',
261 silly reify   'C:\\Users\\Administrator\\OneDrive - Innlandet fylkeskommune\\Skrivebord\\Case Battle\\Case-Battle\\node_modules\\.bin\\giget.ps1': 'C:\\Users\\Administrator\\OneDrive - Innlandet fylkeskommune\\Skrivebord\\Case Battle\\Case-Battle\\node_modules\\.bin\\.giget.ps1-nOwZcsnI',
261 silly reify   'C:\\Users\\Administrator\\OneDrive - Innlandet fylkeskommune\\Skrivebord\\Case Battle\\Case-Battle\\node_modules\\grammex': 'C:\\Users\\Administrator\\OneDrive - Innlandet fylkeskommune\\Skrivebord\\Case Battle\\Case-Battle\\node_modules\\.grammex-MN7slyy3',
261 silly reify   'C:\\Users\\Administrator\\OneDrive - Innlandet fylkeskommune\\Skrivebord\\Case Battle\\Case-Battle\\node_modules\\graphmatch': 'C:\\Users\\Administrator\\OneDrive - Innlandet fylkeskommune\\Skrivebord\\Case Battle\\Case-Battle\\node_modules\\.graphmatch-sL2tfBRE',
261 silly reify   'C:\\Users\\Administrator\\OneDrive - Innlandet fylkeskommune\\Skrivebord\\Case Battle\\Case-Battle\\node_modules\\hono': 'C:\\Users\\Administrator\\OneDrive - Innlandet fylkeskommune\\Skrivebord\\Case Battle\\Case-Battle\\node_modules\\.hono-JjD5kbt6',
261 silly reify   'C:\\Users\\Administrator\\OneDrive - Innlandet fylkeskommune\\Skrivebord\\Case Battle\\Case-Battle\\node_modules\\http-status-codes': 'C:\\Users\\Administrator\\OneDrive - Innlandet fylkeskommune\\Skrivebord\\Case Battle\\Case-Battle\\node_modules\\.http-status-codes-EsZWs5w6',
261 silly reify   'C:\\Users\\Administrator\\OneDrive - Innlandet fylkeskommune\\Skrivebord\\Case Battle\\Case-Battle\\node_modules\\iconv-lite': 'C:\\Users\\Administrator\\OneDrive - Innlandet fylkeskommune\\Skrivebord\\Case Battle\\Case-Battle\\node_modules\\.iconv-lite-rR11kWBu',
261 silly reify   'C:\\Users\\Administrator\\OneDrive - Innlandet fylkeskommune\\Skrivebord\\Case Battle\\Case-Battle\\node_modules\\is-property': 'C:\\Users\\Administrator\\OneDrive - Innlandet fylkeskommune\\Skrivebord\\Case Battle\\Case-Battle\\node_modules\\.is-property-p29MYQKZ',
261 silly reify   'C:\\Users\\Administrator\\OneDrive - Innlandet fylkeskommune\\Skrivebord\\Case Battle\\Case-Battle\\node_modules\\lru.min': 'C:\\Users\\Administrator\\OneDrive - Innlandet fylkeskommune\\Skrivebord\\Case Battle\\Case-Battle\\node_modules\\.lru.min-trsdfaMo',
261 silly reify   'C:\\Users\\Administrator\\OneDrive - Innlandet fylkeskommune\\Skrivebord\\Case Battle\\Case-Battle\\node_modules\\long': 'C:\\Users\\Administrator\\OneDrive - Innlandet fylkeskommune\\Skrivebord\\Case Battle\\Case-Battle\\node_modules\\.long-TAMk8xEP',
261 silly reify   'C:\\Users\\Administrator\\OneDrive - Innlandet fylkeskommune\\Skrivebord\\Case Battle\\Case-Battle\\node_modules\\named-placeholders': 'C:\\Users\\Administrator\\OneDrive - Innlandet fylkeskommune\\Skrivebord\\Case Battle\\Case-Battle\\node_modules\\.named-placeholders-QlKaxlr7',
261 silly reify   'C:\\Users\\Administrator\\OneDrive - Innlandet fylkeskommune\\Skrivebord\\Case Battle\\Case-Battle\\node_modules\\mysql2': 'C:\\Users\\Administrator\\OneDrive - Innlandet fylkeskommune\\Skrivebord\\Case Battle\\Case-Battle\\node_modules\\.mysql2-PtLfg5XQ',
261 silly reify   'C:\\Users\\Administrator\\OneDrive - Innlandet fylkeskommune\\Skrivebord\\Case Battle\\Case-Battle\\node_modules\\perfect-debounce': 'C:\\Users\\Administrator\\OneDrive - Innlandet fylkeskommune\\Skrivebord\\Case Battle\\Case-Battle\\node_modules\\.perfect-debounce-aUpPtSVS',
261 silly reify   'C:\\Users\\Administrator\\OneDrive - Innlandet fylkeskommune\\Skrivebord\\Case Battle\\Case-Battle\\node_modules\\prisma': 'C:\\Users\\Administrator\\OneDrive - Innlandet fylkeskommune\\Skrivebord\\Case Battle\\Case-Battle\\node_modules\\.prisma-YNq9inTx',
261 silly reify   'C:\\Users\\Administrator\\OneDrive - Innlandet fylkeskommune\\Skrivebord\\Case Battle\\Case-Battle\\node_modules\\.bin\\prisma': 'C:\\Users\\Administrator\\OneDrive - Innlandet fylkeskommune\\Skrivebord\\Case Battle\\Case-Battle\\node_modules\\.bin\\.prisma-33pZqKiu',
261 silly reify   'C:\\Users\\Administrator\\OneDrive - Innlandet fylkeskommune\\Skrivebord\\Case Battle\\Case-Battle\\node_modules\\.bin\\prisma.cmd': 'C:\\Users\\Administrator\\OneDrive - Innlandet fylkeskommune\\Skrivebord\\Case Battle\\Case-Battle\\node_modules\\.bin\\.prisma.cmd-7sxxfKDX',
261 silly reify   'C:\\Users\\Administrator\\OneDrive - Innlandet fylkeskommune\\Skrivebord\\Case Battle\\Case-Battle\\node_modules\\.bin\\prisma.ps1': 'C:\\Users\\Administrator\\OneDrive - Innlandet fylkeskommune\\Skrivebord\\Case Battle\\Case-Battle\\node_modules\\.bin\\.prisma.ps1-XQcVh0aq',
261 silly reify   'C:\\Users\\Administrator\\OneDrive - Innlandet fylkeskommune\\Skrivebord\\Case Battle\\Case-Battle\\node_modules\\proper-lockfile': 'C:\\Users\\Administrator\\OneDrive - Innlandet fylkeskommune\\Skrivebord\\Case Battle\\Case-Battle\\node_modules\\.proper-lockfile-IwOQS8Wu',
261 silly reify   'C:\\Users\\Administrator\\OneDrive - Innlandet fylkeskommune\\Skrivebord\\Case Battle\\Case-Battle\\node_modules\\postgres': 'C:\\Users\\Administrator\\OneDrive - Innlandet fylkeskommune\\Skrivebord\\Case Battle\\Case-Battle\\node_modules\\.postgres-smyPAMf9',
261 silly reify   'C:\\Users\\Administrator\\OneDrive - Innlandet fylkeskommune\\Skrivebord\\Case Battle\\Case-Battle\\node_modules\\rc9': 'C:\\Users\\Administrator\\OneDrive - Innlandet fylkeskommune\\Skrivebord\\Case Battle\\Case-Battle\\node_modules\\.rc9-rNGMMNmd',
261 silly reify   'C:\\Users\\Administrator\\OneDrive - Innlandet fylkeskommune\\Skrivebord\\Case Battle\\Case-Battle\\node_modules\\remeda': 'C:\\Users\\Administrator\\OneDrive - Innlandet fylkeskommune\\Skrivebord\\Case Battle\\Case-Battle\\node_modules\\.remeda-j3zvy2Tl',
261 silly reify   'C:\\Users\\Administrator\\OneDrive - Innlandet fylkeskommune\\Skrivebord\\Case Battle\\Case-Battle\\node_modules\\require-from-string': 'C:\\Users\\Administrator\\OneDrive - Innlandet fylkeskommune\\Skrivebord\\Case Battle\\Case-Battle\\node_modules\\.require-from-string-PdoZecZs',
261 silly reify   'C:\\Users\\Administrator\\OneDrive - Innlandet fylkeskommune\\Skrivebord\\Case Battle\\Case-Battle\\node_modules\\retry': 'C:\\Users\\Administrator\\OneDrive - Innlandet fylkeskommune\\Skrivebord\\Case Battle\\Case-Battle\\node_modules\\.retry-dnnFMTjr',
261 silly reify   'C:\\Users\\Administrator\\OneDrive - Innlandet fylkeskommune\\Skrivebord\\Case Battle\\Case-Battle\\node_modules\\safer-buffer': 'C:\\Users\\Administrator\\OneDrive - Innlandet fylkeskommune\\Skrivebord\\Case Battle\\Case-Battle\\node_modules\\.safer-buffer-SK4XX8r4',
261 silly reify   'C:\\Users\\Administrator\\OneDrive - Innlandet fylkeskommune\\Skrivebord\\Case Battle\\Case-Battle\\node_modules\\seq-queue': 'C:\\Users\\Administrator\\OneDrive - Innlandet fylkeskommune\\Skrivebord\\Case Battle\\Case-Battle\\node_modules\\.seq-queue-iZkgOokm',
261 silly reify   'C:\\Users\\Administrator\\OneDrive - Innlandet fylkeskommune\\Skrivebord\\Case Battle\\Case-Battle\\node_modules\\std-env': 'C:\\Users\\Administrator\\OneDrive - Innlandet fylkeskommune\\Skrivebord\\Case Battle\\Case-Battle\\node_modules\\.std-env-Y6pKRkUR',
261 silly reify   'C:\\Users\\Administrator\\OneDrive - Innlandet fylkeskommune\\Skrivebord\\Case Battle\\Case-Battle\\node_modules\\sqlstring': 'C:\\Users\\Administrator\\OneDrive - Innlandet fylkeskommune\\Skrivebord\\Case Battle\\Case-Battle\\node_modules\\.sqlstring-MdPOvtm9',
261 silly reify   'C:\\Users\\Administrator\\OneDrive - Innlandet fylkeskommune\\Skrivebord\\Case Battle\\Case-Battle\\node_modules\\valibot': 'C:\\Users\\Administrator\\OneDrive - Innlandet fylkeskommune\\Skrivebord\\Case Battle\\Case-Battle\\node_modules\\.valibot-nlEMnK5U',
261 silly reify   'C:\\Users\\Administrator\\OneDrive - Innlandet fylkeskommune\\Skrivebord\\Case Battle\\Case-Battle\\node_modules\\zeptomatch': 'C:\\Users\\Administrator\\OneDrive - Innlandet fylkeskommune\\Skrivebord\\Case Battle\\Case-Battle\\node_modules\\.zeptomatch-nUgJ69M5',
261 silly reify   'C:\\Users\\Administrator\\OneDrive - Innlandet fylkeskommune\\Skrivebord\\Case Battle\\Case-Battle\\node_modules\\@electric-sql\\pglite': 'C:\\Users\\Administrator\\OneDrive - Innlandet fylkeskommune\\Skrivebord\\Case Battle\\Case-Battle\\node_modules\\@electric-sql\\.pglite-foJ2ymWi',
261 silly reify   'C:\\Users\\Administrator\\OneDrive - Innlandet fylkeskommune\\Skrivebord\\Case Battle\\Case-Battle\\node_modules\\@electric-sql\\pglite-socket': 'C:\\Users\\Administrator\\OneDrive - Innlandet fylkeskommune\\Skrivebord\\Case Battle\\Case-Battle\\node_modules\\@electric-sql\\.pglite-socket-AzFKUahi',
261 silly reify   'C:\\Users\\Administrator\\OneDrive - Innlandet fylkeskommune\\Skrivebord\\Case Battle\\Case-Battle\\node_modules\\.bin\\pglite-server': 'C:\\Users\\Administrator\\OneDrive - Innlandet fylkeskommune\\Skrivebord\\Case Battle\\Case-Battle\\node_modules\\.bin\\.pglite-server-xnyTYzUt',
261 silly reify   'C:\\Users\\Administrator\\OneDrive - Innlandet fylkeskommune\\Skrivebord\\Case Battle\\Case-Battle\\node_modules\\.bin\\pglite-server.cmd': 'C:\\Users\\Administrator\\OneDrive - Innlandet fylkeskommune\\Skrivebord\\Case Battle\\Case-Battle\\node_modules\\.bin\\.pglite-server.cmd-BNS9xaaB',
261 silly reify   'C:\\Users\\Administrator\\OneDrive - Innlandet fylkeskommune\\Skrivebord\\Case Battle\\Case-Battle\\node_modules\\.bin\\pglite-server.ps1': 'C:\\Users\\Administrator\\OneDrive - Innlandet fylkeskommune\\Skrivebord\\Case Battle\\Case-Battle\\node_modules\\.bin\\.pglite-server.ps1-hpvbzfa3',
261 silly reify   'C:\\Users\\Administrator\\OneDrive - Innlandet fylkeskommune\\Skrivebord\\Case Battle\\Case-Battle\\node_modules\\@electric-sql\\pglite-tools': 'C:\\Users\\Administrator\\OneDrive - Innlandet fylkeskommune\\Skrivebord\\Case Battle\\Case-Battle\\node_modules\\@electric-sql\\.pglite-tools-JHb2hyO0',
261 silly reify   'C:\\Users\\Administrator\\OneDrive - Innlandet fylkeskommune\\Skrivebord\\Case Battle\\Case-Battle\\node_modules\\@hono\\node-server': 'C:\\Users\\Administrator\\OneDrive - Innlandet fylkeskommune\\Skrivebord\\Case Battle\\Case-Battle\\node_modules\\@hono\\.node-server-CIIQRfBo',
261 silly reify   'C:\\Users\\Administrator\\OneDrive - Innlandet fylkeskommune\\Skrivebord\\Case Battle\\Case-Battle\\node_modules\\@kurkle\\color': 'C:\\Users\\Administrator\\OneDrive - Innlandet fylkeskommune\\Skrivebord\\Case Battle\\Case-Battle\\node_modules\\@kurkle\\.color-91iVVrbG',
261 silly reify   'C:\\Users\\Administrator\\OneDrive - Innlandet fylkeskommune\\Skrivebord\\Case Battle\\Case-Battle\\node_modules\\@prisma\\config': 'C:\\Users\\Administrator\\OneDrive - Innlandet fylkeskommune\\Skrivebord\\Case Battle\\Case-Battle\\node_modules\\@prisma\\.config-KHl7g5R8',
261 silly reify   'C:\\Users\\Administrator\\OneDrive - Innlandet fylkeskommune\\Skrivebord\\Case Battle\\Case-Battle\\node_modules\\@prisma\\dev': 'C:\\Users\\Administrator\\OneDrive - Innlandet fylkeskommune\\Skrivebord\\Case Battle\\Case-Battle\\node_modules\\@prisma\\.dev-tlEW1GvG',
261 silly reify   'C:\\Users\\Administrator\\OneDrive - Innlandet fylkeskommune\\Skrivebord\\Case Battle\\Case-Battle\\node_modules\\@prisma\\debug': 'C:\\Users\\Administrator\\OneDrive - Innlandet fylkeskommune\\Skrivebord\\Case Battle\\Case-Battle\\node_modules\\@prisma\\.debug-QBLgiF9o',
261 silly reify   'C:\\Users\\Administrator\\OneDrive - Innlandet fylkeskommune\\Skrivebord\\Case Battle\\Case-Battle\\node_modules\\@prisma\\engines': 'C:\\Users\\Administrator\\OneDrive - Innlandet fylkeskommune\\Skrivebord\\Case Battle\\Case-Battle\\node_modules\\@prisma\\.engines-CD1s8vQk',
261 silly reify   'C:\\Users\\Administrator\\OneDrive - Innlandet fylkeskommune\\Skrivebord\\Case Battle\\Case-Battle\\node_modules\\@prisma\\fetch-engine': 'C:\\Users\\Administrator\\OneDrive - Innlandet fylkeskommune\\Skrivebord\\Case Battle\\Case-Battle\\node_modules\\@prisma\\.fetch-engine-jCVTt3hq',
261 silly reify   'C:\\Users\\Administrator\\OneDrive - Innlandet fylkeskommune\\Skrivebord\\Case Battle\\Case-Battle\\node_modules\\@prisma\\engines-version': 'C:\\Users\\Administrator\\OneDrive - Innlandet fylkeskommune\\Skrivebord\\Case Battle\\Case-Battle\\node_modules\\@prisma\\.engines-version-8w3MoT7l',
261 silly reify   'C:\\Users\\Administrator\\OneDrive - Innlandet fylkeskommune\\Skrivebord\\Case Battle\\Case-Battle\\node_modules\\@prisma\\client-runtime-utils': 'C:\\Users\\Administrator\\OneDrive - Innlandet fylkeskommune\\Skrivebord\\Case Battle\\Case-Battle\\node_modules\\@prisma\\.client-runtime-utils-70r4YmE8',
261 silly reify   'C:\\Users\\Administrator\\OneDrive - Innlandet fylkeskommune\\Skrivebord\\Case Battle\\Case-Battle\\node_modules\\@prisma\\studio-core': 'C:\\Users\\Administrator\\OneDrive - Innlandet fylkeskommune\\Skrivebord\\Case Battle\\Case-Battle\\node_modules\\@prisma\\.studio-core-PiwCDS6J',
261 silly reify   'C:\\Users\\Administrator\\OneDrive - Innlandet fylkeskommune\\Skrivebord\\Case Battle\\Case-Battle\\node_modules\\@prisma\\get-platform': 'C:\\Users\\Administrator\\OneDrive - Innlandet fylkeskommune\\Skrivebord\\Case Battle\\Case-Battle\\node_modules\\@prisma\\.get-platform-SrT7J4LX',
261 silly reify   'C:\\Users\\Administrator\\OneDrive - Innlandet fylkeskommune\\Skrivebord\\Case Battle\\Case-Battle\\node_modules\\@prisma\\streams-local': 'C:\\Users\\Administrator\\OneDrive - Innlandet fylkeskommune\\Skrivebord\\Case Battle\\Case-Battle\\node_modules\\@prisma\\.streams-local-7ORbJcBW',
261 silly reify   'C:\\Users\\Administrator\\OneDrive - Innlandet fylkeskommune\\Skrivebord\\Case Battle\\Case-Battle\\node_modules\\@prisma\\client': 'C:\\Users\\Administrator\\OneDrive - Innlandet fylkeskommune\\Skrivebord\\Case Battle\\Case-Battle\\node_modules\\@prisma\\.client-CVPkBnID',
261 silly reify   'C:\\Users\\Administrator\\OneDrive - Innlandet fylkeskommune\\Skrivebord\\Case Battle\\Case-Battle\\node_modules\\@prisma\\query-plan-executor': 'C:\\Users\\Administrator\\OneDrive - Innlandet fylkeskommune\\Skrivebord\\Case Battle\\Case-Battle\\node_modules\\@prisma\\.query-plan-executor-4TnK3SNU',
261 silly reify   'C:\\Users\\Administrator\\OneDrive - Innlandet fylkeskommune\\Skrivebord\\Case Battle\\Case-Battle\\node_modules\\@radix-ui\\primitive': 'C:\\Users\\Administrator\\OneDrive - Innlandet fylkeskommune\\Skrivebord\\Case Battle\\Case-Battle\\node_modules\\@radix-ui\\.primitive-fxGXvN2V',
261 silly reify   'C:\\Users\\Administrator\\OneDrive - Innlandet fylkeskommune\\Skrivebord\\Case Battle\\Case-Battle\\node_modules\\@radix-ui\\react-slot': 'C:\\Users\\Administrator\\OneDrive - Innlandet fylkeskommune\\Skrivebord\\Case Battle\\Case-Battle\\node_modules\\@radix-ui\\.react-slot-l4VWZkKG',
261 silly reify   'C:\\Users\\Administrator\\OneDrive - Innlandet fylkeskommune\\Skrivebord\\Case Battle\\Case-Battle\\node_modules\\@radix-ui\\react-compose-refs': 'C:\\Users\\Administrator\\OneDrive - Innlandet fylkeskommune\\Skrivebord\\Case Battle\\Case-Battle\\node_modules\\@radix-ui\\.react-compose-refs-nySxgrcB',
261 silly reify   'C:\\Users\\Administrator\\OneDrive - Innlandet fylkeskommune\\Skrivebord\\Case Battle\\Case-Battle\\node_modules\\@radix-ui\\react-use-controllable-state': 'C:\\Users\\Administrator\\OneDrive - Innlandet fylkeskommune\\Skrivebord\\Case Battle\\Case-Battle\\node_modules\\@radix-ui\\.react-use-controllable-state-ycgIqZDY',
261 silly reify   'C:\\Users\\Administrator\\OneDrive - Innlandet fylkeskommune\\Skrivebord\\Case Battle\\Case-Battle\\node_modules\\@radix-ui\\react-use-layout-effect': 'C:\\Users\\Administrator\\OneDrive - Innlandet fylkeskommune\\Skrivebord\\Case Battle\\Case-Battle\\node_modules\\@radix-ui\\.react-use-layout-effect-HC1uTcrw',
261 silly reify   'C:\\Users\\Administrator\\OneDrive - Innlandet fylkeskommune\\Skrivebord\\Case Battle\\Case-Battle\\node_modules\\@radix-ui\\react-use-effect-event': 'C:\\Users\\Administrator\\OneDrive - Innlandet fylkeskommune\\Skrivebord\\Case Battle\\Case-Battle\\node_modules\\@radix-ui\\.react-use-effect-event-DCwYdafm'
261 silly reify }
262 silly audit bulk request {
262 silly audit   '@alloc/quick-lru': [ '5.2.0' ],
262 silly audit   '@cspotcode/source-map-support': [ '0.8.1' ],
262 silly audit   '@jridgewell/trace-mapping': [ '0.3.9', '0.3.31' ],
262 silly audit   '@emnapi/core': [ '1.10.0' ],
262 silly audit   '@emnapi/runtime': [ '1.10.0' ],
262 silly audit   '@emnapi/wasi-threads': [ '1.2.1' ],
262 silly audit   '@eslint-community/eslint-utils': [ '4.9.1' ],
262 silly audit   '@eslint-community/regexpp': [ '4.12.2' ],
262 silly audit   '@eslint/eslintrc': [ '2.1.4' ],
262 silly audit   '@eslint/js': [ '8.57.1' ],
262 silly audit   '@humanwhocodes/config-array': [ '0.13.0' ],
262 silly audit   '@humanwhocodes/module-importer': [ '1.0.1' ],
262 silly audit   '@humanwhocodes/object-schema': [ '2.0.3' ],
262 silly audit   '@isaacs/cliui': [ '8.0.2' ],
262 silly audit   'ansi-regex': [ '6.2.2', '5.0.1' ],
262 silly audit   'strip-ansi': [ '7.2.0', '6.0.1' ],
262 silly audit   '@jridgewell/gen-mapping': [ '0.3.13' ],
262 silly audit   '@jridgewell/resolve-uri': [ '3.1.2' ],
262 silly audit   '@jridgewell/sourcemap-codec': [ '1.5.5' ],
262 silly audit   '@napi-rs/wasm-runtime': [ '0.2.12' ],
262 silly audit   '@next/env': [ '14.2.35' ],
262 silly audit   '@next/eslint-plugin-next': [ '14.2.35' ],
262 silly audit   '@next/swc-darwin-arm64': [ '14.2.33' ],
262 silly audit   '@next/swc-darwin-x64': [ '14.2.33' ],
262 silly audit   '@next/swc-linux-arm64-gnu': [ '14.2.33' ],
262 silly audit   '@next/swc-linux-arm64-musl': [ '14.2.33' ],
262 silly audit   '@next/swc-linux-x64-gnu': [ '14.2.33' ],
262 silly audit   '@next/swc-linux-x64-musl': [ '14.2.33' ],
262 silly audit   '@next/swc-win32-arm64-msvc': [ '14.2.33' ],
262 silly audit   '@next/swc-win32-ia32-msvc': [ '14.2.33' ],
262 silly audit   '@next/swc-win32-x64-msvc': [ '14.2.33' ],
262 silly audit   '@nodelib/fs.scandir': [ '2.1.5' ],
262 silly audit   '@nodelib/fs.stat': [ '2.0.5' ],
262 silly audit   '@nodelib/fs.walk': [ '1.2.8' ],
262 silly audit   '@nolyfill/is-core-module': [ '1.0.39' ],
262 silly audit   '@pkgjs/parseargs': [ '0.11.0' ],
262 silly audit   ajv: [ '6.15.0' ],
262 silly audit   'json-schema-traverse': [ '0.4.1' ],
262 silly audit   '@rtsao/scc': [ '1.1.0' ],
262 silly audit   '@rushstack/eslint-patch': [ '1.16.1' ],
262 silly audit   '@swc/counter': [ '0.1.3' ],
262 silly audit   '@swc/helpers': [ '0.5.5' ],
262 silly audit   '@tsconfig/node10': [ '1.0.12' ],
262 silly audit   '@tsconfig/node12': [ '1.0.11' ],
262 silly audit   '@tsconfig/node14': [ '1.0.3' ],
262 silly audit   '@tsconfig/node16': [ '1.0.4' ],
262 silly audit   '@tybys/wasm-util': [ '0.10.2' ],
262 silly audit   '@types/json5': [ '0.0.29' ],
262 silly audit   '@types/node': [ '20.19.39' ],
262 silly audit   '@types/prop-types': [ '15.7.15' ],
262 silly audit   '@types/react': [ '18.3.28' ],
262 silly audit   '@types/react-dom': [ '18.3.7' ],
262 silly audit   '@typescript-eslint/eslint-plugin': [ '8.59.1' ],
262 silly audit   ignore: [ '7.0.5', '5.3.2' ],
262 silly audit   '@typescript-eslint/parser': [ '8.59.1' ],
262 silly audit   '@typescript-eslint/project-service': [ '8.59.1' ],
262 silly audit   '@typescript-eslint/scope-manager': [ '8.59.1' ],
262 silly audit   '@typescript-eslint/tsconfig-utils': [ '8.59.1' ],
262 silly audit   '@typescript-eslint/type-utils': [ '8.59.1' ],
262 silly audit   '@typescript-eslint/types': [ '8.59.1' ],
262 silly audit   '@typescript-eslint/typescript-estree': [ '8.59.1' ],
262 silly audit   'balanced-match': [ '4.0.4', '1.0.2' ],
262 silly audit   'brace-expansion': [ '5.0.5', '1.1.14', '2.1.0' ],
262 silly audit   minimatch: [ '10.2.5', '9.0.9', '3.1.5' ],
262 silly audit   '@typescript-eslint/utils': [ '8.59.1' ],
262 silly audit   '@typescript-eslint/visitor-keys': [ '8.59.1' ],
262 silly audit   'eslint-visitor-keys': [ '5.0.1', '3.4.3' ],
262 silly audit   '@ungap/structured-clone': [ '1.3.0' ],
262 silly audit   '@unrs/resolver-binding-android-arm-eabi': [ '1.11.1' ],
262 silly audit   '@unrs/resolver-binding-android-arm64': [ '1.11.1' ],
262 silly audit   '@unrs/resolver-binding-darwin-arm64': [ '1.11.1' ],
262 silly audit   '@unrs/resolver-binding-darwin-x64': [ '1.11.1' ],
262 silly audit   '@unrs/resolver-binding-freebsd-x64': [ '1.11.1' ],
262 silly audit   '@unrs/resolver-binding-linux-arm-gnueabihf': [ '1.11.1' ],
262 silly audit   '@unrs/resolver-binding-linux-arm-musleabihf': [ '1.11.1' ],
262 silly audit   '@unrs/resolver-binding-linux-arm64-gnu': [ '1.11.1' ],
262 silly audit   '@unrs/resolver-binding-linux-arm64-musl': [ '1.11.1' ],
262 silly audit   '@unrs/resolver-binding-linux-ppc64-gnu': [ '1.11.1' ],
262 silly audit   '@unrs/resolver-binding-linux-riscv64-gnu': [ '1.11.1' ],
262 silly audit   '@unrs/resolver-binding-linux-riscv64-musl': [ '1.11.1' ],
262 silly audit   '@unrs/resolver-binding-linux-s390x-gnu': [ '1.11.1' ],
262 silly audit   '@unrs/resolver-binding-linux-x64-gnu': [ '1.11.1' ],
262 silly audit   '@unrs/resolver-binding-linux-x64-musl': [ '1.11.1' ],
262 silly audit   '@unrs/resolver-binding-wasm32-wasi': [ '1.11.1' ],
262 silly audit   '@unrs/resolver-binding-win32-arm64-msvc': [ '1.11.1' ],
262 silly audit   '@unrs/resolver-binding-win32-ia32-msvc': [ '1.11.1' ],
262 silly audit   '@unrs/resolver-binding-win32-x64-msvc': [ '1.11.1' ],
262 silly audit   acorn: [ '8.16.0' ],
262 silly audit   'acorn-jsx': [ '5.3.2' ],
262 silly audit   'acorn-walk': [ '8.3.5' ],
262 silly audit   'ansi-styles': [ '4.3.0', '6.2.3' ],
262 silly audit   'any-promise': [ '1.3.0' ],
262 silly audit   anymatch: [ '3.1.3' ],
262 silly audit   arg: [ '5.0.2', '4.1.3' ],
262 silly audit   argparse: [ '2.0.1' ],
262 silly audit   'aria-query': [ '5.3.2' ],
262 silly audit   'array-buffer-byte-length': [ '1.0.2' ],
262 silly audit   'array-includes': [ '3.1.9' ],
262 silly audit   'array.prototype.findlast': [ '1.2.5' ],
262 silly audit   'array.prototype.findlastindex': [ '1.2.6' ],
262 silly audit   'array.prototype.flat': [ '1.3.3' ],
262 silly audit   'array.prototype.flatmap': [ '1.3.3' ],
262 silly audit   'array.prototype.tosorted': [ '1.1.4' ],
262 silly audit   'arraybuffer.prototype.slice': [ '1.0.4' ],
262 silly audit   'ast-types-flow': [ '0.0.8' ],
262 silly audit   'async-function': [ '1.0.0' ],
262 silly audit   'available-typed-arrays': [ '1.0.7' ],
262 silly audit   'axe-core': [ '4.11.4' ],
262 silly audit   'axobject-query': [ '4.1.0' ],
262 silly audit   'binary-extensions': [ '2.3.0' ],
262 silly audit   braces: [ '3.0.3' ],
262 silly audit   busboy: [ '1.6.0' ],
262 silly audit   chokidar: [ '3.6.0', '4.0.3' ],
262 silly audit   jiti: [ '1.21.7', '2.6.1' ],
262 silly audit   readdirp: [ '3.6.0', '4.1.2' ],
262 silly audit   'call-bind': [ '1.0.9' ],
262 silly audit   'call-bind-apply-helpers': [ '1.0.2' ],
262 silly audit   'call-bound': [ '1.0.4' ],
262 silly audit   callsites: [ '3.1.0' ],
262 silly audit   'camelcase-css': [ '2.0.1' ],
262 silly audit   'caniuse-lite': [ '1.0.30001791' ],
262 silly audit   chalk: [ '4.1.2' ],
262 silly audit   'glob-parent': [ '5.1.2', '6.0.2' ],
262 silly audit   'client-only': [ '0.0.1' ],
262 silly audit   clsx: [ '2.1.1' ],
262 silly audit   'color-convert': [ '2.0.1' ],
262 silly audit   'color-name': [ '1.1.4' ],
262 silly audit   commander: [ '4.1.1' ],
262 silly audit   'concat-map': [ '0.0.1' ],
262 silly audit   'create-require': [ '1.1.1' ],
262 silly audit   'cross-spawn': [ '7.0.6' ],
262 silly audit   cssesc: [ '3.0.0' ],
262 silly audit   csstype: [ '3.2.3' ],
262 silly audit   'damerau-levenshtein': [ '1.0.8' ],
262 silly audit   'data-view-buffer': [ '1.0.2' ],
262 silly audit   'data-view-byte-length': [ '1.0.2' ],
262 silly audit   'data-view-byte-offset': [ '1.0.1' ],
262 silly audit   debug: [ '4.4.3', '3.2.7' ],
262 silly audit   'deep-is': [ '0.1.4' ],
262 silly audit   'define-data-property': [ '1.1.4' ],
262 silly audit   'define-properties': [ '1.2.1' ],
262 silly audit   didyoumean: [ '1.2.2' ],
262 silly audit   diff: [ '4.0.4' ],
262 silly audit   dlv: [ '1.1.3' ],
262 silly audit   doctrine: [ '3.0.0', '2.1.0' ],
262 silly audit   'dunder-proto': [ '1.0.1' ],
262 silly audit   eastasianwidth: [ '0.2.0' ],
262 silly audit   'emoji-regex': [ '9.2.2', '8.0.0' ],
262 silly audit   'es-abstract': [ '1.24.2' ],
262 silly audit   'es-define-property': [ '1.0.1' ],
262 silly audit   'es-errors': [ '1.3.0' ],
262 silly audit   'es-iterator-helpers': [ '1.3.2' ],
262 silly audit   'es-object-atoms': [ '1.1.1' ],
262 silly audit   'es-set-tostringtag': [ '2.1.0' ],
262 silly audit   'es-shim-unscopables': [ '1.1.0' ],
262 silly audit   'es-to-primitive': [ '1.3.0' ],
262 silly audit   'escape-string-regexp': [ '4.0.0' ],
262 silly audit   eslint: [ '8.57.1' ],
262 silly audit   'eslint-config-next': [ '14.2.35' ],
262 silly audit   'eslint-import-resolver-node': [ '0.3.10' ],
262 silly audit   'eslint-import-resolver-typescript': [ '3.10.1' ],
262 silly audit   'eslint-module-utils': [ '2.12.1' ],
262 silly audit   'eslint-plugin-import': [ '2.32.0' ],
262 silly audit   semver: [ '6.3.1', '7.7.4' ],
262 silly audit   'eslint-plugin-jsx-a11y': [ '6.10.2' ],
262 silly audit   'eslint-plugin-react': [ '7.37.5' ],
262 silly audit   'eslint-plugin-react-hooks': [ '5.0.0-canary-7118f5dd7-20230705' ],
262 silly audit   'eslint-scope': [ '7.2.2' ],
262 silly audit   espree: [ '9.6.1' ],
262 silly audit   esquery: [ '1.7.0' ],
262 silly audit   esrecurse: [ '4.3.0' ],
262 silly audit   estraverse: [ '5.3.0' ],
262 silly audit   esutils: [ '2.0.3' ],
262 silly audit   'fast-deep-equal': [ '3.1.3' ],
262 silly audit   'fast-glob': [ '3.3.3' ],
262 silly audit   'fast-json-stable-stringify': [ '2.1.0' ],
262 silly audit   'fast-levenshtein': [ '2.0.6' ],
262 silly audit   fastq: [ '1.20.1' ],
262 silly audit   'file-entry-cache': [ '6.0.1' ],
262 silly audit   'fill-range': [ '7.1.1' ],
262 silly audit   'find-up': [ '5.0.0' ],
262 silly audit   'flat-cache': [ '3.2.0' ],
262 silly audit   flatted: [ '3.4.2' ],
262 silly audit   'for-each': [ '0.3.5' ],
262 silly audit   'foreground-child': [ '3.3.1' ],
262 silly audit   'framer-motion': [ '12.38.0' ],
262 silly audit   'fs.realpath': [ '1.0.0' ],
262 silly audit   fsevents: [ '2.3.3' ],
262 silly audit   'function-bind': [ '1.1.2' ],
262 silly audit   'function.prototype.name': [ '1.1.8' ],
262 silly audit   'functions-have-names': [ '1.2.3' ],
262 silly audit   'generator-function': [ '2.0.1' ],
262 silly audit   'get-intrinsic': [ '1.3.0' ],
262 silly audit   'get-proto': [ '1.0.1' ],
262 silly audit   'get-symbol-description': [ '1.1.0' ],
262 silly audit   'get-tsconfig': [ '4.14.0' ],
262 silly audit   glob: [ '10.3.10', '7.2.3' ],
262 silly audit   globals: [ '13.24.0' ],
262 silly audit   globalthis: [ '1.0.4' ],
262 silly audit   gopd: [ '1.2.0' ],
262 silly audit   'graceful-fs': [ '4.2.11' ],
262 silly audit   graphemer: [ '1.4.0' ],
262 silly audit   'has-bigints': [ '1.1.0' ],
262 silly audit   'has-flag': [ '4.0.0' ],
262 silly audit   'has-property-descriptors': [ '1.0.2' ],
262 silly audit   'has-proto': [ '1.2.0' ],
262 silly audit   'has-symbols': [ '1.1.0' ],
262 silly audit   'has-tostringtag': [ '1.0.2' ],
262 silly audit   hasown: [ '2.0.3' ],
262 silly audit   'import-fresh': [ '3.3.1' ],
262 silly audit   imurmurhash: [ '0.1.4' ],
262 silly audit   inflight: [ '1.0.6' ],
262 silly audit   inherits: [ '2.0.4' ],
262 silly audit   'internal-slot': [ '1.1.0' ],
262 silly audit   'is-array-buffer': [ '3.0.5' ],
262 silly audit   'is-async-function': [ '2.1.1' ],
262 silly audit   'is-bigint': [ '1.1.0' ],
262 silly audit   'is-binary-path': [ '2.1.0' ],
262 silly audit   'is-boolean-object': [ '1.2.2' ],
262 silly audit   'is-bun-module': [ '2.0.0' ],
262 silly audit   'is-callable': [ '1.2.7' ],
262 silly audit   'is-core-module': [ '2.16.1' ],
262 silly audit   'is-data-view': [ '1.0.2' ],
262 silly audit   'is-date-object': [ '1.1.0' ],
262 silly audit   'is-extglob': [ '2.1.1' ],
262 silly audit   'is-finalizationregistry': [ '1.1.1' ],
262 silly audit   'is-fullwidth-code-point': [ '3.0.0' ],
262 silly audit   'is-generator-function': [ '1.1.2' ],
262 silly audit   'is-glob': [ '4.0.3' ],
262 silly audit   'is-map': [ '2.0.3' ],
262 silly audit   'is-negative-zero': [ '2.0.3' ],
262 silly audit   'is-number': [ '7.0.0' ],
262 silly audit   'is-number-object': [ '1.1.1' ],
262 silly audit   'is-path-inside': [ '3.0.3' ],
262 silly audit   'is-regex': [ '1.2.1' ],
262 silly audit   'is-set': [ '2.0.3' ],
262 silly audit   'is-shared-array-buffer': [ '1.0.4' ],
262 silly audit   'is-string': [ '1.1.1' ],
262 silly audit   'is-symbol': [ '1.1.1' ],
262 silly audit   'is-typed-array': [ '1.1.15' ],
262 silly audit   'is-weakmap': [ '2.0.2' ],
262 silly audit   'is-weakref': [ '1.1.1' ],
262 silly audit   'is-weakset': [ '2.0.4' ],
262 silly audit   isarray: [ '2.0.5' ],
262 silly audit   isexe: [ '2.0.0' ],
262 silly audit   'iterator.prototype': [ '1.1.5' ],
262 silly audit   jackspeak: [ '2.3.6' ],
262 silly audit   'js-tokens': [ '4.0.0' ],
262 silly audit   'js-yaml': [ '4.1.1' ],
262 silly audit   'json-buffer': [ '3.0.1' ],
262 silly audit   'json-stable-stringify-without-jsonify': [ '1.0.1' ],
262 silly audit   json5: [ '1.0.2' ],
262 silly audit   'jsx-ast-utils': [ '3.3.5' ],
262 silly audit   keyv: [ '4.5.4' ],
262 silly audit   'language-subtag-registry': [ '0.3.23' ],
262 silly audit   'language-tags': [ '1.0.9' ],
262 silly audit   levn: [ '0.4.1' ],
262 silly audit   lilconfig: [ '3.1.3' ],
262 silly audit   'lines-and-columns': [ '1.2.4' ],
262 silly audit   'locate-path': [ '6.0.0' ],
262 silly audit   'lodash.merge': [ '4.6.2' ],
262 silly audit   'loose-envify': [ '1.4.0' ],
262 silly audit   'lru-cache': [ '10.4.3' ],
262 silly audit   'lucide-react': [ '1.14.0' ],
262 silly audit   'make-error': [ '1.3.6' ],
262 silly audit   'math-intrinsics': [ '1.1.0' ],
262 silly audit   merge2: [ '1.4.1' ],
262 silly audit   micromatch: [ '4.0.8' ],
262 silly audit   minimist: [ '1.2.8' ],
262 silly audit   minipass: [ '7.1.3' ],
262 silly audit   'motion-dom': [ '12.38.0' ],
262 silly audit   'motion-utils': [ '12.36.0' ],
262 silly audit   ms: [ '2.1.3' ],
262 silly audit   mz: [ '2.7.0' ],
262 silly audit   nanoid: [ '3.3.12' ],
262 silly audit   'napi-postinstall': [ '0.3.4' ],
262 silly audit   'natural-compare': [ '1.4.0' ],
262 silly audit   next: [ '14.2.35' ],
262 silly audit   postcss: [ '8.4.31', '8.5.13' ],
262 silly audit   'node-exports-info': [ '1.6.0' ],
262 silly audit   'normalize-path': [ '3.0.0' ],
262 silly audit   'object-assign': [ '4.1.1' ],
262 silly audit   'object-hash': [ '3.0.0' ],
262 silly audit   'object-inspect': [ '1.13.4' ],
262 silly audit   'object-keys': [ '1.1.1' ],
262 silly audit   'object.assign': [ '4.1.7' ],
262 silly audit   'object.entries': [ '1.1.9' ],
262 silly audit   'object.fromentries': [ '2.0.8' ],
262 silly audit   'object.groupby': [ '1.0.3' ],
262 silly audit   'object.values': [ '1.2.1' ],
262 silly audit   once: [ '1.4.0' ],
262 silly audit   optionator: [ '0.9.4' ],
262 silly audit   'own-keys': [ '1.0.1' ],
262 silly audit   'p-limit': [ '3.1.0' ],
262 silly audit   'p-locate': [ '5.0.0' ],
262 silly audit   'parent-module': [ '1.0.1' ],
262 silly audit   'path-exists': [ '4.0.0' ],
262 silly audit   'path-is-absolute': [ '1.0.1' ],
262 silly audit   'path-key': [ '3.1.1' ],
262 silly audit   'path-parse': [ '1.0.7' ],
262 silly audit   'path-scurry': [ '1.11.1' ],
262 silly audit   picocolors: [ '1.1.1' ],
262 silly audit   picomatch: [ '2.3.2', '4.0.4' ],
262 silly audit   pify: [ '2.3.0' ],
262 silly audit   pirates: [ '4.0.7' ],
262 silly audit   'possible-typed-array-names': [ '1.1.0' ],
262 silly audit   'postcss-import': [ '15.1.0' ],
262 silly audit   resolve: [ '1.22.12', '2.0.0-next.6' ],
262 silly audit   'postcss-js': [ '4.1.0' ],
262 silly audit   'postcss-load-config': [ '6.0.1' ],
262 silly audit   'postcss-nested': [ '6.2.0' ],
262 silly audit   'postcss-selector-parser': [ '6.1.2' ],
262 silly audit   'postcss-value-parser': [ '4.2.0' ],
262 silly audit   'prelude-ls': [ '1.2.1' ],
262 silly audit   'prop-types': [ '15.8.1' ],
262 silly audit   'signal-exit': [ '4.1.0' ],
262 silly audit   punycode: [ '2.3.1' ],
262 silly audit   'queue-microtask': [ '1.2.3' ],
262 silly audit   react: [ '18.3.1' ],
262 silly audit   'react-dom': [ '18.3.1' ],
262 silly audit   'react-is': [ '16.13.1' ],
262 silly audit   'read-cache': [ '1.0.0' ],
262 silly audit   'reflect.getprototypeof': [ '1.0.10' ],
262 silly audit   'regexp.prototype.flags': [ '1.5.4' ],
262 silly audit   'resolve-from': [ '4.0.0' ],
262 silly audit   'resolve-pkg-maps': [ '1.0.0' ],
262 silly audit   reusify: [ '1.1.0' ],
262 silly audit   rimraf: [ '3.0.2' ],
262 silly audit   'run-parallel': [ '1.2.0' ],
262 silly audit   'safe-array-concat': [ '1.1.4' ],
262 silly audit   'safe-push-apply': [ '1.0.0' ],
262 silly audit   'safe-regex-test': [ '1.1.0' ],
262 silly audit   scheduler: [ '0.23.2' ],
262 silly audit   'set-function-length': [ '1.2.2' ],
262 silly audit   'set-function-name': [ '2.0.2' ],
262 silly audit   'set-proto': [ '1.0.0' ],
262 silly audit   'shebang-command': [ '2.0.0' ],
262 silly audit   'shebang-regex': [ '3.0.0' ],
262 silly audit   'side-channel': [ '1.1.0' ],
262 silly audit   'side-channel-list': [ '1.0.1' ],
262 silly audit   'side-channel-map': [ '1.0.1' ],
262 silly audit   'side-channel-weakmap': [ '1.0.2' ],
262 silly audit   'source-map-js': [ '1.2.1' ],
262 silly audit   'stable-hash': [ '0.0.5' ],
262 silly audit   'stop-iteration-iterator': [ '1.1.0' ],
262 silly audit   streamsearch: [ '1.1.0' ],
262 silly audit   'string-width': [ '5.1.2', '4.2.3' ],
262 silly audit   'string.prototype.includes': [ '2.0.1' ],
262 silly audit   'string.prototype.matchall': [ '4.0.12' ],
262 silly audit   'string.prototype.repeat': [ '1.0.0' ],
262 silly audit   'string.prototype.trim': [ '1.2.10' ],
262 silly audit   'string.prototype.trimend': [ '1.0.9' ],
262 silly audit   'string.prototype.trimstart': [ '1.0.8' ],
262 silly audit   'strip-bom': [ '3.0.0' ],
262 silly audit   'strip-json-comments': [ '3.1.1' ],
262 silly audit   'styled-jsx': [ '5.1.1' ],
262 silly audit   sucrase: [ '3.35.1' ],
262 silly audit   'supports-color': [ '7.2.0' ],
262 silly audit   'supports-preserve-symlinks-flag': [ '1.0.0' ],
262 silly audit   'tailwind-merge': [ '3.5.0' ],
262 silly audit   tailwindcss: [ '3.4.19' ],
262 silly audit   'text-table': [ '0.2.0' ],
262 silly audit   thenify: [ '3.3.1' ],
262 silly audit   'thenify-all': [ '1.6.0' ],
262 silly audit   tinyglobby: [ '0.2.16' ],
262 silly audit   fdir: [ '6.5.0' ],
262 silly audit   'to-regex-range': [ '5.0.1' ],
262 silly audit   'ts-api-utils': [ '2.5.0' ],
262 silly audit   'ts-interface-checker': [ '0.1.13' ],
262 silly audit   'ts-node': [ '10.9.2' ],
262 silly audit   'tsconfig-paths': [ '3.15.0' ],
262 silly audit   tslib: [ '2.8.1' ],
262 silly audit   'type-check': [ '0.4.0' ],
262 silly audit   'type-fest': [ '0.20.2' ],
262 silly audit   'typed-array-buffer': [ '1.0.3' ],
262 silly audit   'typed-array-byte-length': [ '1.0.3' ],
262 silly audit   'typed-array-byte-offset': [ '1.0.4' ],
262 silly audit   'typed-array-length': [ '1.0.7' ],
262 silly audit   typescript: [ '5.9.3' ],
262 silly audit   'unbox-primitive': [ '1.1.0' ],
262 silly audit   'undici-types': [ '6.21.0' ],
262 silly audit   'unrs-resolver': [ '1.11.1' ],
262 silly audit   'uri-js': [ '4.4.1' ],
262 silly audit   'util-deprecate': [ '1.0.2' ],
262 silly audit   'v8-compile-cache-lib': [ '3.0.1' ],
262 silly audit   which: [ '2.0.2' ],
262 silly audit   'which-boxed-primitive': [ '1.1.1' ],
262 silly audit   'which-builtin-type': [ '1.2.1' ],
262 silly audit   'which-collection': [ '1.0.2' ],
262 silly audit   'which-typed-array': [ '1.1.20' ],
262 silly audit   'word-wrap': [ '1.2.5' ],
262 silly audit   'wrap-ansi': [ '8.1.0', '7.0.0' ],
262 silly audit   wrappy: [ '1.0.2' ],
262 silly audit   yn: [ '3.1.1' ],
262 silly audit   'yocto-queue': [ '0.1.0' ],
262 silly audit   zod: [ '4.4.3' ],
262 silly audit   zustand: [ '5.0.12' ],
262 silly audit   '@prisma/client': [ '6.19.3' ],
262 silly audit   prisma: [ '6.19.3' ],
262 silly audit   '@prisma/config': [ '6.19.3' ],
262 silly audit   '@prisma/engines': [ '6.19.3' ],
262 silly audit   c12: [ '3.1.0' ],
262 silly audit   'deepmerge-ts': [ '7.1.5' ],
262 silly audit   effect: [ '3.21.0' ],
262 silly audit   empathic: [ '2.0.0' ],
262 silly audit   '@prisma/debug': [ '6.19.3' ],
262 silly audit   '@prisma/engines-version': [ '7.1.1-3.c2990dca591cba766e3b7ef5d9e8a84796e47ab7' ],
262 silly audit   '@prisma/fetch-engine': [ '6.19.3' ],
262 silly audit   '@prisma/get-platform': [ '6.19.3' ],
262 silly audit   confbox: [ '0.2.4' ],
262 silly audit   defu: [ '6.1.7' ],
262 silly audit   dotenv: [ '16.6.1' ],
262 silly audit   exsolve: [ '1.0.8' ],
262 silly audit   giget: [ '2.0.0' ],
262 silly audit   ohash: [ '2.0.11' ],
262 silly audit   pathe: [ '2.0.3' ],
262 silly audit   'perfect-debounce': [ '1.0.0' ],
262 silly audit   'pkg-types': [ '2.3.1' ],
262 silly audit   rc9: [ '2.1.2' ],
262 silly audit   '@standard-schema/spec': [ '1.1.0' ],
262 silly audit   'fast-check': [ '3.23.2' ],
262 silly audit   'pure-rand': [ '6.1.0' ],
262 silly audit   citty: [ '0.1.6', '0.2.2' ],
262 silly audit   consola: [ '3.4.2' ],
262 silly audit   'node-fetch-native': [ '1.6.7' ],
262 silly audit   nypm: [ '0.6.6' ],
262 silly audit   tinyexec: [ '1.1.2' ],
262 silly audit   destr: [ '2.0.5' ]
262 silly audit }
263 http cache @prisma/get-platform@https://registry.npmjs.org/@prisma/get-platform/-/get-platform-6.19.3.tgz 0ms (cache hit)
264 http cache @prisma/fetch-engine@https://registry.npmjs.org/@prisma/fetch-engine/-/fetch-engine-6.19.3.tgz 0ms (cache hit)
265 http cache @prisma/engines@https://registry.npmjs.org/@prisma/engines/-/engines-6.19.3.tgz 0ms (cache hit)
266 http cache consola@https://registry.npmjs.org/consola/-/consola-3.4.2.tgz 0ms (cache hit)
267 http cache nypm@https://registry.npmjs.org/nypm/-/nypm-0.6.6.tgz 0ms (cache hit)
268 http cache citty@https://registry.npmjs.org/citty/-/citty-0.1.6.tgz 1ms (cache hit)
269 http cache @prisma/client@https://registry.npmjs.org/@prisma/client/-/client-6.19.3.tgz 0ms (cache hit)
270 http cache node-fetch-native@https://registry.npmjs.org/node-fetch-native/-/node-fetch-native-1.6.7.tgz 0ms (cache hit)
271 http cache tinyexec@https://registry.npmjs.org/tinyexec/-/tinyexec-1.1.2.tgz 0ms (cache hit)
272 http cache @prisma/engines-version@https://registry.npmjs.org/@prisma/engines-version/-/engines-version-7.1.1-3.c2990dca591cba766e3b7ef5d9e8a84796e47ab7.tgz 0ms (cache hit)
273 http cache rc9@https://registry.npmjs.org/rc9/-/rc9-2.1.2.tgz 0ms (cache hit)
274 silly tarball no local data for @prisma/get-platform@https://registry.npmjs.org/@prisma/get-platform/-/get-platform-6.19.3.tgz. Extracting by manifest.
275 silly tarball no local data for @prisma/fetch-engine@https://registry.npmjs.org/@prisma/fetch-engine/-/fetch-engine-6.19.3.tgz. Extracting by manifest.
276 http cache perfect-debounce@https://registry.npmjs.org/perfect-debounce/-/perfect-debounce-1.0.0.tgz 0ms (cache hit)
277 http cache prisma@https://registry.npmjs.org/prisma/-/prisma-6.19.3.tgz 0ms (cache hit)
278 http cache @prisma/config@https://registry.npmjs.org/@prisma/config/-/config-6.19.3.tgz 0ms (cache hit)
279 http cache giget@https://registry.npmjs.org/giget/-/giget-2.0.0.tgz 0ms (cache hit)
280 http cache @prisma/debug@https://registry.npmjs.org/@prisma/debug/-/debug-6.19.3.tgz 0ms (cache hit)
281 http cache effect@https://registry.npmjs.org/effect/-/effect-3.21.0.tgz 0ms (cache hit)
282 silly tarball no local data for @prisma/engines@https://registry.npmjs.org/@prisma/engines/-/engines-6.19.3.tgz. Extracting by manifest.
283 http cache chokidar@https://registry.npmjs.org/chokidar/-/chokidar-4.0.3.tgz 0ms (cache hit)
284 http cache citty@https://registry.npmjs.org/citty/-/citty-0.2.2.tgz 0ms (cache hit)
285 http cache readdirp@https://registry.npmjs.org/readdirp/-/readdirp-4.1.2.tgz 0ms (cache hit)
286 silly tarball no local data for consola@https://registry.npmjs.org/consola/-/consola-3.4.2.tgz. Extracting by manifest.
287 silly tarball no local data for nypm@https://registry.npmjs.org/nypm/-/nypm-0.6.6.tgz. Extracting by manifest.
288 silly tarball no local data for citty@https://registry.npmjs.org/citty/-/citty-0.1.6.tgz. Extracting by manifest.
289 silly tarball no local data for @prisma/client@https://registry.npmjs.org/@prisma/client/-/client-6.19.3.tgz. Extracting by manifest.
290 silly tarball no local data for node-fetch-native@https://registry.npmjs.org/node-fetch-native/-/node-fetch-native-1.6.7.tgz. Extracting by manifest.
291 http cache dotenv@https://registry.npmjs.org/dotenv/-/dotenv-16.6.1.tgz 0ms (cache hit)
292 http cache c12@https://registry.npmjs.org/c12/-/c12-3.1.0.tgz 0ms (cache hit)
293 silly tarball no local data for tinyexec@https://registry.npmjs.org/tinyexec/-/tinyexec-1.1.2.tgz. Extracting by manifest.
294 silly tarball no local data for @prisma/engines-version@https://registry.npmjs.org/@prisma/engines-version/-/engines-version-7.1.1-3.c2990dca591cba766e3b7ef5d9e8a84796e47ab7.tgz. Extracting by manifest.
295 silly tarball no local data for rc9@https://registry.npmjs.org/rc9/-/rc9-2.1.2.tgz. Extracting by manifest.
296 silly tarball no local data for perfect-debounce@https://registry.npmjs.org/perfect-debounce/-/perfect-debounce-1.0.0.tgz. Extracting by manifest.
297 silly tarball no local data for prisma@https://registry.npmjs.org/prisma/-/prisma-6.19.3.tgz. Extracting by manifest.
298 silly tarball no local data for @prisma/config@https://registry.npmjs.org/@prisma/config/-/config-6.19.3.tgz. Extracting by manifest.
299 silly tarball no local data for giget@https://registry.npmjs.org/giget/-/giget-2.0.0.tgz. Extracting by manifest.
300 silly tarball no local data for @prisma/debug@https://registry.npmjs.org/@prisma/debug/-/debug-6.19.3.tgz. Extracting by manifest.
301 silly tarball no local data for effect@https://registry.npmjs.org/effect/-/effect-3.21.0.tgz. Extracting by manifest.
302 silly tarball no local data for chokidar@https://registry.npmjs.org/chokidar/-/chokidar-4.0.3.tgz. Extracting by manifest.
303 silly tarball no local data for citty@https://registry.npmjs.org/citty/-/citty-0.2.2.tgz. Extracting by manifest.
304 silly tarball no local data for readdirp@https://registry.npmjs.org/readdirp/-/readdirp-4.1.2.tgz. Extracting by manifest.
305 silly tarball no local data for dotenv@https://registry.npmjs.org/dotenv/-/dotenv-16.6.1.tgz. Extracting by manifest.
306 silly tarball no local data for c12@https://registry.npmjs.org/c12/-/c12-3.1.0.tgz. Extracting by manifest.
307 http fetch GET 200 https://registry.npmjs.org/@prisma/engines/-/engines-6.19.3.tgz 192ms (cache miss)
308 http fetch GET 200 https://registry.npmjs.org/@prisma/debug/-/debug-6.19.3.tgz 320ms (cache miss)
309 http fetch GET 200 https://registry.npmjs.org/nypm/-/nypm-0.6.6.tgz 339ms (cache miss)
310 http fetch GET 200 https://registry.npmjs.org/citty/-/citty-0.1.6.tgz 354ms (cache miss)
311 http fetch GET 200 https://registry.npmjs.org/giget/-/giget-2.0.0.tgz 350ms (cache miss)
312 http fetch GET 200 https://registry.npmjs.org/@prisma/engines-version/-/engines-version-7.1.1-3.c2990dca591cba766e3b7ef5d9e8a84796e47ab7.tgz 369ms (cache miss)
313 http fetch POST 200 https://registry.npmjs.org/-/npm/v1/security/advisories/bulk 402ms
314 silly audit report {
314 silly audit report   glob: [
314 silly audit report     {
314 silly audit report       id: 1109842,
314 silly audit report       url: 'https://github.com/advisories/GHSA-5j98-mcp5-4vw2',
314 silly audit report       title: 'glob CLI: Command injection via -c/--cmd executes matches with shell:true',
314 silly audit report       severity: 'high',
314 silly audit report       vulnerable_versions: '>=10.2.0 <10.5.0',
314 silly audit report       cwe: [Array],
314 silly audit report       cvss: [Object]
314 silly audit report     }
314 silly audit report   ],
314 silly audit report   next: [
314 silly audit report     {
314 silly audit report       id: 1112593,
314 silly audit report       url: 'https://github.com/advisories/GHSA-9g9p-9gw9-jx7f',
314 silly audit report       title: 'Next.js self-hosted applications vulnerable to DoS via Image Optimizer remotePatterns configuration',
314 silly audit report       severity: 'moderate',
314 silly audit report       vulnerable_versions: '>=10.0.0 <15.5.10',
314 silly audit report       cwe: [Array],
314 silly audit report       cvss: [Object]
314 silly audit report     },
314 silly audit report     {
314 silly audit report       id: 1112653,
314 silly audit report       url: 'https://github.com/advisories/GHSA-h25m-26qc-wcjf',
314 silly audit report       title: 'Next.js HTTP request deserialization can lead to DoS when using insecure React Server Components',
314 silly audit report       severity: 'high',
314 silly audit report       vulnerable_versions: '>=13.0.0 <15.0.8',
314 silly audit report       cwe: [Array],
314 silly audit report       cvss: [Object]
314 silly audit report     },
314 silly audit report     {
314 silly audit report       id: 1114897,
314 silly audit report       url: 'https://github.com/advisories/GHSA-ggv3-7p47-pfv8',
314 silly audit report       title: 'Next.js: HTTP request smuggling in rewrites',
314 silly audit report       severity: 'moderate',
314 silly audit report       vulnerable_versions: '>=9.5.0 <15.5.13',
314 silly audit report       cwe: [Array],
314 silly audit report       cvss: [Object]
314 silly audit report     },
314 silly audit report     {
314 silly audit report       id: 1114940,
314 silly audit report       url: 'https://github.com/advisories/GHSA-3x4c-7xq6-9pq8',
314 silly audit report       title: 'Next.js: Unbounded next/image disk cache growth can exhaust storage',
314 silly audit report       severity: 'moderate',
314 silly audit report       vulnerable_versions: '>=10.0.0 <15.5.14',
314 silly audit report       cwe: [Array],
314 silly audit report       cvss: [Object]
314 silly audit report     },
314 silly audit report     {
314 silly audit report       id: 1116376,
314 silly audit report       url: 'https://github.com/advisories/GHSA-q4gf-8mx6-v5v3',
314 silly audit report       title: 'Next.js has a Denial of Service with Server Components',
314 silly audit report       severity: 'high',
314 silly audit report       vulnerable_versions: '>=13.0.0 <15.5.15',
314 silly audit report       cwe: [Array],
314 silly audit report       cvss: [Object]
314 silly audit report     }
314 silly audit report   ],
314 silly audit report   postcss: [
314 silly audit report     {
314 silly audit report       id: 1117015,
314 silly audit report       url: 'https://github.com/advisories/GHSA-qx2v-qp2m-jg93',
314 silly audit report       title: 'PostCSS has XSS via Unescaped </style> in its CSS Stringify Output',
314 silly audit report       severity: 'moderate',
314 silly audit report       vulnerable_versions: '<8.5.10',
314 silly audit report       cwe: [Array],
314 silly audit report       cvss: [Object]
314 silly audit report     }
314 silly audit report   ]
314 silly audit report }
315 silly packumentCache corgi:https://registry.npmjs.org/glob cache-miss
316 silly packumentCache corgi:https://registry.npmjs.org/next cache-miss
317 silly packumentCache corgi:https://registry.npmjs.org/postcss cache-miss
318 http fetch GET 200 https://registry.npmjs.org/perfect-debounce/-/perfect-debounce-1.0.0.tgz 407ms (cache miss)
319 http fetch GET 200 https://registry.npmjs.org/rc9/-/rc9-2.1.2.tgz 416ms (cache miss)
320 http fetch GET 200 https://registry.npmjs.org/tinyexec/-/tinyexec-1.1.2.tgz 459ms (cache miss)
321 http fetch GET 200 https://registry.npmjs.org/readdirp/-/readdirp-4.1.2.tgz 455ms (cache miss)
322 http fetch GET 200 https://registry.npmjs.org/citty/-/citty-0.2.2.tgz 459ms (cache miss)
323 http fetch GET 200 https://registry.npmjs.org/@prisma/config/-/config-6.19.3.tgz 465ms (cache miss)
324 http fetch GET 200 https://registry.npmjs.org/chokidar/-/chokidar-4.0.3.tgz 502ms (cache miss)
325 http fetch GET 200 https://registry.npmjs.org/c12/-/c12-3.1.0.tgz 496ms (cache miss)
326 http fetch GET 200 https://registry.npmjs.org/consola/-/consola-3.4.2.tgz 530ms (cache miss)
327 http fetch GET 200 https://registry.npmjs.org/dotenv/-/dotenv-16.6.1.tgz 517ms (cache miss)
328 http fetch GET 200 https://registry.npmjs.org/@prisma/get-platform/-/get-platform-6.19.3.tgz 612ms (cache miss)
329 http fetch GET 200 https://registry.npmjs.org/node-fetch-native/-/node-fetch-native-1.6.7.tgz 626ms (cache miss)
330 http fetch GET 200 https://registry.npmjs.org/@prisma/fetch-engine/-/fetch-engine-6.19.3.tgz 664ms (cache miss)
331 http fetch GET 200 https://registry.npmjs.org/postcss 320ms (cache revalidated)
332 silly packumentCache corgi:https://registry.npmjs.org/postcss set size:343029 disposed:false
333 http fetch GET 200 https://registry.npmjs.org/glob 331ms (cache revalidated)
334 silly packumentCache corgi:https://registry.npmjs.org/glob set size:199194 disposed:false
335 http fetch GET 200 https://registry.npmjs.org/next 407ms (cache revalidated)
336 silly packumentCache corgi:https://registry.npmjs.org/next set size:24842227 disposed:false
337 silly packumentCache corgi:https://registry.npmjs.org/@next%2feslint-plugin-next cache-miss
338 http fetch GET 200 https://registry.npmjs.org/@next%2feslint-plugin-next 139ms (cache revalidated)
339 silly packumentCache corgi:https://registry.npmjs.org/@next%2feslint-plugin-next set size:3206329 disposed:false
340 silly packumentCache corgi:https://registry.npmjs.org/eslint-config-next cache-miss
341 http fetch GET 200 https://registry.npmjs.org/eslint-config-next 179ms (cache revalidated)
342 silly packumentCache corgi:https://registry.npmjs.org/eslint-config-next set size:3858039 disposed:false
343 http fetch GET 200 https://registry.npmjs.org/prisma/-/prisma-6.19.3.tgz 9370ms (cache miss)
344 http fetch GET 200 https://registry.npmjs.org/@prisma/client/-/client-6.19.3.tgz 14572ms (cache miss)
345 http fetch GET 200 https://registry.npmjs.org/effect/-/effect-3.21.0.tgz 16577ms (cache miss)
346 info run prisma@6.19.3 preinstall node_modules/prisma node scripts/preinstall-entry.js
347 info run prisma@6.19.3 preinstall { code: 0, signal: null }
348 info run @prisma/client@6.19.3 postinstall node_modules/@prisma/client node scripts/postinstall.js
349 info run @prisma/engines@6.19.3 postinstall node_modules/@prisma/engines node scripts/postinstall.js
350 info run @prisma/engines@6.19.3 postinstall { code: 0, signal: null }
351 info run @prisma/client@6.19.3 postinstall { code: 0, signal: null }
352 silly ADD node_modules/tinyexec
353 silly ADD node_modules/nypm
354 silly ADD node_modules/nypm/node_modules/citty
355 silly ADD node_modules/node-fetch-native
356 silly ADD node_modules/consola
357 silly ADD node_modules/citty
358 silly REMOVE node_modules/@radix-ui/react-use-effect-event
359 silly REMOVE node_modules/@radix-ui/react-use-layout-effect
360 silly REMOVE node_modules/@radix-ui/react-use-controllable-state
361 silly REMOVE node_modules/@radix-ui/react-compose-refs
362 silly REMOVE node_modules/@radix-ui/react-slot
363 silly REMOVE node_modules/@radix-ui/primitive
364 silly REMOVE node_modules/@prisma/query-plan-executor
365 silly CHANGE node_modules/@prisma/client
366 silly REMOVE node_modules/@prisma/streams-local
367 silly REMOVE node_modules/@prisma/streams-local/node_modules/json-schema-traverse
368 silly REMOVE node_modules/@prisma/streams-local/node_modules/ajv
369 silly CHANGE node_modules/@prisma/get-platform
370 silly REMOVE node_modules/@prisma/get-platform/node_modules/@prisma/debug
371 silly REMOVE node_modules/@prisma/studio-core
372 silly REMOVE node_modules/@prisma/studio-core/node_modules/@radix-ui/react-toggle
373 silly REMOVE node_modules/@prisma/studio-core/node_modules/@radix-ui/react-toggle/node_modules/@radix-ui/react-primitive
374 silly REMOVE node_modules/@prisma/client-runtime-utils
375 silly CHANGE node_modules/@prisma/engines-version
376 silly CHANGE node_modules/@prisma/fetch-engine
377 silly REMOVE node_modules/@prisma/fetch-engine/node_modules/@prisma/get-platform
378 silly CHANGE node_modules/@prisma/engines
379 silly REMOVE node_modules/@prisma/engines/node_modules/@prisma/get-platform
380 silly CHANGE node_modules/@prisma/debug
381 silly REMOVE node_modules/@prisma/dev
382 silly CHANGE node_modules/@prisma/config
383 silly REMOVE node_modules/@kurkle/color
384 silly REMOVE node_modules/@hono/node-server
385 silly REMOVE node_modules/@electric-sql/pglite-tools
386 silly REMOVE node_modules/@electric-sql/pglite-socket
387 silly REMOVE node_modules/@electric-sql/pglite
388 silly REMOVE node_modules/zeptomatch
389 silly REMOVE node_modules/valibot
390 silly REMOVE node_modules/sqlstring
391 silly REMOVE node_modules/std-env
392 silly REMOVE node_modules/seq-queue
393 silly REMOVE node_modules/safer-buffer
394 silly REMOVE node_modules/retry
395 silly REMOVE node_modules/require-from-string
396 silly REMOVE node_modules/remeda
397 silly CHANGE node_modules/rc9
398 silly REMOVE node_modules/postgres
399 silly REMOVE node_modules/proper-lockfile
400 silly REMOVE node_modules/proper-lockfile/node_modules/signal-exit
401 silly CHANGE node_modules/prisma
402 silly CHANGE node_modules/perfect-debounce
403 silly REMOVE node_modules/mysql2
404 silly REMOVE node_modules/named-placeholders
405 silly REMOVE node_modules/long
406 silly REMOVE node_modules/lru.min
407 silly REMOVE node_modules/is-property
408 silly REMOVE node_modules/iconv-lite
409 silly REMOVE node_modules/http-status-codes
410 silly REMOVE node_modules/hono
411 silly REMOVE node_modules/graphmatch
412 silly REMOVE node_modules/grammex
413 silly CHANGE node_modules/giget
414 silly REMOVE node_modules/get-port-please
415 silly REMOVE node_modules/generate-function
416 silly REMOVE node_modules/fast-uri
417 silly REMOVE node_modules/env-paths
418 silly CHANGE node_modules/effect
419 silly CHANGE node_modules/dotenv
420 silly REMOVE node_modules/denque
421 silly REMOVE node_modules/chart.js
422 silly CHANGE node_modules/c12
423 silly CHANGE node_modules/c12/node_modules/chokidar
424 silly CHANGE node_modules/c12/node_modules/readdirp
425 silly REMOVE node_modules/better-result
426 silly REMOVE node_modules/aws-ssl-profiles
427 verbose cwd C:\Users\Administrator\OneDrive - Innlandet fylkeskommune\Skrivebord\Case Battle\Case-Battle
428 verbose os Windows_NT 10.0.26100
429 verbose node v24.13.0
430 verbose npm  v11.6.2
431 verbose exit 0
432 info ok
