0 verbose cli C:\nvm4w\nodejs\node.exe C:\nvm4w\nodejs\node_modules\npm\bin\npm-cli.js
1 info using npm@11.6.2
2 info using node@v24.13.0
3 silly config load:file:C:\Users\Administrator\AppData\Local\nvm\v24.13.0\node_modules\npm\npmrc
4 silly config load:file:C:\Users\Administrator\OneDrive - Innlandet fylkeskommune\Skrivebord\Case Battle\Case-Battle\.npmrc
5 silly config load:file:C:\Users\Administrator\.npmrc
6 silly config load:file:C:\nvm4w\nodejs\etc\npmrc
7 verbose title npm install
8 verbose argv "install"
9 verbose logfile logs-max:10 dir:C:\Users\Administrator\OneDrive - Innlandet fylkeskommune\Skrivebord\Case Battle\Case-Battle\.npm-cache\_logs\2026-05-04T12_55_57_631Z-
10 verbose logfile C:\Users\Administrator\OneDrive - Innlandet fylkeskommune\Skrivebord\Case Battle\Case-Battle\.npm-cache\_logs\2026-05-04T12_55_57_631Z-debug-0.log
11 silly logfile start cleaning logs, removing 1 files
12 silly packumentCache heap:4496293888 maxSize:1124073472 maxEntrySize:562036736
13 silly logfile done cleaning log files
14 silly idealTree buildDeps
15 silly reify mark retired [
15 silly reify   'C:\\Users\\Administrator\\OneDrive - Innlandet fylkeskommune\\Skrivebord\\Case Battle\\Case-Battle\\node_modules\\@cspotcode\\source-map-support'
15 silly reify ]
16 silly reify mark retired [
16 silly reify   'C:\\Users\\Administrator\\OneDrive - Innlandet fylkeskommune\\Skrivebord\\Case Battle\\Case-Battle\\node_modules\\@prisma\\client'
16 silly reify ]
17 silly reify mark retired [
17 silly reify   'C:\\Users\\Administrator\\OneDrive - Innlandet fylkeskommune\\Skrivebord\\Case Battle\\Case-Battle\\node_modules\\@prisma\\config'
17 silly reify ]
18 silly reify mark retired [
18 silly reify   'C:\\Users\\Administrator\\OneDrive - Innlandet fylkeskommune\\Skrivebord\\Case Battle\\Case-Battle\\node_modules\\@prisma\\debug'
18 silly reify ]
19 silly reify mark retired [
19 silly reify   'C:\\Users\\Administrator\\OneDrive - Innlandet fylkeskommune\\Skrivebord\\Case Battle\\Case-Battle\\node_modules\\@prisma\\engines'
19 silly reify ]
20 silly reify mark retired [
20 silly reify   'C:\\Users\\Administrator\\OneDrive - Innlandet fylkeskommune\\Skrivebord\\Case Battle\\Case-Battle\\node_modules\\@prisma\\engines-version'
20 silly reify ]
21 silly reify mark retired [
21 silly reify   'C:\\Users\\Administrator\\OneDrive - Innlandet fylkeskommune\\Skrivebord\\Case Battle\\Case-Battle\\node_modules\\@prisma\\fetch-engine'
21 silly reify ]
22 silly reify mark retired [
22 silly reify   'C:\\Users\\Administrator\\OneDrive - Innlandet fylkeskommune\\Skrivebord\\Case Battle\\Case-Battle\\node_modules\\@prisma\\get-platform'
22 silly reify ]
23 silly reify mark retired [
23 silly reify   'C:\\Users\\Administrator\\OneDrive - Innlandet fylkeskommune\\Skrivebord\\Case Battle\\Case-Battle\\node_modules\\@standard-schema\\spec'
23 silly reify ]
24 silly reify mark retired [
24 silly reify   'C:\\Users\\Administrator\\OneDrive - Innlandet fylkeskommune\\Skrivebord\\Case Battle\\Case-Battle\\node_modules\\@tsconfig\\node10'
24 silly reify ]
25 silly reify mark retired [
25 silly reify   'C:\\Users\\Administrator\\OneDrive - Innlandet fylkeskommune\\Skrivebord\\Case Battle\\Case-Battle\\node_modules\\@tsconfig\\node12'
25 silly reify ]
26 silly reify mark retired [
26 silly reify   'C:\\Users\\Administrator\\OneDrive - Innlandet fylkeskommune\\Skrivebord\\Case Battle\\Case-Battle\\node_modules\\@tsconfig\\node14'
26 silly reify ]
27 silly reify mark retired [
27 silly reify   'C:\\Users\\Administrator\\OneDrive - Innlandet fylkeskommune\\Skrivebord\\Case Battle\\Case-Battle\\node_modules\\@tsconfig\\node16'
27 silly reify ]
28 silly reify mark retired [
28 silly reify   'C:\\Users\\Administrator\\OneDrive - Innlandet fylkeskommune\\Skrivebord\\Case Battle\\Case-Battle\\node_modules\\acorn-walk'
28 silly reify ]
29 silly reify mark retired [
29 silly reify   'C:\\Users\\Administrator\\OneDrive - Innlandet fylkeskommune\\Skrivebord\\Case Battle\\Case-Battle\\node_modules\\c12'
29 silly reify ]
30 silly reify mark retired [
30 silly reify   'C:\\Users\\Administrator\\OneDrive - Innlandet fylkeskommune\\Skrivebord\\Case Battle\\Case-Battle\\node_modules\\citty'
30 silly reify ]
31 silly reify mark retired [
31 silly reify   'C:\\Users\\Administrator\\OneDrive - Innlandet fylkeskommune\\Skrivebord\\Case Battle\\Case-Battle\\node_modules\\confbox'
31 silly reify ]
32 silly reify mark retired [
32 silly reify   'C:\\Users\\Administrator\\OneDrive - Innlandet fylkeskommune\\Skrivebord\\Case Battle\\Case-Battle\\node_modules\\consola'
32 silly reify ]
33 silly reify mark retired [
33 silly reify   'C:\\Users\\Administrator\\OneDrive - Innlandet fylkeskommune\\Skrivebord\\Case Battle\\Case-Battle\\node_modules\\create-require'
33 silly reify ]
34 silly reify mark retired [
34 silly reify   'C:\\Users\\Administrator\\OneDrive - Innlandet fylkeskommune\\Skrivebord\\Case Battle\\Case-Battle\\node_modules\\deepmerge-ts'
34 silly reify ]
35 silly reify mark retired [
35 silly reify   'C:\\Users\\Administrator\\OneDrive - Innlandet fylkeskommune\\Skrivebord\\Case Battle\\Case-Battle\\node_modules\\defu'
35 silly reify ]
36 silly reify mark retired [
36 silly reify   'C:\\Users\\Administrator\\OneDrive - Innlandet fylkeskommune\\Skrivebord\\Case Battle\\Case-Battle\\node_modules\\destr'
36 silly reify ]
37 silly reify mark retired [
37 silly reify   'C:\\Users\\Administrator\\OneDrive - Innlandet fylkeskommune\\Skrivebord\\Case Battle\\Case-Battle\\node_modules\\diff'
37 silly reify ]
38 silly reify mark retired [
38 silly reify   'C:\\Users\\Administrator\\OneDrive - Innlandet fylkeskommune\\Skrivebord\\Case Battle\\Case-Battle\\node_modules\\dotenv'
38 silly reify ]
39 silly reify mark retired [
39 silly reify   'C:\\Users\\Administrator\\OneDrive - Innlandet fylkeskommune\\Skrivebord\\Case Battle\\Case-Battle\\node_modules\\effect'
39 silly reify ]
40 silly reify mark retired [
40 silly reify   'C:\\Users\\Administrator\\OneDrive - Innlandet fylkeskommune\\Skrivebord\\Case Battle\\Case-Battle\\node_modules\\empathic'
40 silly reify ]
41 silly reify mark retired [
41 silly reify   'C:\\Users\\Administrator\\OneDrive - Innlandet fylkeskommune\\Skrivebord\\Case Battle\\Case-Battle\\node_modules\\exsolve'
41 silly reify ]
42 silly reify mark retired [
42 silly reify   'C:\\Users\\Administrator\\OneDrive - Innlandet fylkeskommune\\Skrivebord\\Case Battle\\Case-Battle\\node_modules\\fast-check'
42 silly reify ]
43 silly reify mark retired [
43 silly reify   'C:\\Users\\Administrator\\OneDrive - Innlandet fylkeskommune\\Skrivebord\\Case Battle\\Case-Battle\\node_modules\\giget',
43 silly reify   'C:\\Users\\Administrator\\OneDrive - Innlandet fylkeskommune\\Skrivebord\\Case Battle\\Case-Battle\\node_modules\\.bin\\giget',
43 silly reify   'C:\\Users\\Administrator\\OneDrive - Innlandet fylkeskommune\\Skrivebord\\Case Battle\\Case-Battle\\node_modules\\.bin\\giget.cmd',
43 silly reify   'C:\\Users\\Administrator\\OneDrive - Innlandet fylkeskommune\\Skrivebord\\Case Battle\\Case-Battle\\node_modules\\.bin\\giget.ps1'
43 silly reify ]
44 silly reify mark retired [
44 silly reify   'C:\\Users\\Administrator\\OneDrive - Innlandet fylkeskommune\\Skrivebord\\Case Battle\\Case-Battle\\node_modules\\make-error'
44 silly reify ]
45 silly reify mark retired [
45 silly reify   'C:\\Users\\Administrator\\OneDrive - Innlandet fylkeskommune\\Skrivebord\\Case Battle\\Case-Battle\\node_modules\\node-fetch-native'
45 silly reify ]
46 silly reify mark retired [
46 silly reify   'C:\\Users\\Administrator\\OneDrive - Innlandet fylkeskommune\\Skrivebord\\Case Battle\\Case-Battle\\node_modules\\nypm',
46 silly reify   'C:\\Users\\Administrator\\OneDrive - Innlandet fylkeskommune\\Skrivebord\\Case Battle\\Case-Battle\\node_modules\\.bin\\nypm',
46 silly reify   'C:\\Users\\Administrator\\OneDrive - Innlandet fylkeskommune\\Skrivebord\\Case Battle\\Case-Battle\\node_modules\\.bin\\nypm.cmd',
46 silly reify   'C:\\Users\\Administrator\\OneDrive - Innlandet fylkeskommune\\Skrivebord\\Case Battle\\Case-Battle\\node_modules\\.bin\\nypm.ps1'
46 silly reify ]
47 silly reify mark retired [
47 silly reify   'C:\\Users\\Administrator\\OneDrive - Innlandet fylkeskommune\\Skrivebord\\Case Battle\\Case-Battle\\node_modules\\ohash'
47 silly reify ]
48 silly reify mark retired [
48 silly reify   'C:\\Users\\Administrator\\OneDrive - Innlandet fylkeskommune\\Skrivebord\\Case Battle\\Case-Battle\\node_modules\\pathe'
48 silly reify ]
49 silly reify mark retired [
49 silly reify   'C:\\Users\\Administrator\\OneDrive - Innlandet fylkeskommune\\Skrivebord\\Case Battle\\Case-Battle\\node_modules\\perfect-debounce'
49 silly reify ]
50 silly reify mark retired [
50 silly reify   'C:\\Users\\Administrator\\OneDrive - Innlandet fylkeskommune\\Skrivebord\\Case Battle\\Case-Battle\\node_modules\\pkg-types'
50 silly reify ]
51 silly reify mark retired [
51 silly reify   'C:\\Users\\Administrator\\OneDrive - Innlandet fylkeskommune\\Skrivebord\\Case Battle\\Case-Battle\\node_modules\\prisma',
51 silly reify   'C:\\Users\\Administrator\\OneDrive - Innlandet fylkeskommune\\Skrivebord\\Case Battle\\Case-Battle\\node_modules\\.bin\\prisma',
51 silly reify   'C:\\Users\\Administrator\\OneDrive - Innlandet fylkeskommune\\Skrivebord\\Case Battle\\Case-Battle\\node_modules\\.bin\\prisma.cmd',
51 silly reify   'C:\\Users\\Administrator\\OneDrive - Innlandet fylkeskommune\\Skrivebord\\Case Battle\\Case-Battle\\node_modules\\.bin\\prisma.ps1'
51 silly reify ]
52 silly reify mark retired [
52 silly reify   'C:\\Users\\Administrator\\OneDrive - Innlandet fylkeskommune\\Skrivebord\\Case Battle\\Case-Battle\\node_modules\\pure-rand'
52 silly reify ]
53 silly reify mark retired [
53 silly reify   'C:\\Users\\Administrator\\OneDrive - Innlandet fylkeskommune\\Skrivebord\\Case Battle\\Case-Battle\\node_modules\\rc9'
53 silly reify ]
54 silly reify mark retired [
54 silly reify   'C:\\Users\\Administrator\\OneDrive - Innlandet fylkeskommune\\Skrivebord\\Case Battle\\Case-Battle\\node_modules\\tinyexec'
54 silly reify ]
55 silly reify mark retired [
55 silly reify   'C:\\Users\\Administrator\\OneDrive - Innlandet fylkeskommune\\Skrivebord\\Case Battle\\Case-Battle\\node_modules\\ts-node',
55 silly reify   'C:\\Users\\Administrator\\OneDrive - Innlandet fylkeskommune\\Skrivebord\\Case Battle\\Case-Battle\\node_modules\\.bin\\ts-node',
55 silly reify   'C:\\Users\\Administrator\\OneDrive - Innlandet fylkeskommune\\Skrivebord\\Case Battle\\Case-Battle\\node_modules\\.bin\\ts-node.cmd',
55 silly reify   'C:\\Users\\Administrator\\OneDrive - Innlandet fylkeskommune\\Skrivebord\\Case Battle\\Case-Battle\\node_modules\\.bin\\ts-node.ps1',
55 silly reify   'C:\\Users\\Administrator\\OneDrive - Innlandet fylkeskommune\\Skrivebord\\Case Battle\\Case-Battle\\node_modules\\.bin\\ts-node-cwd',
55 silly reify   'C:\\Users\\Administrator\\OneDrive - Innlandet fylkeskommune\\Skrivebord\\Case Battle\\Case-Battle\\node_modules\\.bin\\ts-node-cwd.cmd',
55 silly reify   'C:\\Users\\Administrator\\OneDrive - Innlandet fylkeskommune\\Skrivebord\\Case Battle\\Case-Battle\\node_modules\\.bin\\ts-node-cwd.ps1',
55 silly reify   'C:\\Users\\Administrator\\OneDrive - Innlandet fylkeskommune\\Skrivebord\\Case Battle\\Case-Battle\\node_modules\\.bin\\ts-node-esm',
55 silly reify   'C:\\Users\\Administrator\\OneDrive - Innlandet fylkeskommune\\Skrivebord\\Case Battle\\Case-Battle\\node_modules\\.bin\\ts-node-esm.cmd',
55 silly reify   'C:\\Users\\Administrator\\OneDrive - Innlandet fylkeskommune\\Skrivebord\\Case Battle\\Case-Battle\\node_modules\\.bin\\ts-node-esm.ps1',
55 silly reify   'C:\\Users\\Administrator\\OneDrive - Innlandet fylkeskommune\\Skrivebord\\Case Battle\\Case-Battle\\node_modules\\.bin\\ts-node-script',
55 silly reify   'C:\\Users\\Administrator\\OneDrive - Innlandet fylkeskommune\\Skrivebord\\Case Battle\\Case-Battle\\node_modules\\.bin\\ts-node-script.cmd',
55 silly reify   'C:\\Users\\Administrator\\OneDrive - Innlandet fylkeskommune\\Skrivebord\\Case Battle\\Case-Battle\\node_modules\\.bin\\ts-node-script.ps1',
55 silly reify   'C:\\Users\\Administrator\\OneDrive - Innlandet fylkeskommune\\Skrivebord\\Case Battle\\Case-Battle\\node_modules\\.bin\\ts-node-transpile-only',
55 silly reify   'C:\\Users\\Administrator\\OneDrive - Innlandet fylkeskommune\\Skrivebord\\Case Battle\\Case-Battle\\node_modules\\.bin\\ts-node-transpile-only.cmd',
55 silly reify   'C:\\Users\\Administrator\\OneDrive - Innlandet fylkeskommune\\Skrivebord\\Case Battle\\Case-Battle\\node_modules\\.bin\\ts-node-transpile-only.ps1',
55 silly reify   'C:\\Users\\Administrator\\OneDrive - Innlandet fylkeskommune\\Skrivebord\\Case Battle\\Case-Battle\\node_modules\\.bin\\ts-script',
55 silly reify   'C:\\Users\\Administrator\\OneDrive - Innlandet fylkeskommune\\Skrivebord\\Case Battle\\Case-Battle\\node_modules\\.bin\\ts-script.cmd',
55 silly reify   'C:\\Users\\Administrator\\OneDrive - Innlandet fylkeskommune\\Skrivebord\\Case Battle\\Case-Battle\\node_modules\\.bin\\ts-script.ps1'
55 silly reify ]
56 silly reify mark retired [
56 silly reify   'C:\\Users\\Administrator\\OneDrive - Innlandet fylkeskommune\\Skrivebord\\Case Battle\\Case-Battle\\node_modules\\v8-compile-cache-lib'
56 silly reify ]
57 silly reify mark retired [
57 silly reify   'C:\\Users\\Administrator\\OneDrive - Innlandet fylkeskommune\\Skrivebord\\Case Battle\\Case-Battle\\node_modules\\yn'
57 silly reify ]
58 silly reify moves {
58 silly reify   'C:\\Users\\Administrator\\OneDrive - Innlandet fylkeskommune\\Skrivebord\\Case Battle\\Case-Battle\\node_modules\\@cspotcode\\source-map-support': 'C:\\Users\\Administrator\\OneDrive - Innlandet fylkeskommune\\Skrivebord\\Case Battle\\Case-Battle\\node_modules\\@cspotcode\\.source-map-support-sWAHjbVd',
58 silly reify   'C:\\Users\\Administrator\\OneDrive - Innlandet fylkeskommune\\Skrivebord\\Case Battle\\Case-Battle\\node_modules\\@prisma\\client': 'C:\\Users\\Administrator\\OneDrive - Innlandet fylkeskommune\\Skrivebord\\Case Battle\\Case-Battle\\node_modules\\@prisma\\.client-CVPkBnID',
58 silly reify   'C:\\Users\\Administrator\\OneDrive - Innlandet fylkeskommune\\Skrivebord\\Case Battle\\Case-Battle\\node_modules\\@prisma\\config': 'C:\\Users\\Administrator\\OneDrive - Innlandet fylkeskommune\\Skrivebord\\Case Battle\\Case-Battle\\node_modules\\@prisma\\.config-KHl7g5R8',
58 silly reify   'C:\\Users\\Administrator\\OneDrive - Innlandet fylkeskommune\\Skrivebord\\Case Battle\\Case-Battle\\node_modules\\@prisma\\debug': 'C:\\Users\\Administrator\\OneDrive - Innlandet fylkeskommune\\Skrivebord\\Case Battle\\Case-Battle\\node_modules\\@prisma\\.debug-QBLgiF9o',
58 silly reify   'C:\\Users\\Administrator\\OneDrive - Innlandet fylkeskommune\\Skrivebord\\Case Battle\\Case-Battle\\node_modules\\@prisma\\engines': 'C:\\Users\\Administrator\\OneDrive - Innlandet fylkeskommune\\Skrivebord\\Case Battle\\Case-Battle\\node_modules\\@prisma\\.engines-CD1s8vQk',
58 silly reify   'C:\\Users\\Administrator\\OneDrive - Innlandet fylkeskommune\\Skrivebord\\Case Battle\\Case-Battle\\node_modules\\@prisma\\engines-version': 'C:\\Users\\Administrator\\OneDrive - Innlandet fylkeskommune\\Skrivebord\\Case Battle\\Case-Battle\\node_modules\\@prisma\\.engines-version-8w3MoT7l',
58 silly reify   'C:\\Users\\Administrator\\OneDrive - Innlandet fylkeskommune\\Skrivebord\\Case Battle\\Case-Battle\\node_modules\\@prisma\\fetch-engine': 'C:\\Users\\Administrator\\OneDrive - Innlandet fylkeskommune\\Skrivebord\\Case Battle\\Case-Battle\\node_modules\\@prisma\\.fetch-engine-jCVTt3hq',
58 silly reify   'C:\\Users\\Administrator\\OneDrive - Innlandet fylkeskommune\\Skrivebord\\Case Battle\\Case-Battle\\node_modules\\@prisma\\get-platform': 'C:\\Users\\Administrator\\OneDrive - Innlandet fylkeskommune\\Skrivebord\\Case Battle\\Case-Battle\\node_modules\\@prisma\\.get-platform-SrT7J4LX',
58 silly reify   'C:\\Users\\Administrator\\OneDrive - Innlandet fylkeskommune\\Skrivebord\\Case Battle\\Case-Battle\\node_modules\\@standard-schema\\spec': 'C:\\Users\\Administrator\\OneDrive - Innlandet fylkeskommune\\Skrivebord\\Case Battle\\Case-Battle\\node_modules\\@standard-schema\\.spec-qMXGIjHb',
58 silly reify   'C:\\Users\\Administrator\\OneDrive - Innlandet fylkeskommune\\Skrivebord\\Case Battle\\Case-Battle\\node_modules\\@tsconfig\\node10': 'C:\\Users\\Administrator\\OneDrive - Innlandet fylkeskommune\\Skrivebord\\Case Battle\\Case-Battle\\node_modules\\@tsconfig\\.node10-Qvq8tFJs',
58 silly reify   'C:\\Users\\Administrator\\OneDrive - Innlandet fylkeskommune\\Skrivebord\\Case Battle\\Case-Battle\\node_modules\\@tsconfig\\node12': 'C:\\Users\\Administrator\\OneDrive - Innlandet fylkeskommune\\Skrivebord\\Case Battle\\Case-Battle\\node_modules\\@tsconfig\\.node12-5uoikbX9',
58 silly reify   'C:\\Users\\Administrator\\OneDrive - Innlandet fylkeskommune\\Skrivebord\\Case Battle\\Case-Battle\\node_modules\\@tsconfig\\node14': 'C:\\Users\\Administrator\\OneDrive - Innlandet fylkeskommune\\Skrivebord\\Case Battle\\Case-Battle\\node_modules\\@tsconfig\\.node14-GOavVwav',
58 silly reify   'C:\\Users\\Administrator\\OneDrive - Innlandet fylkeskommune\\Skrivebord\\Case Battle\\Case-Battle\\node_modules\\@tsconfig\\node16': 'C:\\Users\\Administrator\\OneDrive - Innlandet fylkeskommune\\Skrivebord\\Case Battle\\Case-Battle\\node_modules\\@tsconfig\\.node16-dz85KQpx',
58 silly reify   'C:\\Users\\Administrator\\OneDrive - Innlandet fylkeskommune\\Skrivebord\\Case Battle\\Case-Battle\\node_modules\\acorn-walk': 'C:\\Users\\Administrator\\OneDrive - Innlandet fylkeskommune\\Skrivebord\\Case Battle\\Case-Battle\\node_modules\\.acorn-walk-mm1KaiJF',
58 silly reify   'C:\\Users\\Administrator\\OneDrive - Innlandet fylkeskommune\\Skrivebord\\Case Battle\\Case-Battle\\node_modules\\c12': 'C:\\Users\\Administrator\\OneDrive - Innlandet fylkeskommune\\Skrivebord\\Case Battle\\Case-Battle\\node_modules\\.c12-TLaQFrDo',
58 silly reify   'C:\\Users\\Administrator\\OneDrive - Innlandet fylkeskommune\\Skrivebord\\Case Battle\\Case-Battle\\node_modules\\citty': 'C:\\Users\\Administrator\\OneDrive - Innlandet fylkeskommune\\Skrivebord\\Case Battle\\Case-Battle\\node_modules\\.citty-804GSvjv',
58 silly reify   'C:\\Users\\Administrator\\OneDrive - Innlandet fylkeskommune\\Skrivebord\\Case Battle\\Case-Battle\\node_modules\\confbox': 'C:\\Users\\Administrator\\OneDrive - Innlandet fylkeskommune\\Skrivebord\\Case Battle\\Case-Battle\\node_modules\\.confbox-3uXujB01',
58 silly reify   'C:\\Users\\Administrator\\OneDrive - Innlandet fylkeskommune\\Skrivebord\\Case Battle\\Case-Battle\\node_modules\\consola': 'C:\\Users\\Administrator\\OneDrive - Innlandet fylkeskommune\\Skrivebord\\Case Battle\\Case-Battle\\node_modules\\.consola-UEAoSTyX',
58 silly reify   'C:\\Users\\Administrator\\OneDrive - Innlandet fylkeskommune\\Skrivebord\\Case Battle\\Case-Battle\\node_modules\\create-require': 'C:\\Users\\Administrator\\OneDrive - Innlandet fylkeskommune\\Skrivebord\\Case Battle\\Case-Battle\\node_modules\\.create-require-jdCf2bGf',
58 silly reify   'C:\\Users\\Administrator\\OneDrive - Innlandet fylkeskommune\\Skrivebord\\Case Battle\\Case-Battle\\node_modules\\deepmerge-ts': 'C:\\Users\\Administrator\\OneDrive - Innlandet fylkeskommune\\Skrivebord\\Case Battle\\Case-Battle\\node_modules\\.deepmerge-ts-WtUZmgp3',
58 silly reify   'C:\\Users\\Administrator\\OneDrive - Innlandet fylkeskommune\\Skrivebord\\Case Battle\\Case-Battle\\node_modules\\defu': 'C:\\Users\\Administrator\\OneDrive - Innlandet fylkeskommune\\Skrivebord\\Case Battle\\Case-Battle\\node_modules\\.defu-gEUpsb9g',
58 silly reify   'C:\\Users\\Administrator\\OneDrive - Innlandet fylkeskommune\\Skrivebord\\Case Battle\\Case-Battle\\node_modules\\destr': 'C:\\Users\\Administrator\\OneDrive - Innlandet fylkeskommune\\Skrivebord\\Case Battle\\Case-Battle\\node_modules\\.destr-KGMM1yPe',
58 silly reify   'C:\\Users\\Administrator\\OneDrive - Innlandet fylkeskommune\\Skrivebord\\Case Battle\\Case-Battle\\node_modules\\diff': 'C:\\Users\\Administrator\\OneDrive - Innlandet fylkeskommune\\Skrivebord\\Case Battle\\Case-Battle\\node_modules\\.diff-YTcnS3UY',
58 silly reify   'C:\\Users\\Administrator\\OneDrive - Innlandet fylkeskommune\\Skrivebord\\Case Battle\\Case-Battle\\node_modules\\dotenv': 'C:\\Users\\Administrator\\OneDrive - Innlandet fylkeskommune\\Skrivebord\\Case Battle\\Case-Battle\\node_modules\\.dotenv-FxvLSe8C',
58 silly reify   'C:\\Users\\Administrator\\OneDrive - Innlandet fylkeskommune\\Skrivebord\\Case Battle\\Case-Battle\\node_modules\\effect': 'C:\\Users\\Administrator\\OneDrive - Innlandet fylkeskommune\\Skrivebord\\Case Battle\\Case-Battle\\node_modules\\.effect-4b6ICS7z',
58 silly reify   'C:\\Users\\Administrator\\OneDrive - Innlandet fylkeskommune\\Skrivebord\\Case Battle\\Case-Battle\\node_modules\\empathic': 'C:\\Users\\Administrator\\OneDrive - Innlandet fylkeskommune\\Skrivebord\\Case Battle\\Case-Battle\\node_modules\\.empathic-wNvuvkn4',
58 silly reify   'C:\\Users\\Administrator\\OneDrive - Innlandet fylkeskommune\\Skrivebord\\Case Battle\\Case-Battle\\node_modules\\exsolve': 'C:\\Users\\Administrator\\OneDrive - Innlandet fylkeskommune\\Skrivebord\\Case Battle\\Case-Battle\\node_modules\\.exsolve-eZ56BkOE',
58 silly reify   'C:\\Users\\Administrator\\OneDrive - Innlandet fylkeskommune\\Skrivebord\\Case Battle\\Case-Battle\\node_modules\\fast-check': 'C:\\Users\\Administrator\\OneDrive - Innlandet fylkeskommune\\Skrivebord\\Case Battle\\Case-Battle\\node_modules\\.fast-check-mYHa9y83',
58 silly reify   'C:\\Users\\Administrator\\OneDrive - Innlandet fylkeskommune\\Skrivebord\\Case Battle\\Case-Battle\\node_modules\\giget': 'C:\\Users\\Administrator\\OneDrive - Innlandet fylkeskommune\\Skrivebord\\Case Battle\\Case-Battle\\node_modules\\.giget-Ywov2g6D',
58 silly reify   'C:\\Users\\Administrator\\OneDrive - Innlandet fylkeskommune\\Skrivebord\\Case Battle\\Case-Battle\\node_modules\\.bin\\giget': 'C:\\Users\\Administrator\\OneDrive - Innlandet fylkeskommune\\Skrivebord\\Case Battle\\Case-Battle\\node_modules\\.bin\\.giget-ENyV6z52',
58 silly reify   'C:\\Users\\Administrator\\OneDrive - Innlandet fylkeskommune\\Skrivebord\\Case Battle\\Case-Battle\\node_modules\\.bin\\giget.cmd': 'C:\\Users\\Administrator\\OneDrive - Innlandet fylkeskommune\\Skrivebord\\Case Battle\\Case-Battle\\node_modules\\.bin\\.giget.cmd-DglDeniI',
58 silly reify   'C:\\Users\\Administrator\\OneDrive - Innlandet fylkeskommune\\Skrivebord\\Case Battle\\Case-Battle\\node_modules\\.bin\\giget.ps1': 'C:\\Users\\Administrator\\OneDrive - Innlandet fylkeskommune\\Skrivebord\\Case Battle\\Case-Battle\\node_modules\\.bin\\.giget.ps1-nOwZcsnI',
58 silly reify   'C:\\Users\\Administrator\\OneDrive - Innlandet fylkeskommune\\Skrivebord\\Case Battle\\Case-Battle\\node_modules\\make-error': 'C:\\Users\\Administrator\\OneDrive - Innlandet fylkeskommune\\Skrivebord\\Case Battle\\Case-Battle\\node_modules\\.make-error-rpuNb3dv',
58 silly reify   'C:\\Users\\Administrator\\OneDrive - Innlandet fylkeskommune\\Skrivebord\\Case Battle\\Case-Battle\\node_modules\\node-fetch-native': 'C:\\Users\\Administrator\\OneDrive - Innlandet fylkeskommune\\Skrivebord\\Case Battle\\Case-Battle\\node_modules\\.node-fetch-native-Nu4WPxhF',
58 silly reify   'C:\\Users\\Administrator\\OneDrive - Innlandet fylkeskommune\\Skrivebord\\Case Battle\\Case-Battle\\node_modules\\nypm': 'C:\\Users\\Administrator\\OneDrive - Innlandet fylkeskommune\\Skrivebord\\Case Battle\\Case-Battle\\node_modules\\.nypm-W7FZoWSW',
58 silly reify   'C:\\Users\\Administrator\\OneDrive - Innlandet fylkeskommune\\Skrivebord\\Case Battle\\Case-Battle\\node_modules\\.bin\\nypm': 'C:\\Users\\Administrator\\OneDrive - Innlandet fylkeskommune\\Skrivebord\\Case Battle\\Case-Battle\\node_modules\\.bin\\.nypm-zRzs2cL2',
58 silly reify   'C:\\Users\\Administrator\\OneDrive - Innlandet fylkeskommune\\Skrivebord\\Case Battle\\Case-Battle\\node_modules\\.bin\\nypm.cmd': 'C:\\Users\\Administrator\\OneDrive - Innlandet fylkeskommune\\Skrivebord\\Case Battle\\Case-Battle\\node_modules\\.bin\\.nypm.cmd-kyR0mdMd',
58 silly reify   'C:\\Users\\Administrator\\OneDrive - Innlandet fylkeskommune\\Skrivebord\\Case Battle\\Case-Battle\\node_modules\\.bin\\nypm.ps1': 'C:\\Users\\Administrator\\OneDrive - Innlandet fylkeskommune\\Skrivebord\\Case Battle\\Case-Battle\\node_modules\\.bin\\.nypm.ps1-PtGV048q',
58 silly reify   'C:\\Users\\Administrator\\OneDrive - Innlandet fylkeskommune\\Skrivebord\\Case Battle\\Case-Battle\\node_modules\\ohash': 'C:\\Users\\Administrator\\OneDrive - Innlandet fylkeskommune\\Skrivebord\\Case Battle\\Case-Battle\\node_modules\\.ohash-yaR15VeY',
58 silly reify   'C:\\Users\\Administrator\\OneDrive - Innlandet fylkeskommune\\Skrivebord\\Case Battle\\Case-Battle\\node_modules\\pathe': 'C:\\Users\\Administrator\\OneDrive - Innlandet fylkeskommune\\Skrivebord\\Case Battle\\Case-Battle\\node_modules\\.pathe-4KdgF3aQ',
58 silly reify   'C:\\Users\\Administrator\\OneDrive - Innlandet fylkeskommune\\Skrivebord\\Case Battle\\Case-Battle\\node_modules\\perfect-debounce': 'C:\\Users\\Administrator\\OneDrive - Innlandet fylkeskommune\\Skrivebord\\Case Battle\\Case-Battle\\node_modules\\.perfect-debounce-aUpPtSVS',
58 silly reify   'C:\\Users\\Administrator\\OneDrive - Innlandet fylkeskommune\\Skrivebord\\Case Battle\\Case-Battle\\node_modules\\pkg-types': 'C:\\Users\\Administrator\\OneDrive - Innlandet fylkeskommune\\Skrivebord\\Case Battle\\Case-Battle\\node_modules\\.pkg-types-SPxXqUmc',
58 silly reify   'C:\\Users\\Administrator\\OneDrive - Innlandet fylkeskommune\\Skrivebord\\Case Battle\\Case-Battle\\node_modules\\prisma': 'C:\\Users\\Administrator\\OneDrive - Innlandet fylkeskommune\\Skrivebord\\Case Battle\\Case-Battle\\node_modules\\.prisma-YNq9inTx',
58 silly reify   'C:\\Users\\Administrator\\OneDrive - Innlandet fylkeskommune\\Skrivebord\\Case Battle\\Case-Battle\\node_modules\\.bin\\prisma': 'C:\\Users\\Administrator\\OneDrive - Innlandet fylkeskommune\\Skrivebord\\Case Battle\\Case-Battle\\node_modules\\.bin\\.prisma-33pZqKiu',
58 silly reify   'C:\\Users\\Administrator\\OneDrive - Innlandet fylkeskommune\\Skrivebord\\Case Battle\\Case-Battle\\node_modules\\.bin\\prisma.cmd': 'C:\\Users\\Administrator\\OneDrive - Innlandet fylkeskommune\\Skrivebord\\Case Battle\\Case-Battle\\node_modules\\.bin\\.prisma.cmd-7sxxfKDX',
58 silly reify   'C:\\Users\\Administrator\\OneDrive - Innlandet fylkeskommune\\Skrivebord\\Case Battle\\Case-Battle\\node_modules\\.bin\\prisma.ps1': 'C:\\Users\\Administrator\\OneDrive - Innlandet fylkeskommune\\Skrivebord\\Case Battle\\Case-Battle\\node_modules\\.bin\\.prisma.ps1-XQcVh0aq',
58 silly reify   'C:\\Users\\Administrator\\OneDrive - Innlandet fylkeskommune\\Skrivebord\\Case Battle\\Case-Battle\\node_modules\\pure-rand': 'C:\\Users\\Administrator\\OneDrive - Innlandet fylkeskommune\\Skrivebord\\Case Battle\\Case-Battle\\node_modules\\.pure-rand-cQJU8Gsm',
58 silly reify   'C:\\Users\\Administrator\\OneDrive - Innlandet fylkeskommune\\Skrivebord\\Case Battle\\Case-Battle\\node_modules\\rc9': 'C:\\Users\\Administrator\\OneDrive - Innlandet fylkeskommune\\Skrivebord\\Case Battle\\Case-Battle\\node_modules\\.rc9-rNGMMNmd',
58 silly reify   'C:\\Users\\Administrator\\OneDrive - Innlandet fylkeskommune\\Skrivebord\\Case Battle\\Case-Battle\\node_modules\\tinyexec': 'C:\\Users\\Administrator\\OneDrive - Innlandet fylkeskommune\\Skrivebord\\Case Battle\\Case-Battle\\node_modules\\.tinyexec-HRGL0IbS',
58 silly reify   'C:\\Users\\Administrator\\OneDrive - Innlandet fylkeskommune\\Skrivebord\\Case Battle\\Case-Battle\\node_modules\\ts-node': 'C:\\Users\\Administrator\\OneDrive - Innlandet fylkeskommune\\Skrivebord\\Case Battle\\Case-Battle\\node_modules\\.ts-node-MMYUGkX8',
58 silly reify   'C:\\Users\\Administrator\\OneDrive - Innlandet fylkeskommune\\Skrivebord\\Case Battle\\Case-Battle\\node_modules\\.bin\\ts-node': 'C:\\Users\\Administrator\\OneDrive - Innlandet fylkeskommune\\Skrivebord\\Case Battle\\Case-Battle\\node_modules\\.bin\\.ts-node-CRu74EWw',
58 silly reify   'C:\\Users\\Administrator\\OneDrive - Innlandet fylkeskommune\\Skrivebord\\Case Battle\\Case-Battle\\node_modules\\.bin\\ts-node.cmd': 'C:\\Users\\Administrator\\OneDrive - Innlandet fylkeskommune\\Skrivebord\\Case Battle\\Case-Battle\\node_modules\\.bin\\.ts-node.cmd-Y3EtlWxu',
58 silly reify   'C:\\Users\\Administrator\\OneDrive - Innlandet fylkeskommune\\Skrivebord\\Case Battle\\Case-Battle\\node_modules\\.bin\\ts-node.ps1': 'C:\\Users\\Administrator\\OneDrive - Innlandet fylkeskommune\\Skrivebord\\Case Battle\\Case-Battle\\node_modules\\.bin\\.ts-node.ps1-CnN2Boql',
58 silly reify   'C:\\Users\\Administrator\\OneDrive - Innlandet fylkeskommune\\Skrivebord\\Case Battle\\Case-Battle\\node_modules\\.bin\\ts-node-cwd': 'C:\\Users\\Administrator\\OneDrive - Innlandet fylkeskommune\\Skrivebord\\Case Battle\\Case-Battle\\node_modules\\.bin\\.ts-node-cwd-fF3VRTV1',
58 silly reify   'C:\\Users\\Administrator\\OneDrive - Innlandet fylkeskommune\\Skrivebord\\Case Battle\\Case-Battle\\node_modules\\.bin\\ts-node-cwd.cmd': 'C:\\Users\\Administrator\\OneDrive - Innlandet fylkeskommune\\Skrivebord\\Case Battle\\Case-Battle\\node_modules\\.bin\\.ts-node-cwd.cmd-G0OTc0tA',
58 silly reify   'C:\\Users\\Administrator\\OneDrive - Innlandet fylkeskommune\\Skrivebord\\Case Battle\\Case-Battle\\node_modules\\.bin\\ts-node-cwd.ps1': 'C:\\Users\\Administrator\\OneDrive - Innlandet fylkeskommune\\Skrivebord\\Case Battle\\Case-Battle\\node_modules\\.bin\\.ts-node-cwd.ps1-hXTBEQet',
58 silly reify   'C:\\Users\\Administrator\\OneDrive - Innlandet fylkeskommune\\Skrivebord\\Case Battle\\Case-Battle\\node_modules\\.bin\\ts-node-esm': 'C:\\Users\\Administrator\\OneDrive - Innlandet fylkeskommune\\Skrivebord\\Case Battle\\Case-Battle\\node_modules\\.bin\\.ts-node-esm-nXrdvnSx',
58 silly reify   'C:\\Users\\Administrator\\OneDrive - Innlandet fylkeskommune\\Skrivebord\\Case Battle\\Case-Battle\\node_modules\\.bin\\ts-node-esm.cmd': 'C:\\Users\\Administrator\\OneDrive - Innlandet fylkeskommune\\Skrivebord\\Case Battle\\Case-Battle\\node_modules\\.bin\\.ts-node-esm.cmd-jhvfVTHn',
58 silly reify   'C:\\Users\\Administrator\\OneDrive - Innlandet fylkeskommune\\Skrivebord\\Case Battle\\Case-Battle\\node_modules\\.bin\\ts-node-esm.ps1': 'C:\\Users\\Administrator\\OneDrive - Innlandet fylkeskommune\\Skrivebord\\Case Battle\\Case-Battle\\node_modules\\.bin\\.ts-node-esm.ps1-9hkt3R5p',
58 silly reify   'C:\\Users\\Administrator\\OneDrive - Innlandet fylkeskommune\\Skrivebord\\Case Battle\\Case-Battle\\node_modules\\.bin\\ts-node-script': 'C:\\Users\\Administrator\\OneDrive - Innlandet fylkeskommune\\Skrivebord\\Case Battle\\Case-Battle\\node_modules\\.bin\\.ts-node-script-AHL0GySk',
58 silly reify   'C:\\Users\\Administrator\\OneDrive - Innlandet fylkeskommune\\Skrivebord\\Case Battle\\Case-Battle\\node_modules\\.bin\\ts-node-script.cmd': 'C:\\Users\\Administrator\\OneDrive - Innlandet fylkeskommune\\Skrivebord\\Case Battle\\Case-Battle\\node_modules\\.bin\\.ts-node-script.cmd-fWFp8Wuv',
58 silly reify   'C:\\Users\\Administrator\\OneDrive - Innlandet fylkeskommune\\Skrivebord\\Case Battle\\Case-Battle\\node_modules\\.bin\\ts-node-script.ps1': 'C:\\Users\\Administrator\\OneDrive - Innlandet fylkeskommune\\Skrivebord\\Case Battle\\Case-Battle\\node_modules\\.bin\\.ts-node-script.ps1-epNvGik0',
58 silly reify   'C:\\Users\\Administrator\\OneDrive - Innlandet fylkeskommune\\Skrivebord\\Case Battle\\Case-Battle\\node_modules\\.bin\\ts-node-transpile-only': 'C:\\Users\\Administrator\\OneDrive - Innlandet fylkeskommune\\Skrivebord\\Case Battle\\Case-Battle\\node_modules\\.bin\\.ts-node-transpile-only-2RRj9gbB',
58 silly reify   'C:\\Users\\Administrator\\OneDrive - Innlandet fylkeskommune\\Skrivebord\\Case Battle\\Case-Battle\\node_modules\\.bin\\ts-node-transpile-only.cmd': 'C:\\Users\\Administrator\\OneDrive - Innlandet fylkeskommune\\Skrivebord\\Case Battle\\Case-Battle\\node_modules\\.bin\\.ts-node-transpile-only.cmd-RHb3x2Vv',
58 silly reify   'C:\\Users\\Administrator\\OneDrive - Innlandet fylkeskommune\\Skrivebord\\Case Battle\\Case-Battle\\node_modules\\.bin\\ts-node-transpile-only.ps1': 'C:\\Users\\Administrator\\OneDrive - Innlandet fylkeskommune\\Skrivebord\\Case Battle\\Case-Battle\\node_modules\\.bin\\.ts-node-transpile-only.ps1-ow70ZQNx',
58 silly reify   'C:\\Users\\Administrator\\OneDrive - Innlandet fylkeskommune\\Skrivebord\\Case Battle\\Case-Battle\\node_modules\\.bin\\ts-script': 'C:\\Users\\Administrator\\OneDrive - Innlandet fylkeskommune\\Skrivebord\\Case Battle\\Case-Battle\\node_modules\\.bin\\.ts-script-1qMaDuxE',
58 silly reify   'C:\\Users\\Administrator\\OneDrive - Innlandet fylkeskommune\\Skrivebord\\Case Battle\\Case-Battle\\node_modules\\.bin\\ts-script.cmd': 'C:\\Users\\Administrator\\OneDrive - Innlandet fylkeskommune\\Skrivebord\\Case Battle\\Case-Battle\\node_modules\\.bin\\.ts-script.cmd-z6DTOYGW',
58 silly reify   'C:\\Users\\Administrator\\OneDrive - Innlandet fylkeskommune\\Skrivebord\\Case Battle\\Case-Battle\\node_modules\\.bin\\ts-script.ps1': 'C:\\Users\\Administrator\\OneDrive - Innlandet fylkeskommune\\Skrivebord\\Case Battle\\Case-Battle\\node_modules\\.bin\\.ts-script.ps1-KZnH8eeg',
58 silly reify   'C:\\Users\\Administrator\\OneDrive - Innlandet fylkeskommune\\Skrivebord\\Case Battle\\Case-Battle\\node_modules\\v8-compile-cache-lib': 'C:\\Users\\Administrator\\OneDrive - Innlandet fylkeskommune\\Skrivebord\\Case Battle\\Case-Battle\\node_modules\\.v8-compile-cache-lib-xAunWSIw',
58 silly reify   'C:\\Users\\Administrator\\OneDrive - Innlandet fylkeskommune\\Skrivebord\\Case Battle\\Case-Battle\\node_modules\\yn': 'C:\\Users\\Administrator\\OneDrive - Innlandet fylkeskommune\\Skrivebord\\Case Battle\\Case-Battle\\node_modules\\.yn-XpzwPTGk'
58 silly reify }
59 silly audit bulk request {
59 silly audit   '@alloc/quick-lru': [ '5.2.0' ],
59 silly audit   '@jridgewell/trace-mapping': [ '0.3.31' ],
59 silly audit   '@emnapi/core': [ '1.10.0' ],
59 silly audit   '@emnapi/runtime': [ '1.10.0' ],
59 silly audit   '@emnapi/wasi-threads': [ '1.2.1' ],
59 silly audit   '@eslint-community/eslint-utils': [ '4.9.1' ],
59 silly audit   '@eslint-community/regexpp': [ '4.12.2' ],
59 silly audit   '@eslint/eslintrc': [ '2.1.4' ],
59 silly audit   '@eslint/js': [ '8.57.1' ],
59 silly audit   '@humanwhocodes/config-array': [ '0.13.0' ],
59 silly audit   '@humanwhocodes/module-importer': [ '1.0.1' ],
59 silly audit   '@humanwhocodes/object-schema': [ '2.0.3' ],
59 silly audit   '@isaacs/cliui': [ '8.0.2' ],
59 silly audit   'ansi-regex': [ '6.2.2', '5.0.1' ],
59 silly audit   'strip-ansi': [ '7.2.0', '6.0.1' ],
59 silly audit   '@jridgewell/gen-mapping': [ '0.3.13' ],
59 silly audit   '@jridgewell/resolve-uri': [ '3.1.2' ],
59 silly audit   '@jridgewell/sourcemap-codec': [ '1.5.5' ],
59 silly audit   '@napi-rs/wasm-runtime': [ '0.2.12' ],
59 silly audit   '@next/env': [ '14.2.35' ],
59 silly audit   '@next/eslint-plugin-next': [ '14.2.35' ],
59 silly audit   '@next/swc-darwin-arm64': [ '14.2.33' ],
59 silly audit   '@next/swc-darwin-x64': [ '14.2.33' ],
59 silly audit   '@next/swc-linux-arm64-gnu': [ '14.2.33' ],
59 silly audit   '@next/swc-linux-arm64-musl': [ '14.2.33' ],
59 silly audit   '@next/swc-linux-x64-gnu': [ '14.2.33' ],
59 silly audit   '@next/swc-linux-x64-musl': [ '14.2.33' ],
59 silly audit   '@next/swc-win32-arm64-msvc': [ '14.2.33' ],
59 silly audit   '@next/swc-win32-ia32-msvc': [ '14.2.33' ],
59 silly audit   '@next/swc-win32-x64-msvc': [ '14.2.33' ],
59 silly audit   '@nodelib/fs.scandir': [ '2.1.5' ],
59 silly audit   '@nodelib/fs.stat': [ '2.0.5' ],
59 silly audit   '@nodelib/fs.walk': [ '1.2.8' ],
59 silly audit   '@nolyfill/is-core-module': [ '1.0.39' ],
59 silly audit   '@pkgjs/parseargs': [ '0.11.0' ],
59 silly audit   '@rtsao/scc': [ '1.1.0' ],
59 silly audit   '@rushstack/eslint-patch': [ '1.16.1' ],
59 silly audit   '@swc/counter': [ '0.1.3' ],
59 silly audit   '@swc/helpers': [ '0.5.5' ],
59 silly audit   '@tybys/wasm-util': [ '0.10.2' ],
59 silly audit   '@types/json5': [ '0.0.29' ],
59 silly audit   '@types/node': [ '20.19.39' ],
59 silly audit   '@types/prop-types': [ '15.7.15' ],
59 silly audit   '@types/react': [ '18.3.28' ],
59 silly audit   '@types/react-dom': [ '18.3.7' ],
59 silly audit   '@typescript-eslint/eslint-plugin': [ '8.59.1' ],
59 silly audit   ignore: [ '7.0.5', '5.3.2' ],
59 silly audit   '@typescript-eslint/parser': [ '8.59.1' ],
59 silly audit   '@typescript-eslint/project-service': [ '8.59.1' ],
59 silly audit   '@typescript-eslint/scope-manager': [ '8.59.1' ],
59 silly audit   '@typescript-eslint/tsconfig-utils': [ '8.59.1' ],
59 silly audit   '@typescript-eslint/type-utils': [ '8.59.1' ],
59 silly audit   '@typescript-eslint/types': [ '8.59.1' ],
59 silly audit   '@typescript-eslint/typescript-estree': [ '8.59.1' ],
59 silly audit   'balanced-match': [ '4.0.4', '1.0.2' ],
59 silly audit   'brace-expansion': [ '5.0.5', '1.1.14', '2.1.0' ],
59 silly audit   minimatch: [ '10.2.5', '9.0.9', '3.1.5' ],
59 silly audit   '@typescript-eslint/utils': [ '8.59.1' ],
59 silly audit   '@typescript-eslint/visitor-keys': [ '8.59.1' ],
59 silly audit   'eslint-visitor-keys': [ '5.0.1', '3.4.3' ],
59 silly audit   '@ungap/structured-clone': [ '1.3.0' ],
59 silly audit   '@unrs/resolver-binding-android-arm-eabi': [ '1.11.1' ],
59 silly audit   '@unrs/resolver-binding-android-arm64': [ '1.11.1' ],
59 silly audit   '@unrs/resolver-binding-darwin-arm64': [ '1.11.1' ],
59 silly audit   '@unrs/resolver-binding-darwin-x64': [ '1.11.1' ],
59 silly audit   '@unrs/resolver-binding-freebsd-x64': [ '1.11.1' ],
59 silly audit   '@unrs/resolver-binding-linux-arm-gnueabihf': [ '1.11.1' ],
59 silly audit   '@unrs/resolver-binding-linux-arm-musleabihf': [ '1.11.1' ],
59 silly audit   '@unrs/resolver-binding-linux-arm64-gnu': [ '1.11.1' ],
59 silly audit   '@unrs/resolver-binding-linux-arm64-musl': [ '1.11.1' ],
59 silly audit   '@unrs/resolver-binding-linux-ppc64-gnu': [ '1.11.1' ],
59 silly audit   '@unrs/resolver-binding-linux-riscv64-gnu': [ '1.11.1' ],
59 silly audit   '@unrs/resolver-binding-linux-riscv64-musl': [ '1.11.1' ],
59 silly audit   '@unrs/resolver-binding-linux-s390x-gnu': [ '1.11.1' ],
59 silly audit   '@unrs/resolver-binding-linux-x64-gnu': [ '1.11.1' ],
59 silly audit   '@unrs/resolver-binding-linux-x64-musl': [ '1.11.1' ],
59 silly audit   '@unrs/resolver-binding-wasm32-wasi': [ '1.11.1' ],
59 silly audit   '@unrs/resolver-binding-win32-arm64-msvc': [ '1.11.1' ],
59 silly audit   '@unrs/resolver-binding-win32-ia32-msvc': [ '1.11.1' ],
59 silly audit   '@unrs/resolver-binding-win32-x64-msvc': [ '1.11.1' ],
59 silly audit   acorn: [ '8.16.0' ],
59 silly audit   'acorn-jsx': [ '5.3.2' ],
59 silly audit   ajv: [ '6.15.0' ],
59 silly audit   'ansi-styles': [ '4.3.0', '6.2.3' ],
59 silly audit   'any-promise': [ '1.3.0' ],
59 silly audit   anymatch: [ '3.1.3' ],
59 silly audit   arg: [ '5.0.2' ],
59 silly audit   argparse: [ '2.0.1' ],
59 silly audit   'aria-query': [ '5.3.2' ],
59 silly audit   'array-buffer-byte-length': [ '1.0.2' ],
59 silly audit   'array-includes': [ '3.1.9' ],
59 silly audit   'array.prototype.findlast': [ '1.2.5' ],
59 silly audit   'array.prototype.findlastindex': [ '1.2.6' ],
59 silly audit   'array.prototype.flat': [ '1.3.3' ],
59 silly audit   'array.prototype.flatmap': [ '1.3.3' ],
59 silly audit   'array.prototype.tosorted': [ '1.1.4' ],
59 silly audit   'arraybuffer.prototype.slice': [ '1.0.4' ],
59 silly audit   'ast-types-flow': [ '0.0.8' ],
59 silly audit   'async-function': [ '1.0.0' ],
59 silly audit   'available-typed-arrays': [ '1.0.7' ],
59 silly audit   'axe-core': [ '4.11.4' ],
59 silly audit   'axobject-query': [ '4.1.0' ],
59 silly audit   'binary-extensions': [ '2.3.0' ],
59 silly audit   braces: [ '3.0.3' ],
59 silly audit   busboy: [ '1.6.0' ],
59 silly audit   chokidar: [ '3.6.0' ],
59 silly audit   jiti: [ '1.21.7' ],
59 silly audit   readdirp: [ '3.6.0' ],
59 silly audit   'call-bind': [ '1.0.9' ],
59 silly audit   'call-bind-apply-helpers': [ '1.0.2' ],
59 silly audit   'call-bound': [ '1.0.4' ],
59 silly audit   callsites: [ '3.1.0' ],
59 silly audit   'camelcase-css': [ '2.0.1' ],
59 silly audit   'caniuse-lite': [ '1.0.30001791' ],
59 silly audit   chalk: [ '4.1.2' ],
59 silly audit   'glob-parent': [ '5.1.2', '6.0.2' ],
59 silly audit   'client-only': [ '0.0.1' ],
59 silly audit   clsx: [ '2.1.1' ],
59 silly audit   'color-convert': [ '2.0.1' ],
59 silly audit   'color-name': [ '1.1.4' ],
59 silly audit   commander: [ '4.1.1' ],
59 silly audit   'concat-map': [ '0.0.1' ],
59 silly audit   'cross-spawn': [ '7.0.6' ],
59 silly audit   cssesc: [ '3.0.0' ],
59 silly audit   csstype: [ '3.2.3' ],
59 silly audit   'damerau-levenshtein': [ '1.0.8' ],
59 silly audit   'data-view-buffer': [ '1.0.2' ],
59 silly audit   'data-view-byte-length': [ '1.0.2' ],
59 silly audit   'data-view-byte-offset': [ '1.0.1' ],
59 silly audit   debug: [ '4.4.3', '3.2.7' ],
59 silly audit   'deep-is': [ '0.1.4' ],
59 silly audit   'define-data-property': [ '1.1.4' ],
59 silly audit   'define-properties': [ '1.2.1' ],
59 silly audit   didyoumean: [ '1.2.2' ],
59 silly audit   dlv: [ '1.1.3' ],
59 silly audit   doctrine: [ '3.0.0', '2.1.0' ],
59 silly audit   'dunder-proto': [ '1.0.1' ],
59 silly audit   eastasianwidth: [ '0.2.0' ],
59 silly audit   'emoji-regex': [ '9.2.2', '8.0.0' ],
59 silly audit   'es-abstract': [ '1.24.2' ],
59 silly audit   'es-define-property': [ '1.0.1' ],
59 silly audit   'es-errors': [ '1.3.0' ],
59 silly audit   'es-iterator-helpers': [ '1.3.2' ],
59 silly audit   'es-object-atoms': [ '1.1.1' ],
59 silly audit   'es-set-tostringtag': [ '2.1.0' ],
59 silly audit   'es-shim-unscopables': [ '1.1.0' ],
59 silly audit   'es-to-primitive': [ '1.3.0' ],
59 silly audit   'escape-string-regexp': [ '4.0.0' ],
59 silly audit   eslint: [ '8.57.1' ],
59 silly audit   'eslint-config-next': [ '14.2.35' ],
59 silly audit   'eslint-import-resolver-node': [ '0.3.10' ],
59 silly audit   'eslint-import-resolver-typescript': [ '3.10.1' ],
59 silly audit   'eslint-module-utils': [ '2.12.1' ],
59 silly audit   'eslint-plugin-import': [ '2.32.0' ],
59 silly audit   semver: [ '6.3.1', '7.7.4' ],
59 silly audit   'eslint-plugin-jsx-a11y': [ '6.10.2' ],
59 silly audit   'eslint-plugin-react': [ '7.37.5' ],
59 silly audit   'eslint-plugin-react-hooks': [ '5.0.0-canary-7118f5dd7-20230705' ],
59 silly audit   'eslint-scope': [ '7.2.2' ],
59 silly audit   espree: [ '9.6.1' ],
59 silly audit   esquery: [ '1.7.0' ],
59 silly audit   esrecurse: [ '4.3.0' ],
59 silly audit   estraverse: [ '5.3.0' ],
59 silly audit   esutils: [ '2.0.3' ],
59 silly audit   'fast-deep-equal': [ '3.1.3' ],
59 silly audit   'fast-glob': [ '3.3.3' ],
59 silly audit   'fast-json-stable-stringify': [ '2.1.0' ],
59 silly audit   'fast-levenshtein': [ '2.0.6' ],
59 silly audit   fastq: [ '1.20.1' ],
59 silly audit   'file-entry-cache': [ '6.0.1' ],
59 silly audit   'fill-range': [ '7.1.1' ],
59 silly audit   'find-up': [ '5.0.0' ],
59 silly audit   'flat-cache': [ '3.2.0' ],
59 silly audit   flatted: [ '3.4.2' ],
59 silly audit   'for-each': [ '0.3.5' ],
59 silly audit   'foreground-child': [ '3.3.1' ],
59 silly audit   'framer-motion': [ '12.38.0' ],
59 silly audit   'fs.realpath': [ '1.0.0' ],
59 silly audit   fsevents: [ '2.3.3' ],
59 silly audit   'function-bind': [ '1.1.2' ],
59 silly audit   'function.prototype.name': [ '1.1.8' ],
59 silly audit   'functions-have-names': [ '1.2.3' ],
59 silly audit   'generator-function': [ '2.0.1' ],
59 silly audit   'get-intrinsic': [ '1.3.0' ],
59 silly audit   'get-proto': [ '1.0.1' ],
59 silly audit   'get-symbol-description': [ '1.1.0' ],
59 silly audit   'get-tsconfig': [ '4.14.0' ],
59 silly audit   glob: [ '10.3.10', '7.2.3' ],
59 silly audit   globals: [ '13.24.0' ],
59 silly audit   globalthis: [ '1.0.4' ],
59 silly audit   gopd: [ '1.2.0' ],
59 silly audit   'graceful-fs': [ '4.2.11' ],
59 silly audit   graphemer: [ '1.4.0' ],
59 silly audit   'has-bigints': [ '1.1.0' ],
59 silly audit   'has-flag': [ '4.0.0' ],
59 silly audit   'has-property-descriptors': [ '1.0.2' ],
59 silly audit   'has-proto': [ '1.2.0' ],
59 silly audit   'has-symbols': [ '1.1.0' ],
59 silly audit   'has-tostringtag': [ '1.0.2' ],
59 silly audit   hasown: [ '2.0.3' ],
59 silly audit   'import-fresh': [ '3.3.1' ],
59 silly audit   imurmurhash: [ '0.1.4' ],
59 silly audit   inflight: [ '1.0.6' ],
59 silly audit   inherits: [ '2.0.4' ],
59 silly audit   'internal-slot': [ '1.1.0' ],
59 silly audit   'is-array-buffer': [ '3.0.5' ],
59 silly audit   'is-async-function': [ '2.1.1' ],
59 silly audit   'is-bigint': [ '1.1.0' ],
59 silly audit   'is-binary-path': [ '2.1.0' ],
59 silly audit   'is-boolean-object': [ '1.2.2' ],
59 silly audit   'is-bun-module': [ '2.0.0' ],
59 silly audit   'is-callable': [ '1.2.7' ],
59 silly audit   'is-core-module': [ '2.16.1' ],
59 silly audit   'is-data-view': [ '1.0.2' ],
59 silly audit   'is-date-object': [ '1.1.0' ],
59 silly audit   'is-extglob': [ '2.1.1' ],
59 silly audit   'is-finalizationregistry': [ '1.1.1' ],
59 silly audit   'is-fullwidth-code-point': [ '3.0.0' ],
59 silly audit   'is-generator-function': [ '1.1.2' ],
59 silly audit   'is-glob': [ '4.0.3' ],
59 silly audit   'is-map': [ '2.0.3' ],
59 silly audit   'is-negative-zero': [ '2.0.3' ],
59 silly audit   'is-number': [ '7.0.0' ],
59 silly audit   'is-number-object': [ '1.1.1' ],
59 silly audit   'is-path-inside': [ '3.0.3' ],
59 silly audit   'is-regex': [ '1.2.1' ],
59 silly audit   'is-set': [ '2.0.3' ],
59 silly audit   'is-shared-array-buffer': [ '1.0.4' ],
59 silly audit   'is-string': [ '1.1.1' ],
59 silly audit   'is-symbol': [ '1.1.1' ],
59 silly audit   'is-typed-array': [ '1.1.15' ],
59 silly audit   'is-weakmap': [ '2.0.2' ],
59 silly audit   'is-weakref': [ '1.1.1' ],
59 silly audit   'is-weakset': [ '2.0.4' ],
59 silly audit   isarray: [ '2.0.5' ],
59 silly audit   isexe: [ '2.0.0' ],
59 silly audit   'iterator.prototype': [ '1.1.5' ],
59 silly audit   jackspeak: [ '2.3.6' ],
59 silly audit   'js-tokens': [ '4.0.0' ],
59 silly audit   'js-yaml': [ '4.1.1' ],
59 silly audit   'json-buffer': [ '3.0.1' ],
59 silly audit   'json-schema-traverse': [ '0.4.1' ],
59 silly audit   'json-stable-stringify-without-jsonify': [ '1.0.1' ],
59 silly audit   json5: [ '1.0.2' ],
59 silly audit   'jsx-ast-utils': [ '3.3.5' ],
59 silly audit   keyv: [ '4.5.4' ],
59 silly audit   'language-subtag-registry': [ '0.3.23' ],
59 silly audit   'language-tags': [ '1.0.9' ],
59 silly audit   levn: [ '0.4.1' ],
59 silly audit   lilconfig: [ '3.1.3' ],
59 silly audit   'lines-and-columns': [ '1.2.4' ],
59 silly audit   'locate-path': [ '6.0.0' ],
59 silly audit   'lodash.merge': [ '4.6.2' ],
59 silly audit   'loose-envify': [ '1.4.0' ],
59 silly audit   'lru-cache': [ '10.4.3' ],
59 silly audit   'lucide-react': [ '1.14.0' ],
59 silly audit   'math-intrinsics': [ '1.1.0' ],
59 silly audit   merge2: [ '1.4.1' ],
59 silly audit   micromatch: [ '4.0.8' ],
59 silly audit   minimist: [ '1.2.8' ],
59 silly audit   minipass: [ '7.1.3' ],
59 silly audit   'motion-dom': [ '12.38.0' ],
59 silly audit   'motion-utils': [ '12.36.0' ],
59 silly audit   ms: [ '2.1.3' ],
59 silly audit   mz: [ '2.7.0' ],
59 silly audit   nanoid: [ '3.3.12' ],
59 silly audit   'napi-postinstall': [ '0.3.4' ],
59 silly audit   'natural-compare': [ '1.4.0' ],
59 silly audit   next: [ '14.2.35' ],
59 silly audit   postcss: [ '8.4.31', '8.5.13' ],
59 silly audit   'node-exports-info': [ '1.6.0' ],
59 silly audit   'normalize-path': [ '3.0.0' ],
59 silly audit   'object-assign': [ '4.1.1' ],
59 silly audit   'object-hash': [ '3.0.0' ],
59 silly audit   'object-inspect': [ '1.13.4' ],
59 silly audit   'object-keys': [ '1.1.1' ],
59 silly audit   'object.assign': [ '4.1.7' ],
59 silly audit   'object.entries': [ '1.1.9' ],
59 silly audit   'object.fromentries': [ '2.0.8' ],
59 silly audit   'object.groupby': [ '1.0.3' ],
59 silly audit   'object.values': [ '1.2.1' ],
59 silly audit   once: [ '1.4.0' ],
59 silly audit   optionator: [ '0.9.4' ],
59 silly audit   'own-keys': [ '1.0.1' ],
59 silly audit   'p-limit': [ '3.1.0' ],
59 silly audit   'p-locate': [ '5.0.0' ],
59 silly audit   'parent-module': [ '1.0.1' ],
59 silly audit   'path-exists': [ '4.0.0' ],
59 silly audit   'path-is-absolute': [ '1.0.1' ],
59 silly audit   'path-key': [ '3.1.1' ],
59 silly audit   'path-parse': [ '1.0.7' ],
59 silly audit   'path-scurry': [ '1.11.1' ],
59 silly audit   picocolors: [ '1.1.1' ],
59 silly audit   picomatch: [ '2.3.2', '4.0.4' ],
59 silly audit   pify: [ '2.3.0' ],
59 silly audit   pirates: [ '4.0.7' ],
59 silly audit   'possible-typed-array-names': [ '1.1.0' ],
59 silly audit   'postcss-import': [ '15.1.0' ],
59 silly audit   resolve: [ '1.22.12', '2.0.0-next.6' ],
59 silly audit   'postcss-js': [ '4.1.0' ],
59 silly audit   'postcss-load-config': [ '6.0.1' ],
59 silly audit   'postcss-nested': [ '6.2.0' ],
59 silly audit   'postcss-selector-parser': [ '6.1.2' ],
59 silly audit   'postcss-value-parser': [ '4.2.0' ],
59 silly audit   'prelude-ls': [ '1.2.1' ],
59 silly audit   'prop-types': [ '15.8.1' ],
59 silly audit   punycode: [ '2.3.1' ],
59 silly audit   'queue-microtask': [ '1.2.3' ],
59 silly audit   react: [ '18.3.1' ],
59 silly audit   'react-dom': [ '18.3.1' ],
59 silly audit   'react-is': [ '16.13.1' ],
59 silly audit   'read-cache': [ '1.0.0' ],
59 silly audit   'reflect.getprototypeof': [ '1.0.10' ],
59 silly audit   'regexp.prototype.flags': [ '1.5.4' ],
59 silly audit   'resolve-from': [ '4.0.0' ],
59 silly audit   'resolve-pkg-maps': [ '1.0.0' ],
59 silly audit   reusify: [ '1.1.0' ],
59 silly audit   rimraf: [ '3.0.2' ],
59 silly audit   'run-parallel': [ '1.2.0' ],
59 silly audit   'safe-array-concat': [ '1.1.4' ],
59 silly audit   'safe-push-apply': [ '1.0.0' ],
59 silly audit   'safe-regex-test': [ '1.1.0' ],
59 silly audit   scheduler: [ '0.23.2' ],
59 silly audit   'set-function-length': [ '1.2.2' ],
59 silly audit   'set-function-name': [ '2.0.2' ],
59 silly audit   'set-proto': [ '1.0.0' ],
59 silly audit   'shebang-command': [ '2.0.0' ],
59 silly audit   'shebang-regex': [ '3.0.0' ],
59 silly audit   'side-channel': [ '1.1.0' ],
59 silly audit   'side-channel-list': [ '1.0.1' ],
59 silly audit   'side-channel-map': [ '1.0.1' ],
59 silly audit   'side-channel-weakmap': [ '1.0.2' ],
59 silly audit   'signal-exit': [ '4.1.0' ],
59 silly audit   'source-map-js': [ '1.2.1' ],
59 silly audit   'stable-hash': [ '0.0.5' ],
59 silly audit   'stop-iteration-iterator': [ '1.1.0' ],
59 silly audit   streamsearch: [ '1.1.0' ],
59 silly audit   'string-width': [ '5.1.2', '4.2.3' ],
59 silly audit   'string.prototype.includes': [ '2.0.1' ],
59 silly audit   'string.prototype.matchall': [ '4.0.12' ],
59 silly audit   'string.prototype.repeat': [ '1.0.0' ],
59 silly audit   'string.prototype.trim': [ '1.2.10' ],
59 silly audit   'string.prototype.trimend': [ '1.0.9' ],
59 silly audit   'string.prototype.trimstart': [ '1.0.8' ],
59 silly audit   'strip-bom': [ '3.0.0' ],
59 silly audit   'strip-json-comments': [ '3.1.1' ],
59 silly audit   'styled-jsx': [ '5.1.1' ],
59 silly audit   sucrase: [ '3.35.1' ],
59 silly audit   'supports-color': [ '7.2.0' ],
59 silly audit   'supports-preserve-symlinks-flag': [ '1.0.0' ],
59 silly audit   'tailwind-merge': [ '3.5.0' ],
59 silly audit   tailwindcss: [ '3.4.19' ],
59 silly audit   'text-table': [ '0.2.0' ],
59 silly audit   thenify: [ '3.3.1' ],
59 silly audit   'thenify-all': [ '1.6.0' ],
59 silly audit   tinyglobby: [ '0.2.16' ],
59 silly audit   fdir: [ '6.5.0' ],
59 silly audit   'to-regex-range': [ '5.0.1' ],
59 silly audit   'ts-api-utils': [ '2.5.0' ],
59 silly audit   'ts-interface-checker': [ '0.1.13' ],
59 silly audit   'tsconfig-paths': [ '3.15.0' ],
59 silly audit   tslib: [ '2.8.1' ],
59 silly audit   'type-check': [ '0.4.0' ],
59 silly audit   'type-fest': [ '0.20.2' ],
59 silly audit   'typed-array-buffer': [ '1.0.3' ],
59 silly audit   'typed-array-byte-length': [ '1.0.3' ],
59 silly audit   'typed-array-byte-offset': [ '1.0.4' ],
59 silly audit   'typed-array-length': [ '1.0.7' ],
59 silly audit   typescript: [ '5.9.3' ],
59 silly audit   'unbox-primitive': [ '1.1.0' ],
59 silly audit   'undici-types': [ '6.21.0' ],
59 silly audit   'unrs-resolver': [ '1.11.1' ],
59 silly audit   'uri-js': [ '4.4.1' ],
59 silly audit   'util-deprecate': [ '1.0.2' ],
59 silly audit   which: [ '2.0.2' ],
59 silly audit   'which-boxed-primitive': [ '1.1.1' ],
59 silly audit   'which-builtin-type': [ '1.2.1' ],
59 silly audit   'which-collection': [ '1.0.2' ],
59 silly audit   'which-typed-array': [ '1.1.20' ],
59 silly audit   'word-wrap': [ '1.2.5' ],
59 silly audit   'wrap-ansi': [ '8.1.0', '7.0.0' ],
59 silly audit   wrappy: [ '1.0.2' ],
59 silly audit   'yocto-queue': [ '0.1.0' ],
59 silly audit   zod: [ '4.4.3' ],
59 silly audit   zustand: [ '5.0.12' ]
59 silly audit }
60 http fetch POST 200 https://registry.npmjs.org/-/npm/v1/security/advisories/bulk 579ms
61 silly audit report {
61 silly audit report   glob: [
61 silly audit report     {
61 silly audit report       id: 1109842,
61 silly audit report       url: 'https://github.com/advisories/GHSA-5j98-mcp5-4vw2',
61 silly audit report       title: 'glob CLI: Command injection via -c/--cmd executes matches with shell:true',
61 silly audit report       severity: 'high',
61 silly audit report       vulnerable_versions: '>=10.2.0 <10.5.0',
61 silly audit report       cwe: [Array],
61 silly audit report       cvss: [Object]
61 silly audit report     }
61 silly audit report   ],
61 silly audit report   next: [
61 silly audit report     {
61 silly audit report       id: 1112593,
61 silly audit report       url: 'https://github.com/advisories/GHSA-9g9p-9gw9-jx7f',
61 silly audit report       title: 'Next.js self-hosted applications vulnerable to DoS via Image Optimizer remotePatterns configuration',
61 silly audit report       severity: 'moderate',
61 silly audit report       vulnerable_versions: '>=10.0.0 <15.5.10',
61 silly audit report       cwe: [Array],
61 silly audit report       cvss: [Object]
61 silly audit report     },
61 silly audit report     {
61 silly audit report       id: 1112653,
61 silly audit report       url: 'https://github.com/advisories/GHSA-h25m-26qc-wcjf',
61 silly audit report       title: 'Next.js HTTP request deserialization can lead to DoS when using insecure React Server Components',
61 silly audit report       severity: 'high',
61 silly audit report       vulnerable_versions: '>=13.0.0 <15.0.8',
61 silly audit report       cwe: [Array],
61 silly audit report       cvss: [Object]
61 silly audit report     },
61 silly audit report     {
61 silly audit report       id: 1114897,
61 silly audit report       url: 'https://github.com/advisories/GHSA-ggv3-7p47-pfv8',
61 silly audit report       title: 'Next.js: HTTP request smuggling in rewrites',
61 silly audit report       severity: 'moderate',
61 silly audit report       vulnerable_versions: '>=9.5.0 <15.5.13',
61 silly audit report       cwe: [Array],
61 silly audit report       cvss: [Object]
61 silly audit report     },
61 silly audit report     {
61 silly audit report       id: 1114940,
61 silly audit report       url: 'https://github.com/advisories/GHSA-3x4c-7xq6-9pq8',
61 silly audit report       title: 'Next.js: Unbounded next/image disk cache growth can exhaust storage',
61 silly audit report       severity: 'moderate',
61 silly audit report       vulnerable_versions: '>=10.0.0 <15.5.14',
61 silly audit report       cwe: [Array],
61 silly audit report       cvss: [Object]
61 silly audit report     },
61 silly audit report     {
61 silly audit report       id: 1116376,
61 silly audit report       url: 'https://github.com/advisories/GHSA-q4gf-8mx6-v5v3',
61 silly audit report       title: 'Next.js has a Denial of Service with Server Components',
61 silly audit report       severity: 'high',
61 silly audit report       vulnerable_versions: '>=13.0.0 <15.5.15',
61 silly audit report       cwe: [Array],
61 silly audit report       cvss: [Object]
61 silly audit report     }
61 silly audit report   ],
61 silly audit report   postcss: [
61 silly audit report     {
61 silly audit report       id: 1117015,
61 silly audit report       url: 'https://github.com/advisories/GHSA-qx2v-qp2m-jg93',
61 silly audit report       title: 'PostCSS has XSS via Unescaped </style> in its CSS Stringify Output',
61 silly audit report       severity: 'moderate',
61 silly audit report       vulnerable_versions: '<8.5.10',
61 silly audit report       cwe: [Array],
61 silly audit report       cvss: [Object]
61 silly audit report     }
61 silly audit report   ]
61 silly audit report }
62 silly packumentCache corgi:https://registry.npmjs.org/glob cache-miss
63 silly packumentCache corgi:https://registry.npmjs.org/next cache-miss
64 silly packumentCache corgi:https://registry.npmjs.org/postcss cache-miss
65 http cache https://registry.npmjs.org/postcss 501ms (cache hit)
66 silly packumentCache corgi:https://registry.npmjs.org/postcss set size:343029 disposed:false
67 http cache https://registry.npmjs.org/glob 510ms (cache hit)
68 silly packumentCache corgi:https://registry.npmjs.org/glob set size:199194 disposed:false
69 http cache https://registry.npmjs.org/next 649ms (cache hit)
70 silly packumentCache corgi:https://registry.npmjs.org/next set size:24842227 disposed:false
71 silly packumentCache corgi:https://registry.npmjs.org/@next%2feslint-plugin-next cache-miss
72 http cache https://registry.npmjs.org/@next%2feslint-plugin-next 35ms (cache hit)
73 silly packumentCache corgi:https://registry.npmjs.org/@next%2feslint-plugin-next set size:3206329 disposed:false
74 silly packumentCache corgi:https://registry.npmjs.org/eslint-config-next cache-miss
75 http cache https://registry.npmjs.org/eslint-config-next 18ms (cache hit)
76 silly packumentCache corgi:https://registry.npmjs.org/eslint-config-next set size:3858039 disposed:false
77 silly REMOVE node_modules/yn
78 silly REMOVE node_modules/v8-compile-cache-lib
79 silly REMOVE node_modules/ts-node
80 silly REMOVE node_modules/ts-node/node_modules/arg
81 silly REMOVE node_modules/tinyexec
82 silly REMOVE node_modules/rc9
83 silly REMOVE node_modules/pure-rand
84 silly REMOVE node_modules/prisma
85 silly REMOVE node_modules/pkg-types
86 silly REMOVE node_modules/perfect-debounce
87 silly REMOVE node_modules/pathe
88 silly REMOVE node_modules/ohash
89 silly REMOVE node_modules/nypm
90 silly REMOVE node_modules/nypm/node_modules/citty
91 silly REMOVE node_modules/node-fetch-native
92 silly REMOVE node_modules/make-error
93 silly REMOVE node_modules/giget
94 silly REMOVE node_modules/fast-check
95 silly REMOVE node_modules/exsolve
96 silly REMOVE node_modules/empathic
97 silly REMOVE node_modules/effect
98 silly REMOVE node_modules/dotenv
99 silly REMOVE node_modules/diff
100 silly REMOVE node_modules/destr
101 silly REMOVE node_modules/defu
102 silly REMOVE node_modules/deepmerge-ts
103 silly REMOVE node_modules/create-require
104 silly REMOVE node_modules/consola
105 silly REMOVE node_modules/confbox
106 silly REMOVE node_modules/citty
107 silly REMOVE node_modules/c12
108 silly REMOVE node_modules/c12/node_modules/readdirp
109 silly REMOVE node_modules/c12/node_modules/jiti
110 silly REMOVE node_modules/c12/node_modules/chokidar
111 silly REMOVE node_modules/acorn-walk
112 silly REMOVE node_modules/@tsconfig/node16
113 silly REMOVE node_modules/@tsconfig/node14
114 silly REMOVE node_modules/@tsconfig/node12
115 silly REMOVE node_modules/@tsconfig/node10
116 silly REMOVE node_modules/@standard-schema/spec
117 silly REMOVE node_modules/@prisma/get-platform
118 silly REMOVE node_modules/@prisma/fetch-engine
119 silly REMOVE node_modules/@prisma/engines-version
120 silly REMOVE node_modules/@prisma/engines
121 silly REMOVE node_modules/@prisma/debug
122 silly REMOVE node_modules/@prisma/config
123 silly REMOVE node_modules/@prisma/client
124 silly REMOVE node_modules/@cspotcode/source-map-support
125 silly REMOVE node_modules/@cspotcode/source-map-support/node_modules/@jridgewell/trace-mapping
126 verbose cwd C:\Users\Administrator\OneDrive - Innlandet fylkeskommune\Skrivebord\Case Battle\Case-Battle
127 verbose os Windows_NT 10.0.26100
128 verbose node v24.13.0
129 verbose npm  v11.6.2
130 verbose exit 0
131 info ok
