0 verbose cli C:\nvm4w\nodejs\node.exe C:\nvm4w\nodejs\node_modules\npm\bin\npm-cli.js
1 info using npm@11.6.2
2 info using node@v24.13.0
3 silly config load:file:C:\Users\Administrator\AppData\Local\nvm\v24.13.0\node_modules\npm\npmrc
4 silly config load:file:C:\Users\Administrator\OneDrive - Innlandet fylkeskommune\Skrivebord\Case Battle\Case-Battle\.npmrc
5 silly config load:file:C:\Users\Administrator\.npmrc
6 silly config load:file:C:\nvm4w\nodejs\etc\npmrc
7 verbose title npm install framer-motion zustand @prisma/client zod clsx tailwind-merge lucide-react
8 verbose argv "install" "framer-motion" "zustand" "@prisma/client" "zod" "clsx" "tailwind-merge" "lucide-react"
9 verbose logfile logs-max:10 dir:C:\Users\Administrator\OneDrive - Innlandet fylkeskommune\Skrivebord\Case Battle\Case-Battle\.npm-cache\_logs\2026-05-04T12_47_46_361Z-
10 verbose logfile C:\Users\Administrator\OneDrive - Innlandet fylkeskommune\Skrivebord\Case Battle\Case-Battle\.npm-cache\_logs\2026-05-04T12_47_46_361Z-debug-0.log
11 silly logfile done cleaning log files
12 silly packumentCache heap:4496293888 maxSize:1124073472 maxEntrySize:562036736
13 silly idealTree buildDeps
14 silly fetch manifest framer-motion@*
15 silly packumentCache full:https://registry.npmjs.org/framer-motion cache-miss
16 http fetch GET 200 https://registry.npmjs.org/framer-motion 543ms (cache miss)
17 silly packumentCache full:https://registry.npmjs.org/framer-motion set size:undefined disposed:false
18 silly fetch manifest @emotion/is-prop-valid@*
19 silly packumentCache full:https://registry.npmjs.org/@emotion%2fis-prop-valid cache-miss
20 http fetch GET 200 https://registry.npmjs.org/@emotion%2fis-prop-valid 439ms (cache miss)
21 silly packumentCache full:https://registry.npmjs.org/@emotion%2fis-prop-valid set size:undefined disposed:false
22 silly fetch manifest react@^18
23 silly packumentCache full:https://registry.npmjs.org/react cache-miss
24 http cache https://registry.npmjs.org/react 37ms (cache hit)
25 silly packumentCache full:https://registry.npmjs.org/react set size:6633619 disposed:false
26 silly fetch manifest react-dom@^18
27 silly packumentCache full:https://registry.npmjs.org/react-dom cache-miss
28 http cache https://registry.npmjs.org/react-dom 45ms (cache hit)
29 silly packumentCache full:https://registry.npmjs.org/react-dom set size:8839555 disposed:false
30 silly fetch manifest zustand@*
31 silly packumentCache full:https://registry.npmjs.org/zustand cache-miss
32 http fetch GET 200 https://registry.npmjs.org/zustand 217ms (cache miss)
33 silly packumentCache full:https://registry.npmjs.org/zustand set size:undefined disposed:false
34 silly fetch manifest @types/react@^18
35 silly packumentCache full:https://registry.npmjs.org/@types%2freact cache-miss
36 http cache https://registry.npmjs.org/@types%2freact 21ms (cache hit)
37 silly packumentCache full:https://registry.npmjs.org/@types%2freact set size:2588964 disposed:false
38 silly fetch manifest immer@>=9.0.6
39 silly packumentCache full:https://registry.npmjs.org/immer cache-miss
40 http fetch GET 200 https://registry.npmjs.org/immer 189ms (cache miss)
41 silly packumentCache full:https://registry.npmjs.org/immer set size:undefined disposed:false
42 silly fetch manifest use-sync-external-store@>=1.2.0
43 silly packumentCache full:https://registry.npmjs.org/use-sync-external-store cache-miss
44 http fetch GET 200 https://registry.npmjs.org/use-sync-external-store 253ms (cache miss)
45 silly packumentCache full:https://registry.npmjs.org/use-sync-external-store set size:undefined disposed:false
46 silly fetch manifest @prisma/client@*
47 silly packumentCache full:https://registry.npmjs.org/@prisma%2fclient cache-miss
48 http fetch GET 200 https://registry.npmjs.org/@prisma%2fclient 2173ms (cache miss)
49 silly packumentCache full:https://registry.npmjs.org/@prisma%2fclient set size:undefined disposed:false
50 silly fetch manifest prisma@*
51 silly packumentCache full:https://registry.npmjs.org/prisma cache-miss
52 http fetch GET 200 https://registry.npmjs.org/prisma 2201ms (cache miss)
53 silly packumentCache full:https://registry.npmjs.org/prisma set size:undefined disposed:false
54 silly fetch manifest better-sqlite3@>=9.0.0
55 silly packumentCache full:https://registry.npmjs.org/better-sqlite3 cache-miss
56 http fetch GET 200 https://registry.npmjs.org/better-sqlite3 171ms (cache miss)
57 silly packumentCache full:https://registry.npmjs.org/better-sqlite3 set size:undefined disposed:false
58 silly fetch manifest typescript@^5
59 silly packumentCache full:https://registry.npmjs.org/typescript cache-miss
60 http cache https://registry.npmjs.org/typescript 118ms (cache hit)
61 silly packumentCache full:https://registry.npmjs.org/typescript set size:15409943 disposed:false
62 silly fetch manifest zod@*
63 silly packumentCache full:https://registry.npmjs.org/zod cache-miss
64 http fetch GET 200 https://registry.npmjs.org/zod 269ms (cache miss)
65 silly packumentCache full:https://registry.npmjs.org/zod set size:undefined disposed:false
66 silly fetch manifest clsx@*
67 silly packumentCache full:https://registry.npmjs.org/clsx cache-miss
68 http fetch GET 200 https://registry.npmjs.org/clsx 87ms (cache miss)
69 silly packumentCache full:https://registry.npmjs.org/clsx set size:undefined disposed:false
70 silly fetch manifest tailwind-merge@*
71 silly packumentCache full:https://registry.npmjs.org/tailwind-merge cache-miss
72 http fetch GET 200 https://registry.npmjs.org/tailwind-merge 179ms (cache miss)
73 silly packumentCache full:https://registry.npmjs.org/tailwind-merge set size:undefined disposed:false
74 silly fetch manifest lucide-react@*
75 silly packumentCache full:https://registry.npmjs.org/lucide-react cache-miss
76 http fetch GET 200 https://registry.npmjs.org/lucide-react 181ms (cache miss)
77 silly packumentCache full:https://registry.npmjs.org/lucide-react set size:undefined disposed:false
78 silly placeDep ROOT @prisma/client@7.8.0 OK for: skinforge@0.1.0 want: *
79 silly placeDep ROOT clsx@2.1.1 OK for: skinforge@0.1.0 want: *
80 silly placeDep ROOT framer-motion@12.38.0 OK for: skinforge@0.1.0 want: *
81 silly placeDep ROOT lucide-react@1.14.0 OK for: skinforge@0.1.0 want: *
82 silly placeDep ROOT tailwind-merge@3.5.0 OK for: skinforge@0.1.0 want: *
83 silly placeDep ROOT zod@4.4.3 OK for: skinforge@0.1.0 want: *
84 silly placeDep ROOT zustand@5.0.12 OK for: skinforge@0.1.0 want: *
85 silly fetch manifest @prisma/client-runtime-utils@7.8.0
86 silly packumentCache full:https://registry.npmjs.org/@prisma%2fclient-runtime-utils cache-miss
87 silly fetch manifest motion-dom@^12.38.0
88 silly packumentCache full:https://registry.npmjs.org/motion-dom cache-miss
89 silly fetch manifest motion-utils@^12.36.0
90 silly packumentCache full:https://registry.npmjs.org/motion-utils cache-miss
91 http fetch GET 200 https://registry.npmjs.org/motion-utils 138ms (cache miss)
92 silly packumentCache full:https://registry.npmjs.org/motion-utils set size:undefined disposed:false
93 http fetch GET 200 https://registry.npmjs.org/motion-dom 224ms (cache miss)
94 silly packumentCache full:https://registry.npmjs.org/motion-dom set size:undefined disposed:false
95 http fetch GET 200 https://registry.npmjs.org/@prisma%2fclient-runtime-utils 821ms (cache miss)
96 silly packumentCache full:https://registry.npmjs.org/@prisma%2fclient-runtime-utils set size:undefined disposed:false
97 silly placeDep ROOT @prisma/client-runtime-utils@7.8.0 OK for: @prisma/client@7.8.0 want: 7.8.0
98 silly placeDep ROOT motion-dom@12.38.0 OK for: framer-motion@12.38.0 want: ^12.38.0
99 silly placeDep ROOT motion-utils@12.36.0 OK for: framer-motion@12.38.0 want: ^12.36.0
100 silly reify moves {}
101 silly audit bulk request {
101 silly audit   '@alloc/quick-lru': [ '5.2.0' ],
101 silly audit   '@emnapi/core': [ '1.10.0' ],
101 silly audit   '@emnapi/runtime': [ '1.10.0' ],
101 silly audit   '@emnapi/wasi-threads': [ '1.2.1' ],
101 silly audit   '@eslint-community/eslint-utils': [ '4.9.1' ],
101 silly audit   '@eslint-community/regexpp': [ '4.12.2' ],
101 silly audit   '@eslint/eslintrc': [ '2.1.4' ],
101 silly audit   '@eslint/js': [ '8.57.1' ],
101 silly audit   '@humanwhocodes/config-array': [ '0.13.0' ],
101 silly audit   '@humanwhocodes/module-importer': [ '1.0.1' ],
101 silly audit   '@humanwhocodes/object-schema': [ '2.0.3' ],
101 silly audit   '@isaacs/cliui': [ '8.0.2' ],
101 silly audit   'ansi-regex': [ '6.2.2', '5.0.1' ],
101 silly audit   'strip-ansi': [ '7.2.0', '6.0.1' ],
101 silly audit   '@jridgewell/gen-mapping': [ '0.3.13' ],
101 silly audit   '@jridgewell/resolve-uri': [ '3.1.2' ],
101 silly audit   '@jridgewell/sourcemap-codec': [ '1.5.5' ],
101 silly audit   '@jridgewell/trace-mapping': [ '0.3.31' ],
101 silly audit   '@napi-rs/wasm-runtime': [ '0.2.12' ],
101 silly audit   '@next/env': [ '14.2.35' ],
101 silly audit   '@next/eslint-plugin-next': [ '14.2.35' ],
101 silly audit   '@next/swc-darwin-arm64': [ '14.2.33' ],
101 silly audit   '@next/swc-darwin-x64': [ '14.2.33' ],
101 silly audit   '@next/swc-linux-arm64-gnu': [ '14.2.33' ],
101 silly audit   '@next/swc-linux-arm64-musl': [ '14.2.33' ],
101 silly audit   '@next/swc-linux-x64-gnu': [ '14.2.33' ],
101 silly audit   '@next/swc-linux-x64-musl': [ '14.2.33' ],
101 silly audit   '@next/swc-win32-arm64-msvc': [ '14.2.33' ],
101 silly audit   '@next/swc-win32-ia32-msvc': [ '14.2.33' ],
101 silly audit   '@next/swc-win32-x64-msvc': [ '14.2.33' ],
101 silly audit   '@nodelib/fs.scandir': [ '2.1.5' ],
101 silly audit   '@nodelib/fs.stat': [ '2.0.5' ],
101 silly audit   '@nodelib/fs.walk': [ '1.2.8' ],
101 silly audit   '@nolyfill/is-core-module': [ '1.0.39' ],
101 silly audit   '@pkgjs/parseargs': [ '0.11.0' ],
101 silly audit   '@rtsao/scc': [ '1.1.0' ],
101 silly audit   '@rushstack/eslint-patch': [ '1.16.1' ],
101 silly audit   '@swc/counter': [ '0.1.3' ],
101 silly audit   '@swc/helpers': [ '0.5.5' ],
101 silly audit   '@tybys/wasm-util': [ '0.10.2' ],
101 silly audit   '@types/json5': [ '0.0.29' ],
101 silly audit   '@types/node': [ '20.19.39' ],
101 silly audit   '@types/prop-types': [ '15.7.15' ],
101 silly audit   '@types/react': [ '18.3.28' ],
101 silly audit   '@types/react-dom': [ '18.3.7' ],
101 silly audit   '@typescript-eslint/eslint-plugin': [ '8.59.1' ],
101 silly audit   ignore: [ '7.0.5', '5.3.2' ],
101 silly audit   '@typescript-eslint/parser': [ '8.59.1' ],
101 silly audit   '@typescript-eslint/project-service': [ '8.59.1' ],
101 silly audit   '@typescript-eslint/scope-manager': [ '8.59.1' ],
101 silly audit   '@typescript-eslint/tsconfig-utils': [ '8.59.1' ],
101 silly audit   '@typescript-eslint/type-utils': [ '8.59.1' ],
101 silly audit   '@typescript-eslint/types': [ '8.59.1' ],
101 silly audit   '@typescript-eslint/typescript-estree': [ '8.59.1' ],
101 silly audit   'balanced-match': [ '4.0.4', '1.0.2' ],
101 silly audit   'brace-expansion': [ '5.0.5', '1.1.14', '2.1.0' ],
101 silly audit   minimatch: [ '10.2.5', '9.0.9', '3.1.5' ],
101 silly audit   '@typescript-eslint/utils': [ '8.59.1' ],
101 silly audit   '@typescript-eslint/visitor-keys': [ '8.59.1' ],
101 silly audit   'eslint-visitor-keys': [ '5.0.1', '3.4.3' ],
101 silly audit   '@ungap/structured-clone': [ '1.3.0' ],
101 silly audit   '@unrs/resolver-binding-android-arm-eabi': [ '1.11.1' ],
101 silly audit   '@unrs/resolver-binding-android-arm64': [ '1.11.1' ],
101 silly audit   '@unrs/resolver-binding-darwin-arm64': [ '1.11.1' ],
101 silly audit   '@unrs/resolver-binding-darwin-x64': [ '1.11.1' ],
101 silly audit   '@unrs/resolver-binding-freebsd-x64': [ '1.11.1' ],
101 silly audit   '@unrs/resolver-binding-linux-arm-gnueabihf': [ '1.11.1' ],
101 silly audit   '@unrs/resolver-binding-linux-arm-musleabihf': [ '1.11.1' ],
101 silly audit   '@unrs/resolver-binding-linux-arm64-gnu': [ '1.11.1' ],
101 silly audit   '@unrs/resolver-binding-linux-arm64-musl': [ '1.11.1' ],
101 silly audit   '@unrs/resolver-binding-linux-ppc64-gnu': [ '1.11.1' ],
101 silly audit   '@unrs/resolver-binding-linux-riscv64-gnu': [ '1.11.1' ],
101 silly audit   '@unrs/resolver-binding-linux-riscv64-musl': [ '1.11.1' ],
101 silly audit   '@unrs/resolver-binding-linux-s390x-gnu': [ '1.11.1' ],
101 silly audit   '@unrs/resolver-binding-linux-x64-gnu': [ '1.11.1' ],
101 silly audit   '@unrs/resolver-binding-linux-x64-musl': [ '1.11.1' ],
101 silly audit   '@unrs/resolver-binding-wasm32-wasi': [ '1.11.1' ],
101 silly audit   '@unrs/resolver-binding-win32-arm64-msvc': [ '1.11.1' ],
101 silly audit   '@unrs/resolver-binding-win32-ia32-msvc': [ '1.11.1' ],
101 silly audit   '@unrs/resolver-binding-win32-x64-msvc': [ '1.11.1' ],
101 silly audit   acorn: [ '8.16.0' ],
101 silly audit   'acorn-jsx': [ '5.3.2' ],
101 silly audit   ajv: [ '6.15.0' ],
101 silly audit   'ansi-styles': [ '4.3.0', '6.2.3' ],
101 silly audit   'any-promise': [ '1.3.0' ],
101 silly audit   anymatch: [ '3.1.3' ],
101 silly audit   arg: [ '5.0.2' ],
101 silly audit   argparse: [ '2.0.1' ],
101 silly audit   'aria-query': [ '5.3.2' ],
101 silly audit   'array-buffer-byte-length': [ '1.0.2' ],
101 silly audit   'array-includes': [ '3.1.9' ],
101 silly audit   'array.prototype.findlast': [ '1.2.5' ],
101 silly audit   'array.prototype.findlastindex': [ '1.2.6' ],
101 silly audit   'array.prototype.flat': [ '1.3.3' ],
101 silly audit   'array.prototype.flatmap': [ '1.3.3' ],
101 silly audit   'array.prototype.tosorted': [ '1.1.4' ],
101 silly audit   'arraybuffer.prototype.slice': [ '1.0.4' ],
101 silly audit   'ast-types-flow': [ '0.0.8' ],
101 silly audit   'async-function': [ '1.0.0' ],
101 silly audit   'available-typed-arrays': [ '1.0.7' ],
101 silly audit   'axe-core': [ '4.11.4' ],
101 silly audit   'axobject-query': [ '4.1.0' ],
101 silly audit   'binary-extensions': [ '2.3.0' ],
101 silly audit   braces: [ '3.0.3' ],
101 silly audit   busboy: [ '1.6.0' ],
101 silly audit   'call-bind': [ '1.0.9' ],
101 silly audit   'call-bind-apply-helpers': [ '1.0.2' ],
101 silly audit   'call-bound': [ '1.0.4' ],
101 silly audit   callsites: [ '3.1.0' ],
101 silly audit   'camelcase-css': [ '2.0.1' ],
101 silly audit   'caniuse-lite': [ '1.0.30001791' ],
101 silly audit   chalk: [ '4.1.2' ],
101 silly audit   chokidar: [ '3.6.0' ],
101 silly audit   'glob-parent': [ '5.1.2', '6.0.2' ],
101 silly audit   'client-only': [ '0.0.1' ],
101 silly audit   'color-convert': [ '2.0.1' ],
101 silly audit   'color-name': [ '1.1.4' ],
101 silly audit   commander: [ '4.1.1' ],
101 silly audit   'concat-map': [ '0.0.1' ],
101 silly audit   'cross-spawn': [ '7.0.6' ],
101 silly audit   cssesc: [ '3.0.0' ],
101 silly audit   csstype: [ '3.2.3' ],
101 silly audit   'damerau-levenshtein': [ '1.0.8' ],
101 silly audit   'data-view-buffer': [ '1.0.2' ],
101 silly audit   'data-view-byte-length': [ '1.0.2' ],
101 silly audit   'data-view-byte-offset': [ '1.0.1' ],
101 silly audit   debug: [ '4.4.3', '3.2.7' ],
101 silly audit   'deep-is': [ '0.1.4' ],
101 silly audit   'define-data-property': [ '1.1.4' ],
101 silly audit   'define-properties': [ '1.2.1' ],
101 silly audit   didyoumean: [ '1.2.2' ],
101 silly audit   dlv: [ '1.1.3' ],
101 silly audit   doctrine: [ '3.0.0', '2.1.0' ],
101 silly audit   'dunder-proto': [ '1.0.1' ],
101 silly audit   eastasianwidth: [ '0.2.0' ],
101 silly audit   'emoji-regex': [ '9.2.2', '8.0.0' ],
101 silly audit   'es-abstract': [ '1.24.2' ],
101 silly audit   'es-define-property': [ '1.0.1' ],
101 silly audit   'es-errors': [ '1.3.0' ],
101 silly audit   'es-iterator-helpers': [ '1.3.2' ],
101 silly audit   'es-object-atoms': [ '1.1.1' ],
101 silly audit   'es-set-tostringtag': [ '2.1.0' ],
101 silly audit   'es-shim-unscopables': [ '1.1.0' ],
101 silly audit   'es-to-primitive': [ '1.3.0' ],
101 silly audit   'escape-string-regexp': [ '4.0.0' ],
101 silly audit   eslint: [ '8.57.1' ],
101 silly audit   'eslint-config-next': [ '14.2.35' ],
101 silly audit   'eslint-import-resolver-node': [ '0.3.10' ],
101 silly audit   'eslint-import-resolver-typescript': [ '3.10.1' ],
101 silly audit   'eslint-module-utils': [ '2.12.1' ],
101 silly audit   'eslint-plugin-import': [ '2.32.0' ],
101 silly audit   semver: [ '6.3.1', '7.7.4' ],
101 silly audit   'eslint-plugin-jsx-a11y': [ '6.10.2' ],
101 silly audit   'eslint-plugin-react': [ '7.37.5' ],
101 silly audit   'eslint-plugin-react-hooks': [ '5.0.0-canary-7118f5dd7-20230705' ],
101 silly audit   'eslint-scope': [ '7.2.2' ],
101 silly audit   espree: [ '9.6.1' ],
101 silly audit   esquery: [ '1.7.0' ],
101 silly audit   esrecurse: [ '4.3.0' ],
101 silly audit   estraverse: [ '5.3.0' ],
101 silly audit   esutils: [ '2.0.3' ],
101 silly audit   'fast-deep-equal': [ '3.1.3' ],
101 silly audit   'fast-glob': [ '3.3.3' ],
101 silly audit   'fast-json-stable-stringify': [ '2.1.0' ],
101 silly audit   'fast-levenshtein': [ '2.0.6' ],
101 silly audit   fastq: [ '1.20.1' ],
101 silly audit   'file-entry-cache': [ '6.0.1' ],
101 silly audit   'fill-range': [ '7.1.1' ],
101 silly audit   'find-up': [ '5.0.0' ],
101 silly audit   'flat-cache': [ '3.2.0' ],
101 silly audit   flatted: [ '3.4.2' ],
101 silly audit   'for-each': [ '0.3.5' ],
101 silly audit   'foreground-child': [ '3.3.1' ],
101 silly audit   'fs.realpath': [ '1.0.0' ],
101 silly audit   fsevents: [ '2.3.3' ],
101 silly audit   'function-bind': [ '1.1.2' ],
101 silly audit   'function.prototype.name': [ '1.1.8' ],
101 silly audit   'functions-have-names': [ '1.2.3' ],
101 silly audit   'generator-function': [ '2.0.1' ],
101 silly audit   'get-intrinsic': [ '1.3.0' ],
101 silly audit   'get-proto': [ '1.0.1' ],
101 silly audit   'get-symbol-description': [ '1.1.0' ],
101 silly audit   'get-tsconfig': [ '4.14.0' ],
101 silly audit   glob: [ '10.3.10', '7.2.3' ],
101 silly audit   globals: [ '13.24.0' ],
101 silly audit   globalthis: [ '1.0.4' ],
101 silly audit   gopd: [ '1.2.0' ],
101 silly audit   'graceful-fs': [ '4.2.11' ],
101 silly audit   graphemer: [ '1.4.0' ],
101 silly audit   'has-bigints': [ '1.1.0' ],
101 silly audit   'has-flag': [ '4.0.0' ],
101 silly audit   'has-property-descriptors': [ '1.0.2' ],
101 silly audit   'has-proto': [ '1.2.0' ],
101 silly audit   'has-symbols': [ '1.1.0' ],
101 silly audit   'has-tostringtag': [ '1.0.2' ],
101 silly audit   hasown: [ '2.0.3' ],
101 silly audit   'import-fresh': [ '3.3.1' ],
101 silly audit   imurmurhash: [ '0.1.4' ],
101 silly audit   inflight: [ '1.0.6' ],
101 silly audit   inherits: [ '2.0.4' ],
101 silly audit   'internal-slot': [ '1.1.0' ],
101 silly audit   'is-array-buffer': [ '3.0.5' ],
101 silly audit   'is-async-function': [ '2.1.1' ],
101 silly audit   'is-bigint': [ '1.1.0' ],
101 silly audit   'is-binary-path': [ '2.1.0' ],
101 silly audit   'is-boolean-object': [ '1.2.2' ],
101 silly audit   'is-bun-module': [ '2.0.0' ],
101 silly audit   'is-callable': [ '1.2.7' ],
101 silly audit   'is-core-module': [ '2.16.1' ],
101 silly audit   'is-data-view': [ '1.0.2' ],
101 silly audit   'is-date-object': [ '1.1.0' ],
101 silly audit   'is-extglob': [ '2.1.1' ],
101 silly audit   'is-finalizationregistry': [ '1.1.1' ],
101 silly audit   'is-fullwidth-code-point': [ '3.0.0' ],
101 silly audit   'is-generator-function': [ '1.1.2' ],
101 silly audit   'is-glob': [ '4.0.3' ],
101 silly audit   'is-map': [ '2.0.3' ],
101 silly audit   'is-negative-zero': [ '2.0.3' ],
101 silly audit   'is-number': [ '7.0.0' ],
101 silly audit   'is-number-object': [ '1.1.1' ],
101 silly audit   'is-path-inside': [ '3.0.3' ],
101 silly audit   'is-regex': [ '1.2.1' ],
101 silly audit   'is-set': [ '2.0.3' ],
101 silly audit   'is-shared-array-buffer': [ '1.0.4' ],
101 silly audit   'is-string': [ '1.1.1' ],
101 silly audit   'is-symbol': [ '1.1.1' ],
101 silly audit   'is-typed-array': [ '1.1.15' ],
101 silly audit   'is-weakmap': [ '2.0.2' ],
101 silly audit   'is-weakref': [ '1.1.1' ],
101 silly audit   'is-weakset': [ '2.0.4' ],
101 silly audit   isarray: [ '2.0.5' ],
101 silly audit   isexe: [ '2.0.0' ],
101 silly audit   'iterator.prototype': [ '1.1.5' ],
101 silly audit   jackspeak: [ '2.3.6' ],
101 silly audit   jiti: [ '1.21.7' ],
101 silly audit   'js-tokens': [ '4.0.0' ],
101 silly audit   'js-yaml': [ '4.1.1' ],
101 silly audit   'json-buffer': [ '3.0.1' ],
101 silly audit   'json-schema-traverse': [ '0.4.1' ],
101 silly audit   'json-stable-stringify-without-jsonify': [ '1.0.1' ],
101 silly audit   json5: [ '1.0.2' ],
101 silly audit   'jsx-ast-utils': [ '3.3.5' ],
101 silly audit   keyv: [ '4.5.4' ],
101 silly audit   'language-subtag-registry': [ '0.3.23' ],
101 silly audit   'language-tags': [ '1.0.9' ],
101 silly audit   levn: [ '0.4.1' ],
101 silly audit   lilconfig: [ '3.1.3' ],
101 silly audit   'lines-and-columns': [ '1.2.4' ],
101 silly audit   'locate-path': [ '6.0.0' ],
101 silly audit   'lodash.merge': [ '4.6.2' ],
101 silly audit   'loose-envify': [ '1.4.0' ],
101 silly audit   'lru-cache': [ '10.4.3' ],
101 silly audit   'math-intrinsics': [ '1.1.0' ],
101 silly audit   merge2: [ '1.4.1' ],
101 silly audit   micromatch: [ '4.0.8' ],
101 silly audit   minimist: [ '1.2.8' ],
101 silly audit   minipass: [ '7.1.3' ],
101 silly audit   ms: [ '2.1.3' ],
101 silly audit   mz: [ '2.7.0' ],
101 silly audit   nanoid: [ '3.3.12' ],
101 silly audit   'napi-postinstall': [ '0.3.4' ],
101 silly audit   'natural-compare': [ '1.4.0' ],
101 silly audit   next: [ '14.2.35' ],
101 silly audit   postcss: [ '8.4.31', '8.5.13' ],
101 silly audit   'node-exports-info': [ '1.6.0' ],
101 silly audit   'normalize-path': [ '3.0.0' ],
101 silly audit   'object-assign': [ '4.1.1' ],
101 silly audit   'object-hash': [ '3.0.0' ],
101 silly audit   'object-inspect': [ '1.13.4' ],
101 silly audit   'object-keys': [ '1.1.1' ],
101 silly audit   'object.assign': [ '4.1.7' ],
101 silly audit   'object.entries': [ '1.1.9' ],
101 silly audit   'object.fromentries': [ '2.0.8' ],
101 silly audit   'object.groupby': [ '1.0.3' ],
101 silly audit   'object.values': [ '1.2.1' ],
101 silly audit   once: [ '1.4.0' ],
101 silly audit   optionator: [ '0.9.4' ],
101 silly audit   'own-keys': [ '1.0.1' ],
101 silly audit   'p-limit': [ '3.1.0' ],
101 silly audit   'p-locate': [ '5.0.0' ],
101 silly audit   'parent-module': [ '1.0.1' ],
101 silly audit   'path-exists': [ '4.0.0' ],
101 silly audit   'path-is-absolute': [ '1.0.1' ],
101 silly audit   'path-key': [ '3.1.1' ],
101 silly audit   'path-parse': [ '1.0.7' ],
101 silly audit   'path-scurry': [ '1.11.1' ],
101 silly audit   picocolors: [ '1.1.1' ],
101 silly audit   picomatch: [ '2.3.2', '4.0.4' ],
101 silly audit   pify: [ '2.3.0' ],
101 silly audit   pirates: [ '4.0.7' ],
101 silly audit   'possible-typed-array-names': [ '1.1.0' ],
101 silly audit   'postcss-import': [ '15.1.0' ],
101 silly audit   resolve: [ '1.22.12', '2.0.0-next.6' ],
101 silly audit   'postcss-js': [ '4.1.0' ],
101 silly audit   'postcss-load-config': [ '6.0.1' ],
101 silly audit   'postcss-nested': [ '6.2.0' ],
101 silly audit   'postcss-selector-parser': [ '6.1.2' ],
101 silly audit   'postcss-value-parser': [ '4.2.0' ],
101 silly audit   'prelude-ls': [ '1.2.1' ],
101 silly audit   'prop-types': [ '15.8.1' ],
101 silly audit   punycode: [ '2.3.1' ],
101 silly audit   'queue-microtask': [ '1.2.3' ],
101 silly audit   react: [ '18.3.1' ],
101 silly audit   'react-dom': [ '18.3.1' ],
101 silly audit   'react-is': [ '16.13.1' ],
101 silly audit   'read-cache': [ '1.0.0' ],
101 silly audit   readdirp: [ '3.6.0' ],
101 silly audit   'reflect.getprototypeof': [ '1.0.10' ],
101 silly audit   'regexp.prototype.flags': [ '1.5.4' ],
101 silly audit   'resolve-from': [ '4.0.0' ],
101 silly audit   'resolve-pkg-maps': [ '1.0.0' ],
101 silly audit   reusify: [ '1.1.0' ],
101 silly audit   rimraf: [ '3.0.2' ],
101 silly audit   'run-parallel': [ '1.2.0' ],
101 silly audit   'safe-array-concat': [ '1.1.4' ],
101 silly audit   'safe-push-apply': [ '1.0.0' ],
101 silly audit   'safe-regex-test': [ '1.1.0' ],
101 silly audit   scheduler: [ '0.23.2' ],
101 silly audit   'set-function-length': [ '1.2.2' ],
101 silly audit   'set-function-name': [ '2.0.2' ],
101 silly audit   'set-proto': [ '1.0.0' ],
101 silly audit   'shebang-command': [ '2.0.0' ],
101 silly audit   'shebang-regex': [ '3.0.0' ],
101 silly audit   'side-channel': [ '1.1.0' ],
101 silly audit   'side-channel-list': [ '1.0.1' ],
101 silly audit   'side-channel-map': [ '1.0.1' ],
101 silly audit   'side-channel-weakmap': [ '1.0.2' ],
101 silly audit   'signal-exit': [ '4.1.0' ],
101 silly audit   'source-map-js': [ '1.2.1' ],
101 silly audit   'stable-hash': [ '0.0.5' ],
101 silly audit   'stop-iteration-iterator': [ '1.1.0' ],
101 silly audit   streamsearch: [ '1.1.0' ],
101 silly audit   'string-width': [ '5.1.2', '4.2.3' ],
101 silly audit   'string.prototype.includes': [ '2.0.1' ],
101 silly audit   'string.prototype.matchall': [ '4.0.12' ],
101 silly audit   'string.prototype.repeat': [ '1.0.0' ],
101 silly audit   'string.prototype.trim': [ '1.2.10' ],
101 silly audit   'string.prototype.trimend': [ '1.0.9' ],
101 silly audit   'string.prototype.trimstart': [ '1.0.8' ],
101 silly audit   'strip-bom': [ '3.0.0' ],
101 silly audit   'strip-json-comments': [ '3.1.1' ],
101 silly audit   'styled-jsx': [ '5.1.1' ],
101 silly audit   sucrase: [ '3.35.1' ],
101 silly audit   'supports-color': [ '7.2.0' ],
101 silly audit   'supports-preserve-symlinks-flag': [ '1.0.0' ],
101 silly audit   tailwindcss: [ '3.4.19' ],
101 silly audit   'text-table': [ '0.2.0' ],
101 silly audit   thenify: [ '3.3.1' ],
101 silly audit   'thenify-all': [ '1.6.0' ],
101 silly audit   tinyglobby: [ '0.2.16' ],
101 silly audit   fdir: [ '6.5.0' ],
101 silly audit   'to-regex-range': [ '5.0.1' ],
101 silly audit   'ts-api-utils': [ '2.5.0' ],
101 silly audit   'ts-interface-checker': [ '0.1.13' ],
101 silly audit   'tsconfig-paths': [ '3.15.0' ],
101 silly audit   tslib: [ '2.8.1' ],
101 silly audit   'type-check': [ '0.4.0' ],
101 silly audit   'type-fest': [ '0.20.2' ],
101 silly audit   'typed-array-buffer': [ '1.0.3' ],
101 silly audit   'typed-array-byte-length': [ '1.0.3' ],
101 silly audit   'typed-array-byte-offset': [ '1.0.4' ],
101 silly audit   'typed-array-length': [ '1.0.7' ],
101 silly audit   typescript: [ '5.9.3' ],
101 silly audit   'unbox-primitive': [ '1.1.0' ],
101 silly audit   'undici-types': [ '6.21.0' ],
101 silly audit   'unrs-resolver': [ '1.11.1' ],
101 silly audit   'uri-js': [ '4.4.1' ],
101 silly audit   'util-deprecate': [ '1.0.2' ],
101 silly audit   which: [ '2.0.2' ],
101 silly audit   'which-boxed-primitive': [ '1.1.1' ],
101 silly audit   'which-builtin-type': [ '1.2.1' ],
101 silly audit   'which-collection': [ '1.0.2' ],
101 silly audit   'which-typed-array': [ '1.1.20' ],
101 silly audit   'word-wrap': [ '1.2.5' ],
101 silly audit   'wrap-ansi': [ '8.1.0', '7.0.0' ],
101 silly audit   wrappy: [ '1.0.2' ],
101 silly audit   'yocto-queue': [ '0.1.0' ],
101 silly audit   '@prisma/client': [ '7.8.0' ],
101 silly audit   clsx: [ '2.1.1' ],
101 silly audit   'framer-motion': [ '12.38.0' ],
101 silly audit   'lucide-react': [ '1.14.0' ],
101 silly audit   'tailwind-merge': [ '3.5.0' ],
101 silly audit   zod: [ '4.4.3' ],
101 silly audit   zustand: [ '5.0.12' ],
101 silly audit   '@prisma/client-runtime-utils': [ '7.8.0' ],
101 silly audit   'motion-dom': [ '12.38.0' ],
101 silly audit   'motion-utils': [ '12.36.0' ]
101 silly audit }
102 http cache motion-utils@https://registry.npmjs.org/motion-utils/-/motion-utils-12.36.0.tgz 0ms (cache hit)
103 http cache motion-dom@https://registry.npmjs.org/motion-dom/-/motion-dom-12.38.0.tgz 0ms (cache hit)
104 http cache @prisma/client-runtime-utils@https://registry.npmjs.org/@prisma/client-runtime-utils/-/client-runtime-utils-7.8.0.tgz 0ms (cache hit)
105 http cache zustand@https://registry.npmjs.org/zustand/-/zustand-5.0.12.tgz 0ms (cache hit)
106 http cache zod@https://registry.npmjs.org/zod/-/zod-4.4.3.tgz 0ms (cache hit)
107 http cache tailwind-merge@https://registry.npmjs.org/tailwind-merge/-/tailwind-merge-3.5.0.tgz 0ms (cache hit)
108 http cache lucide-react@https://registry.npmjs.org/lucide-react/-/lucide-react-1.14.0.tgz 0ms (cache hit)
109 http cache framer-motion@https://registry.npmjs.org/framer-motion/-/framer-motion-12.38.0.tgz 0ms (cache hit)
110 http cache clsx@https://registry.npmjs.org/clsx/-/clsx-2.1.1.tgz 0ms (cache hit)
111 silly tarball no local data for motion-utils@https://registry.npmjs.org/motion-utils/-/motion-utils-12.36.0.tgz. Extracting by manifest.
112 silly tarball no local data for motion-dom@https://registry.npmjs.org/motion-dom/-/motion-dom-12.38.0.tgz. Extracting by manifest.
113 silly tarball no local data for @prisma/client-runtime-utils@https://registry.npmjs.org/@prisma/client-runtime-utils/-/client-runtime-utils-7.8.0.tgz. Extracting by manifest.
114 silly tarball no local data for zustand@https://registry.npmjs.org/zustand/-/zustand-5.0.12.tgz. Extracting by manifest.
115 silly tarball no local data for zod@https://registry.npmjs.org/zod/-/zod-4.4.3.tgz. Extracting by manifest.
116 silly tarball no local data for tailwind-merge@https://registry.npmjs.org/tailwind-merge/-/tailwind-merge-3.5.0.tgz. Extracting by manifest.
117 silly tarball no local data for lucide-react@https://registry.npmjs.org/lucide-react/-/lucide-react-1.14.0.tgz. Extracting by manifest.
118 silly tarball no local data for framer-motion@https://registry.npmjs.org/framer-motion/-/framer-motion-12.38.0.tgz. Extracting by manifest.
119 silly tarball no local data for clsx@https://registry.npmjs.org/clsx/-/clsx-2.1.1.tgz. Extracting by manifest.
120 http cache @prisma/client@https://registry.npmjs.org/@prisma/client/-/client-7.8.0.tgz 0ms (cache hit)
121 silly tarball no local data for @prisma/client@https://registry.npmjs.org/@prisma/client/-/client-7.8.0.tgz. Extracting by manifest.
122 http fetch POST 200 https://registry.npmjs.org/-/npm/v1/security/advisories/bulk 246ms
123 silly audit report {
123 silly audit report   glob: [
123 silly audit report     {
123 silly audit report       id: 1109842,
123 silly audit report       url: 'https://github.com/advisories/GHSA-5j98-mcp5-4vw2',
123 silly audit report       title: 'glob CLI: Command injection via -c/--cmd executes matches with shell:true',
123 silly audit report       severity: 'high',
123 silly audit report       vulnerable_versions: '>=10.2.0 <10.5.0',
123 silly audit report       cwe: [Array],
123 silly audit report       cvss: [Object]
123 silly audit report     }
123 silly audit report   ],
123 silly audit report   next: [
123 silly audit report     {
123 silly audit report       id: 1112593,
123 silly audit report       url: 'https://github.com/advisories/GHSA-9g9p-9gw9-jx7f',
123 silly audit report       title: 'Next.js self-hosted applications vulnerable to DoS via Image Optimizer remotePatterns configuration',
123 silly audit report       severity: 'moderate',
123 silly audit report       vulnerable_versions: '>=10.0.0 <15.5.10',
123 silly audit report       cwe: [Array],
123 silly audit report       cvss: [Object]
123 silly audit report     },
123 silly audit report     {
123 silly audit report       id: 1112653,
123 silly audit report       url: 'https://github.com/advisories/GHSA-h25m-26qc-wcjf',
123 silly audit report       title: 'Next.js HTTP request deserialization can lead to DoS when using insecure React Server Components',
123 silly audit report       severity: 'high',
123 silly audit report       vulnerable_versions: '>=13.0.0 <15.0.8',
123 silly audit report       cwe: [Array],
123 silly audit report       cvss: [Object]
123 silly audit report     },
123 silly audit report     {
123 silly audit report       id: 1114897,
123 silly audit report       url: 'https://github.com/advisories/GHSA-ggv3-7p47-pfv8',
123 silly audit report       title: 'Next.js: HTTP request smuggling in rewrites',
123 silly audit report       severity: 'moderate',
123 silly audit report       vulnerable_versions: '>=9.5.0 <15.5.13',
123 silly audit report       cwe: [Array],
123 silly audit report       cvss: [Object]
123 silly audit report     },
123 silly audit report     {
123 silly audit report       id: 1114940,
123 silly audit report       url: 'https://github.com/advisories/GHSA-3x4c-7xq6-9pq8',
123 silly audit report       title: 'Next.js: Unbounded next/image disk cache growth can exhaust storage',
123 silly audit report       severity: 'moderate',
123 silly audit report       vulnerable_versions: '>=10.0.0 <15.5.14',
123 silly audit report       cwe: [Array],
123 silly audit report       cvss: [Object]
123 silly audit report     },
123 silly audit report     {
123 silly audit report       id: 1116376,
123 silly audit report       url: 'https://github.com/advisories/GHSA-q4gf-8mx6-v5v3',
123 silly audit report       title: 'Next.js has a Denial of Service with Server Components',
123 silly audit report       severity: 'high',
123 silly audit report       vulnerable_versions: '>=13.0.0 <15.5.15',
123 silly audit report       cwe: [Array],
123 silly audit report       cvss: [Object]
123 silly audit report     }
123 silly audit report   ],
123 silly audit report   postcss: [
123 silly audit report     {
123 silly audit report       id: 1117015,
123 silly audit report       url: 'https://github.com/advisories/GHSA-qx2v-qp2m-jg93',
123 silly audit report       title: 'PostCSS has XSS via Unescaped </style> in its CSS Stringify Output',
123 silly audit report       severity: 'moderate',
123 silly audit report       vulnerable_versions: '<8.5.10',
123 silly audit report       cwe: [Array],
123 silly audit report       cvss: [Object]
123 silly audit report     }
123 silly audit report   ]
123 silly audit report }
124 silly packumentCache corgi:https://registry.npmjs.org/glob cache-miss
125 silly packumentCache corgi:https://registry.npmjs.org/next cache-miss
126 silly packumentCache corgi:https://registry.npmjs.org/postcss cache-miss
127 http cache https://registry.npmjs.org/glob 65ms (cache hit)
128 silly packumentCache corgi:https://registry.npmjs.org/glob set size:199194 disposed:false
129 http cache https://registry.npmjs.org/postcss 70ms (cache hit)
130 silly packumentCache corgi:https://registry.npmjs.org/postcss set size:343029 disposed:false
131 http cache https://registry.npmjs.org/next 178ms (cache hit)
132 silly packumentCache corgi:https://registry.npmjs.org/next set size:24842227 disposed:false
133 silly packumentCache corgi:https://registry.npmjs.org/@next%2feslint-plugin-next cache-miss
134 http cache https://registry.npmjs.org/@next%2feslint-plugin-next 122ms (cache hit)
135 silly packumentCache corgi:https://registry.npmjs.org/@next%2feslint-plugin-next set size:3206329 disposed:false
136 silly packumentCache corgi:https://registry.npmjs.org/eslint-config-next cache-miss
137 http cache https://registry.npmjs.org/eslint-config-next 80ms (cache hit)
138 silly packumentCache corgi:https://registry.npmjs.org/eslint-config-next set size:3858039 disposed:false
139 http fetch GET 200 https://registry.npmjs.org/clsx/-/clsx-2.1.1.tgz 2234ms (cache miss)
140 http fetch GET 200 https://registry.npmjs.org/@prisma/client-runtime-utils/-/client-runtime-utils-7.8.0.tgz 2475ms (cache miss)
141 http fetch GET 200 https://registry.npmjs.org/zustand/-/zustand-5.0.12.tgz 2765ms (cache miss)
142 http fetch GET 200 https://registry.npmjs.org/tailwind-merge/-/tailwind-merge-3.5.0.tgz 2823ms (cache miss)
143 http fetch GET 200 https://registry.npmjs.org/motion-utils/-/motion-utils-12.36.0.tgz 2984ms (cache miss)
144 http fetch GET 200 https://registry.npmjs.org/framer-motion/-/framer-motion-12.38.0.tgz 6005ms (cache miss)
145 http fetch GET 200 https://registry.npmjs.org/motion-dom/-/motion-dom-12.38.0.tgz 6492ms (cache miss)
146 http fetch GET 200 https://registry.npmjs.org/zod/-/zod-4.4.3.tgz 7901ms (cache miss)
147 http fetch GET 200 https://registry.npmjs.org/@prisma/client/-/client-7.8.0.tgz 8264ms (cache miss)
148 http fetch GET 200 https://registry.npmjs.org/lucide-react/-/lucide-react-1.14.0.tgz 20045ms (cache miss)
149 silly ADD node_modules/motion-utils
150 silly ADD node_modules/motion-dom
151 silly ADD node_modules/@prisma/client-runtime-utils
152 silly ADD node_modules/zustand
153 silly ADD node_modules/zod
154 silly ADD node_modules/tailwind-merge
155 silly ADD node_modules/lucide-react
156 silly ADD node_modules/framer-motion
157 silly ADD node_modules/clsx
158 silly ADD node_modules/@prisma/client
159 verbose cwd C:\Users\Administrator\OneDrive - Innlandet fylkeskommune\Skrivebord\Case Battle\Case-Battle
160 verbose os Windows_NT 10.0.26100
161 verbose node v24.13.0
162 verbose npm  v11.6.2
163 verbose exit 0
164 info ok
